$ date -R
Wed, 25 May 2016 09:29:19 +1000
$ git checkout master
Already on 'master'
$ git reset --hard stable
HEAD is now at 1d6da87a3241 Merge branch 'drm-next' of git://people.freedesktop.org/~airlied/linux
Merging origin/master (28165ec7a99b Merge tag 'armsoc-fixes' of git://git.kernel.org/pub/scm/linux/kernel/git/arm/arm-soc)
$ git merge origin/master
Updating 1d6da87a3241..28165ec7a99b
Fast-forward
 .../omap-gpmc.txt}                                 |  17 +
 .../devicetree/bindings/mtd/brcm,brcmnand.txt      |   1 +
 .../devicetree/bindings/mtd/gpmc-nand.txt          |  19 +-
 Documentation/devicetree/bindings/mtd/nand.txt     |  45 +-
 .../bindings/spi/microchip,spi-pic32.txt           |  34 +
 .../devicetree/bindings/spi/spi-fsl-dspi.txt       |   3 +-
 .../devicetree/bindings/spi/sqi-pic32.txt          |  18 +
 Documentation/filesystems/nilfs2.txt               |   5 +
 Documentation/gdb-kernel-debugging.txt             |  21 +
 Documentation/kdump/gdbmacros.txt                  |  96 ++-
 Kbuild                                             |  10 +
 MAINTAINERS                                        |  14 +
 arch/arc/include/uapi/asm/unistd.h                 |   1 +
 arch/arm/boot/dts/Makefile                         |   1 +
 arch/arm/boot/dts/exynos3250-monk.dts              |  47 +-
 arch/arm/boot/dts/exynos3250-rinato.dts            |  88 ++-
 arch/arm/boot/dts/exynos3250.dtsi                  | 181 +++++
 arch/arm/boot/dts/exynos4210.dtsi                  | 159 ++++
 arch/arm/boot/dts/exynos4412-odroid-common.dtsi    |  56 +-
 arch/arm/boot/dts/exynos4412-ppmu-common.dtsi      |  50 ++
 arch/arm/boot/dts/exynos4412-trats2.dts            |  88 ++-
 arch/arm/boot/dts/exynos4x12.dtsi                  | 174 ++++
 arch/arm/boot/dts/exynos5420.dtsi                  | 407 ++++++++++
 arch/arm/boot/dts/exynos5422-odroidxu3-common.dtsi |  99 +++
 arch/arm/boot/dts/imx7d-nitrogen7.dts              | 745 +++++++++++++++++
 arch/arm/boot/dts/imx7d.dtsi                       |  31 +
 arch/arm/boot/dts/r8a7779.dtsi                     |  54 +-
 arch/arm/boot/dts/r8a7790.dtsi                     | 155 ++--
 arch/arm/boot/dts/r8a7791.dtsi                     | 156 ++--
 arch/arm/boot/dts/r8a7793.dtsi                     | 111 +--
 arch/arm/boot/dts/r8a7794.dtsi                     | 116 +--
 arch/arm/boot/dts/tegra124-jetson-tk1.dts          | 116 ++-
 arch/arm/boot/dts/tegra124-nyan.dtsi               | 122 ++-
 arch/arm/boot/dts/tegra124-venice2.dts             | 101 ++-
 arch/arm/boot/dts/tegra124.dtsi                    | 167 +++-
 arch/arm/boot/dts/vf-colibri-eval-v3.dtsi          |  16 +
 arch/arm/boot/dts/vf-colibri.dtsi                  |  33 +
 arch/arm/boot/dts/vfxxx.dtsi                       |  19 +
 arch/arm/configs/bcm_defconfig                     |   1 -
 arch/arm/configs/zx_defconfig                      |   1 -
 arch/arm/kernel/process.c                          |   3 +-
 arch/arm/mach-lpc32xx/Makefile                     |   2 +-
 arch/arm/mach-lpc32xx/include/mach/irqs.h          |   2 +-
 arch/arm/mach-lpc32xx/irq.c                        | 477 -----------
 arch/arm/mach-omap2/gpmc-nand.c                    |   7 +-
 arch/arm/mach-pxa/Kconfig                          |   2 +
 arch/arm/mach-pxa/eseries.c                        |   2 +-
 arch/arm/mach-pxa/spitz.c                          |  55 +-
 arch/arm64/boot/dts/renesas/r8a7795.dtsi           | 123 +--
 arch/arm64/include/uapi/asm/unistd.h               |   3 +
 arch/arm64/kernel/vdso.c                           |   6 +-
 arch/c6x/include/uapi/asm/unistd.h                 |   1 +
 arch/cris/arch-v32/drivers/mach-a3/nandflash.c     |   1 +
 arch/cris/arch-v32/drivers/mach-fs/nandflash.c     |   1 +
 arch/h8300/include/uapi/asm/unistd.h               |   2 +
 arch/hexagon/include/uapi/asm/unistd.h             |   1 +
 arch/hexagon/kernel/vdso.c                         |   3 +-
 arch/m32r/kernel/smp.c                             |   1 +
 arch/metag/include/uapi/asm/unistd.h               |   2 +
 arch/microblaze/include/asm/unistd.h               |   2 +-
 arch/microblaze/include/uapi/asm/unistd.h          |   3 +
 arch/microblaze/kernel/syscall_table.S             |   3 +
 arch/microblaze/pci/pci-common.c                   |   2 +
 arch/mips/Kconfig                                  |   1 +
 arch/mips/configs/db1xxx_defconfig                 |   1 -
 arch/mips/configs/loongson3_defconfig              |   1 -
 arch/mips/include/asm/mach-jz4740/jz4740_nand.h    |   2 +-
 arch/mips/jz4740/board-qi_lb60.c                   |  87 +-
 arch/mips/kernel/vdso.c                            |   3 +-
 arch/mn10300/configs/asb2364_defconfig             |   1 -
 arch/nios2/Makefile                                |   4 +-
 arch/nios2/include/uapi/asm/unistd.h               |   2 +
 arch/openrisc/include/uapi/asm/unistd.h            |   1 +
 arch/powerpc/boot/dts/canyonlands.dts              |  15 +-
 arch/powerpc/kernel/vdso.c                         |   3 +-
 arch/s390/kernel/machine_kexec.c                   |  28 +-
 arch/s390/kernel/vdso.c                            |   3 +-
 arch/score/include/uapi/asm/unistd.h               |   1 +
 arch/sh/configs/apsh4ad0a_defconfig                |   1 -
 arch/sh/configs/sdk7786_defconfig                  |   1 -
 arch/sh/configs/se7206_defconfig                   |   1 -
 arch/sh/configs/shx3_defconfig                     |   1 -
 arch/sh/configs/urquell_defconfig                  |   1 -
 arch/sh/kernel/vsyscall/vsyscall.c                 |   4 +-
 arch/tile/Kconfig                                  |  71 +-
 arch/tile/configs/tilegx_defconfig                 |   2 -
 arch/tile/configs/tilepro_defconfig                |   2 -
 arch/tile/gxio/mpipe.c                             |   2 +-
 arch/tile/include/asm/atomic_64.h                  |  17 +-
 arch/tile/include/uapi/asm/unistd.h                |   1 +
 arch/tile/kernel/pci_gx.c                          |   4 +-
 arch/tile/kernel/unaligned.c                       |   4 +-
 arch/um/configs/i386_defconfig                     |   1 -
 arch/um/configs/x86_64_defconfig                   |   1 -
 arch/unicore32/include/uapi/asm/unistd.h           |   2 +
 arch/x86/configs/i386_defconfig                    |   1 -
 arch/x86/configs/x86_64_defconfig                  |   1 -
 arch/x86/entry/vdso/vma.c                          |   3 +-
 arch/x86/ia32/ia32_aout.c                          |  22 +-
 arch/x86/kernel/machine_kexec_64.c                 |  45 ++
 arch/x86/pci/xen.c                                 |   7 +-
 arch/x86/um/vdso/vma.c                             |   3 +-
 arch/x86/xen/setup.c                               |  65 +-
 arch/x86/xen/time.c                                |   6 +-
 arch/xtensa/configs/generic_kc705_defconfig        |   1 -
 arch/xtensa/configs/smp_lx200_defconfig            |   1 -
 crypto/asymmetric_keys/pkcs7_key_type.c            |   2 +-
 drivers/ata/Kconfig                                |  13 +-
 drivers/ata/libata-core.c                          | 215 ++++-
 drivers/ata/libata-eh.c                            | 113 ++-
 drivers/ata/libata-scsi.c                          | 752 ++++++++++++++----
 drivers/ata/libata-trace.c                         |  72 ++
 drivers/ata/libata.h                               |   8 +-
 drivers/ata/sata_dwc_460ex.c                       | 552 ++++++-------
 drivers/bcma/driver_chipcommon_sflash.c            |   1 -
 drivers/gpu/drm/amd/amdgpu/amdgpu_mn.c             |   5 +-
 drivers/gpu/drm/i915/i915_gem.c                    |   5 +-
 drivers/gpu/drm/radeon/radeon_mn.c                 |   4 +-
 drivers/memory/Kconfig                             |   1 +
 drivers/memory/fsl_ifc.c                           |  36 +-
 drivers/memory/omap-gpmc.c                         | 657 +++++++++------
 drivers/memstick/core/mspro_block.c                |   3 +-
 drivers/memstick/host/rtsx_usb_ms.c                |   2 +-
 drivers/mtd/chips/Kconfig                          |   1 +
 drivers/mtd/devices/bcm47xxsflash.c                |  29 +-
 drivers/mtd/devices/bcm47xxsflash.h                |   3 +-
 drivers/mtd/devices/docg3.c                        |  46 +-
 drivers/mtd/devices/m25p80.c                       |  22 +
 drivers/mtd/devices/pmc551.c                       |   2 +-
 drivers/mtd/maps/ck804xrom.c                       |   4 +-
 drivers/mtd/maps/esb2rom.c                         |   4 +-
 drivers/mtd/maps/ichxrom.c                         |   4 +-
 drivers/mtd/maps/uclinux.c                         |  27 +-
 drivers/mtd/mtdchar.c                              | 123 ++-
 drivers/mtd/mtdconcat.c                            |   2 +-
 drivers/mtd/mtdcore.c                              | 360 +++++++++
 drivers/mtd/mtdpart.c                              |  23 +-
 drivers/mtd/nand/ams-delta.c                       |   1 +
 drivers/mtd/nand/atmel_nand.c                      | 315 ++++----
 drivers/mtd/nand/au1550nd.c                        |   1 +
 drivers/mtd/nand/bf5xx_nand.c                      |  52 +-
 drivers/mtd/nand/brcmnand/brcmnand.c               | 290 ++++---
 drivers/mtd/nand/cafe_nand.c                       |  44 +-
 drivers/mtd/nand/cmx270_nand.c                     |   1 +
 drivers/mtd/nand/davinci_nand.c                    | 210 +++--
 drivers/mtd/nand/denali.c                          |  50 +-
 drivers/mtd/nand/diskonchip.c                      |  60 +-
 drivers/mtd/nand/docg4.c                           |  33 +-
 drivers/mtd/nand/fsl_elbc_nand.c                   |  84 +-
 drivers/mtd/nand/fsl_ifc_nand.c                    | 317 +++-----
 drivers/mtd/nand/fsl_upm.c                         |   1 +
 drivers/mtd/nand/fsmc_nand.c                       | 332 ++------
 drivers/mtd/nand/gpio.c                            |   1 +
 drivers/mtd/nand/gpmi-nand/gpmi-nand.c             | 161 +++-
 drivers/mtd/nand/hisi504_nand.c                    |  40 +-
 drivers/mtd/nand/jz4740_nand.c                     |   3 +-
 drivers/mtd/nand/jz4780_bch.c                      |   1 -
 drivers/mtd/nand/jz4780_nand.c                     |  21 +-
 drivers/mtd/nand/lpc32xx_mlc.c                     |  51 +-
 drivers/mtd/nand/lpc32xx_slc.c                     |  83 +-
 drivers/mtd/nand/mpc5121_nfc.c                     |   1 +
 drivers/mtd/nand/mxc_nand.c                        | 257 +++---
 drivers/mtd/nand/nand_base.c                       | 637 +++++++++------
 drivers/mtd/nand/nand_bch.c                        |  48 +-
 drivers/mtd/nand/nandsim.c                         |  10 +-
 drivers/mtd/nand/nuc900_nand.c                     |   1 +
 drivers/mtd/nand/omap2.c                           | 448 +++++++----
 drivers/mtd/nand/orion_nand.c                      |   1 +
 drivers/mtd/nand/pasemi_nand.c                     |  16 +-
 drivers/mtd/nand/plat_nand.c                       |   1 +
 drivers/mtd/nand/pxa3xx_nand.c                     | 132 ++--
 drivers/mtd/nand/qcom_nandc.c                      |  88 +--
 drivers/mtd/nand/s3c2410.c                         |  36 +-
 drivers/mtd/nand/sh_flctl.c                        | 115 ++-
 drivers/mtd/nand/sharpsl.c                         |   2 +-
 drivers/mtd/nand/sm_common.c                       |  93 ++-
 drivers/mtd/nand/socrates_nand.c                   |   1 +
 drivers/mtd/nand/sunxi_nand.c                      | 600 +++++++++-----
 drivers/mtd/nand/vf610_nfc.c                       |  35 +-
 drivers/mtd/onenand/onenand_base.c                 | 235 +++---
 drivers/mtd/spi-nor/spi-nor.c                      |   1 +
 drivers/of/Makefile                                |   1 -
 drivers/of/of_mtd.c                                | 119 ---
 drivers/scsi/hisi_sas/hisi_sas_v2_hw.c             |   3 +
 drivers/scsi/isci/request.c                        |   5 +-
 drivers/scsi/libsas/sas_ata.c                      |   7 +-
 drivers/scsi/mvsas/mv_sas.c                        |   5 +-
 drivers/scsi/pm8001/pm8001_sas.c                   |   5 +-
 drivers/scsi/scsi_common.c                         |  53 ++
 drivers/scsi/scsi_error.c                          |   3 +-
 drivers/soc/mediatek/mtk-pmic-wrap.c               |   6 +-
 drivers/spi/Kconfig                                |  21 +-
 drivers/spi/Makefile                               |   2 +
 drivers/spi/spi-axi-spi-engine.c                   |   1 -
 drivers/spi/spi-bcm53xx.c                          |  78 +-
 drivers/spi/spi-cadence.c                          | 244 +++---
 drivers/spi/spi-davinci.c                          |  76 +-
 drivers/spi/spi-dln2.c                             |   2 +
 drivers/spi/spi-dw-pci.c                           |   2 +-
 drivers/spi/spi-fsl-dspi.c                         |   7 +
 drivers/spi/spi-fsl-espi.c                         |  30 +-
 drivers/spi/spi-octeon.c                           |  17 +-
 drivers/spi/spi-omap2-mcspi.c                      |  83 +-
 drivers/spi/spi-pic32-sqi.c                        | 727 +++++++++++++++++
 drivers/spi/spi-pic32.c                            | 878 +++++++++++++++++++++
 drivers/spi/spi-pxa2xx-dma.c                       |  28 +-
 drivers/spi/spi-pxa2xx-pci.c                       |   4 +-
 drivers/spi/spi-pxa2xx.c                           |  15 +-
 drivers/spi/spi-pxa2xx.h                           |   3 -
 drivers/spi/spi-qup.c                              |  15 +
 drivers/spi/spi-rockchip.c                         |   9 +-
 drivers/spi/spi-st-ssc4.c                          |   8 +-
 drivers/spi/spi-zynqmp-gqspi.c                     |   3 +-
 drivers/spi/spi.c                                  |   7 +-
 drivers/staging/mt29f_spinand/mt29f_spinand.c      |  49 +-
 drivers/virtio/virtio_balloon.c                    |  20 +-
 drivers/xen/Makefile                               |   1 +
 drivers/xen/events/events_base.c                   |   6 +-
 drivers/xen/gntdev.c                               |   2 +-
 fs/Kconfig.binfmt                                  |   8 +
 fs/aio.c                                           |   7 +-
 fs/befs/datastream.c                               |   8 +-
 fs/befs/io.c                                       |   4 +-
 fs/befs/linuxvfs.c                                 |   8 +-
 fs/binfmt_aout.c                                   |  11 +-
 fs/binfmt_elf.c                                    |   7 +-
 fs/compat.c                                        |   4 +
 fs/coredump.c                                      |   4 +-
 fs/dax.c                                           |   2 +-
 fs/exec.c                                          |  17 +-
 fs/ext4/balloc.c                                   |   3 +-
 fs/ext4/dir.c                                      |   5 +
 fs/ext4/ext4.h                                     |  20 +-
 fs/ext4/ext4_jbd2.h                                |  15 +-
 fs/ext4/extents.c                                  |  20 +-
 fs/ext4/extents_status.c                           |   2 +-
 fs/ext4/file.c                                     |   6 +-
 fs/ext4/ialloc.c                                   |  59 +-
 fs/ext4/indirect.c                                 | 127 ---
 fs/ext4/inline.c                                   |   2 +-
 fs/ext4/inode.c                                    | 323 +++++---
 fs/ext4/ioctl.c                                    |   2 +-
 fs/ext4/mballoc.c                                  |  12 +-
 fs/ext4/mmp.c                                      |   4 +-
 fs/ext4/move_extent.c                              |   2 +-
 fs/ext4/namei.c                                    |   9 +-
 fs/ext4/page-io.c                                  |   2 -
 fs/ext4/resize.c                                   |   2 +-
 fs/ext4/super.c                                    |   4 +
 fs/jbd2/commit.c                                   |   4 +
 fs/jbd2/journal.c                                  |   3 +-
 fs/jbd2/transaction.c                              |  22 +-
 fs/nfsd/nfs3xdr.c                                  |   2 +-
 fs/nfsd/nfs4layouts.c                              |   2 +-
 fs/nfsd/nfs4state.c                                |   8 +-
 fs/nfsd/state.h                                    |   5 +
 fs/nilfs2/alloc.c                                  |  39 +-
 fs/nilfs2/alloc.h                                  |  11 +-
 fs/nilfs2/bmap.c                                   |  10 +-
 fs/nilfs2/bmap.h                                   |  22 +-
 fs/nilfs2/btnode.c                                 |   9 +-
 fs/nilfs2/btnode.h                                 |   8 +-
 fs/nilfs2/btree.c                                  |  21 +-
 fs/nilfs2/btree.h                                  |   6 +-
 fs/nilfs2/cpfile.c                                 |  22 +-
 fs/nilfs2/cpfile.h                                 |  10 +-
 fs/nilfs2/dat.c                                    |   8 +-
 fs/nilfs2/dat.h                                    |   8 +-
 fs/nilfs2/dir.c                                    |  59 +-
 fs/nilfs2/direct.c                                 |  17 +-
 fs/nilfs2/direct.h                                 |   6 +-
 fs/nilfs2/export.h                                 |   2 +-
 fs/nilfs2/file.c                                   |   7 +-
 fs/nilfs2/gcinode.c                                |   9 +-
 fs/nilfs2/ifile.c                                  |  14 +-
 fs/nilfs2/ifile.h                                  |   9 +-
 fs/nilfs2/inode.c                                  | 105 +--
 fs/nilfs2/ioctl.c                                  |  17 +-
 fs/nilfs2/mdt.c                                    |  63 +-
 fs/nilfs2/mdt.h                                    |  21 +-
 fs/nilfs2/namei.c                                  |  12 +-
 fs/nilfs2/nilfs.h                                  |  33 +-
 fs/nilfs2/page.c                                   |  15 +-
 fs/nilfs2/page.h                                   |  10 +-
 fs/nilfs2/recovery.c                               |  25 +-
 fs/nilfs2/segbuf.c                                 |  10 +-
 fs/nilfs2/segbuf.h                                 |  11 +-
 fs/nilfs2/segment.c                                | 125 +--
 fs/nilfs2/segment.h                                |  44 +-
 fs/nilfs2/sufile.c                                 |  14 +-
 fs/nilfs2/sufile.h                                 |  10 +-
 fs/nilfs2/super.c                                  |  21 +-
 fs/nilfs2/sysfs.c                                  |  10 +-
 fs/nilfs2/sysfs.h                                  |   6 +-
 fs/nilfs2/the_nilfs.c                              |  16 +-
 fs/nilfs2/the_nilfs.h                              |  27 +-
 fs/ocfs2/journal.h                                 |   2 +-
 fs/proc/task_mmu.c                                 |  11 +-
 fs/readdir.c                                       |   4 +
 include/linux/ata.h                                |  72 +-
 include/linux/bcma/bcma_driver_chipcommon.h        |   1 -
 include/linux/fsl_ifc.h                            |  45 +-
 include/linux/jbd2.h                               |  16 +-
 include/linux/kexec.h                              |   4 +-
 include/linux/libata.h                             |  35 +-
 include/linux/mm.h                                 |   4 +-
 include/linux/mtd/fsmc.h                           |  18 -
 include/linux/mtd/map.h                            |  19 +-
 include/linux/mtd/mtd.h                            |  63 +-
 include/linux/mtd/nand.h                           |  28 +-
 include/linux/mtd/onenand.h                        |   2 -
 include/linux/mtd/sharpsl.h                        |   2 +-
 include/linux/mtd/spi-nor.h                        |   1 +
 include/linux/nilfs2_fs.h                          |  79 +-
 include/linux/of_mtd.h                             |  50 --
 include/linux/omap-gpmc.h                          | 172 +---
 include/linux/oom.h                                |   9 +-
 include/linux/platform_data/gpmc-omap.h            | 172 ++++
 include/linux/platform_data/mtd-nand-omap2.h       |  12 +-
 include/linux/sched.h                              |   6 +-
 include/linux/signal.h                             |  16 +-
 include/linux/spi/spi.h                            |   6 +-
 include/linux/sunrpc/svc_rdma.h                    |   2 +-
 include/linux/types.h                              |   1 -
 include/scsi/scsi_common.h                         |   1 +
 include/scsi/scsi_eh.h                             |   1 +
 include/trace/events/libata.h                      |  10 +-
 include/uapi/asm-generic/unistd.h                  |   3 +
 include/uapi/mtd/mtd-abi.h                         |   2 +-
 ipc/shm.c                                          |   9 +-
 kernel/Makefile                                    |   4 +-
 kernel/events/uprobes.c                            |   7 +-
 kernel/exit.c                                      |  32 +-
 kernel/fork.c                                      |  21 +-
 kernel/kexec.c                                     | 109 +--
 kernel/kexec_core.c                                |   9 +-
 kernel/kexec_file.c                                |   8 +-
 kernel/locking/percpu-rwsem.c                      |   1 +
 kernel/signal.c                                    |  10 +-
 kernel/sys.c                                       |   3 +-
 lib/Kconfig.kgdb                                   |   2 +-
 mm/internal.h                                      |   2 +-
 mm/madvise.c                                       |   8 +-
 mm/memcontrol.c                                    |   2 +-
 mm/mlock.c                                         |  16 +-
 mm/mmap.c                                          |  24 +-
 mm/mprotect.c                                      |   3 +-
 mm/mremap.c                                        |   3 +-
 mm/util.c                                          |   3 +-
 net/sunrpc/auth_gss/svcauth_gss.c                  |   9 +-
 net/sunrpc/svc_xprt.c                              |  23 +-
 net/sunrpc/xprtrdma/svc_rdma_marshal.c             |  32 +-
 net/sunrpc/xprtrdma/svc_rdma_recvfrom.c            |  34 +-
 net/sunrpc/xprtrdma/svc_rdma_sendto.c              |  28 +-
 net/sunrpc/xprtrdma/svc_rdma_transport.c           |  17 +-
 scripts/gdb/linux/Makefile                         |  12 +-
 scripts/gdb/linux/constants.py.in                  |  59 ++
 scripts/gdb/linux/cpus.py                          |  38 +
 scripts/gdb/linux/dmesg.py                         |  11 +-
 scripts/gdb/linux/lists.py                         |  21 +
 scripts/gdb/linux/modules.py                       |  24 +-
 scripts/gdb/linux/proc.py                          | 156 ++++
 scripts/gdb/linux/radixtree.py                     |  97 +++
 scripts/gdb/linux/tasks.py                         |  19 +
 scripts/gdb/linux/utils.py                         |  32 +-
 scripts/gdb/vmlinux-gdb.py                         |   2 +
 tools/testing/selftests/ftrace/ftracetest          |   9 +-
 .../selftests/ftrace/test.d/event/event-pid.tc     |  72 ++
 .../ftrace/test.d/instances/instance-event.tc      |  15 +-
 tools/testing/selftests/intel_pstate/run.sh        |   2 +-
 tools/virtio/ringtest/Makefile                     |   5 +-
 tools/virtio/ringtest/main.c                       |   2 +-
 tools/virtio/ringtest/virtio_ring_0_9.c            |  49 +-
 tools/virtio/ringtest/virtio_ring_inorder.c        |   2 +
 374 files changed, 12877 insertions(+), 5927 deletions(-)
 rename Documentation/devicetree/bindings/{bus/ti-gpmc.txt => memory-controllers/omap-gpmc.txt} (89%)
 create mode 100644 Documentation/devicetree/bindings/spi/microchip,spi-pic32.txt
 create mode 100644 Documentation/devicetree/bindings/spi/sqi-pic32.txt
 create mode 100644 arch/arm/boot/dts/exynos4412-ppmu-common.dtsi
 create mode 100644 arch/arm/boot/dts/imx7d-nitrogen7.dts
 delete mode 100644 arch/arm/mach-lpc32xx/irq.c
 delete mode 100644 drivers/of/of_mtd.c
 create mode 100644 drivers/spi/spi-pic32-sqi.c
 create mode 100644 drivers/spi/spi-pic32.c
 delete mode 100644 include/linux/of_mtd.h
 create mode 100644 include/linux/platform_data/gpmc-omap.h
 create mode 100644 scripts/gdb/linux/constants.py.in
 create mode 100644 scripts/gdb/linux/radixtree.py
 create mode 100644 tools/testing/selftests/ftrace/test.d/event/event-pid.tc
 create mode 100644 tools/virtio/ringtest/virtio_ring_inorder.c
Merging fixes/master (b507146bb6b9 Merge branch 'linus' of git://git.kernel.org/pub/scm/linux/kernel/git/herbert/crypto-2.6)
$ git merge fixes/master
Already up-to-date.
Merging kbuild-current/rc-fixes (3d1450d54a4f Makefile: Force gzip and xz on module install)
$ git merge kbuild-current/rc-fixes
Already up-to-date.
Merging arc-current/for-curr (44549e8f5eea Linux 4.6-rc7)
$ git merge arc-current/for-curr
Already up-to-date.
Merging arm-current/fixes (ec953b70f368 ARM: 8573/1: domain: move {set,get}_domain under config guard)
$ git merge arm-current/fixes
Already up-to-date.
Merging m68k-current/for-linus (9a6462763b17 m68k/mvme16x: Include generic <linux/rtc.h>)
$ git merge m68k-current/for-linus
Already up-to-date.
Merging metag-fixes/fixes (0164a711c97b metag: Fix ioremap_wc/ioremap_cached build errors)
$ git merge metag-fixes/fixes
Already up-to-date.
Merging powerpc-fixes/fixes (b4c112114aab powerpc: Fix bad inline asm constraint in create_zero_mask())
$ git merge powerpc-fixes/fixes
Already up-to-date.
Merging powerpc-merge-mpe/fixes (bc0195aad0da Linux 4.2-rc2)
$ git merge powerpc-merge-mpe/fixes
Already up-to-date.
Merging sparc/master (1d6da87a3241 Merge branch 'drm-next' of git://people.freedesktop.org/~airlied/linux)
$ git merge sparc/master
Already up-to-date.
Merging net/master (a9efad8b24bd net_sched: avoid too many hrtimer_start() calls)
$ git merge net/master
Auto-merging MAINTAINERS
Merge made by the 'recursive' strategy.
 MAINTAINERS                                      |  1 +
 drivers/net/ethernet/hisilicon/hns/hns_ethtool.c | 11 -----------
 drivers/net/ethernet/qlogic/qed/qed_dcbx.c       |  3 ++-
 drivers/net/ethernet/qlogic/qlge/qlge_main.c     |  3 ++-
 drivers/net/usb/pegasus.c                        |  2 +-
 drivers/ptp/ptp_chardev.c                        | 11 +++--------
 include/net/pkt_sched.h                          |  1 +
 kernel/bpf/inode.c                               |  1 -
 net/atm/signaling.c                              |  2 +-
 net/atm/svc.c                                    |  4 ++--
 net/ipv4/af_inet.c                               |  8 ++++++++
 net/ipv4/sysctl_net_ipv4.c                       |  4 ----
 net/ipv6/ip6_gre.c                               |  3 +++
 net/sched/sch_api.c                              |  4 ++++
 net/sched/sch_htb.c                              | 13 +++----------
 15 files changed, 31 insertions(+), 40 deletions(-)
Merging ipsec/master (d6af1a31cc72 vti: Add pmtu handling to vti_xmit.)
$ git merge ipsec/master
Already up-to-date.
Merging ipvs/master (f28f20da704d Merge git://git.kernel.org/pub/scm/linux/kernel/git/davem/net)
$ git merge ipvs/master
Already up-to-date.
Merging wireless-drivers/master (cbbba30f1ac9 Merge tag 'iwlwifi-for-kalle-2016-05-04' of https://git.kernel.org/pub/scm/linux/kernel/git/iwlwifi/iwlwifi-fixes)
$ git merge wireless-drivers/master
Already up-to-date.
Merging mac80211/master (e6436be21e77 mac80211: fix statistics leak if dev_alloc_name() fails)
$ git merge mac80211/master
Already up-to-date.
Merging sound-current/for-linus (7d727869c7b8 ALSA: hda/realtek - Add support for ALC295/ALC3254)
$ git merge sound-current/for-linus
Merge made by the 'recursive' strategy.
 sound/pci/hda/patch_realtek.c | 13 ++++++++++++-
 1 file changed, 12 insertions(+), 1 deletion(-)
Merging pci-current/for-linus (9a2a5a638f8e PCI: Do not treat EPROBE_DEFER as device attach failure)
$ git merge pci-current/for-linus
Already up-to-date.
Merging driver-core.current/driver-core-linus (5469dc270cd4 Merge branch 'akpm' (patches from Andrew))
$ git merge driver-core.current/driver-core-linus
Already up-to-date.
Merging tty.current/tty-linus (5469dc270cd4 Merge branch 'akpm' (patches from Andrew))
$ git merge tty.current/tty-linus
Already up-to-date.
Merging usb.current/usb-linus (5469dc270cd4 Merge branch 'akpm' (patches from Andrew))
$ git merge usb.current/usb-linus
Already up-to-date.
Merging usb-gadget-fixes/fixes (38740a5b87d5 usb: gadget: f_fs: Fix use-after-free)
$ git merge usb-gadget-fixes/fixes
Already up-to-date.
Merging usb-serial-fixes/usb-linus (74d2a91aec97 USB: serial: option: add even more ZTE device ids)
$ git merge usb-serial-fixes/usb-linus
Already up-to-date.
Merging usb-chipidea-fixes/ci-for-usb-stable (d144dfea8af7 usb: chipidea: otg: change workqueue ci_otg as freezable)
$ git merge usb-chipidea-fixes/ci-for-usb-stable
Already up-to-date.
Merging staging.current/staging-linus (5469dc270cd4 Merge branch 'akpm' (patches from Andrew))
$ git merge staging.current/staging-linus
Already up-to-date.
Merging char-misc.current/char-misc-linus (5469dc270cd4 Merge branch 'akpm' (patches from Andrew))
$ git merge char-misc.current/char-misc-linus
Already up-to-date.
Merging input-current/for-linus (affa80bd97f7 Input: uinput - handle compat ioctl for UI_SET_PHYS)
$ git merge input-current/for-linus
Auto-merging drivers/input/misc/uinput.c
Merge made by the 'recursive' strategy.
 drivers/input/misc/uinput.c | 6 ++++++
 1 file changed, 6 insertions(+)
Merging crypto-current/master (bad6a185b4d6 crypto: public_key: select CRYPTO_AKCIPHER)
$ git merge crypto-current/master
Auto-merging crypto/asymmetric_keys/Kconfig
Merge made by the 'recursive' strategy.
 crypto/asymmetric_keys/Kconfig | 1 +
 drivers/crypto/omap-sham.c     | 2 +-
 2 files changed, 2 insertions(+), 1 deletion(-)
Merging ide/master (1993b176a822 Merge git://git.kernel.org/pub/scm/linux/kernel/git/davem/ide)
$ git merge ide/master
Already up-to-date.
Merging devicetree-current/devicetree/merge (f76502aa9140 of/dynamic: Fix test for PPC_PSERIES)
$ git merge devicetree-current/devicetree/merge
Already up-to-date.
Merging rr-fixes/fixes (8244062ef1e5 modules: fix longstanding /proc/kallsyms vs module insertion race.)
$ git merge rr-fixes/fixes
Already up-to-date.
Merging vfio-fixes/for-linus (8160c4e45582 vfio: fix ioctl error handling)
$ git merge vfio-fixes/for-linus
Already up-to-date.
Merging kselftest-fixes/fixes (505ce68c6da3 selftest/seccomp: Fix the seccomp(2) signature)
$ git merge kselftest-fixes/fixes
Already up-to-date.
Merging backlight-fixes/for-backlight-fixes (68feaca0b13e backlight: pwm: Handle EPROBE_DEFER while requesting the PWM)
$ git merge backlight-fixes/for-backlight-fixes
Already up-to-date.
Merging ftrace-fixes/for-next-urgent (6224beb12e19 tracing: Have branch tracer use recursive field of task struct)
$ git merge ftrace-fixes/for-next-urgent
Already up-to-date.
Merging mfd-fixes/for-mfd-fixes (1b52e50f2a40 mfd: max77843: Fix max77843_chg_init() return on error)
$ git merge mfd-fixes/for-mfd-fixes
Already up-to-date.
Merging drm-intel-fixes/for-linux-next-fixes (2dcd0af568b0 Linux 4.6)
$ git merge drm-intel-fixes/for-linux-next-fixes
Already up-to-date.
Merging asm-generic/master (b0da6d44157a asm-generic: Drop renameat syscall from default list)
$ git merge asm-generic/master
Already up-to-date.
Merging arc/for-next (776d7f1694a7 arc: axs103_smp: Fix CPU frequency to 100MHz for dual-core)
$ git merge arc/for-next
Already up-to-date.
Merging arm/for-next (b6810489fa29 Merge branch 'devel-stable' into for-next)
$ git merge arm/for-next
Already up-to-date!
Merge made by the 'recursive' strategy.
Merging arm-perf/for-next/perf (4ba2578fa7b5 arm64: perf: don't expose CHAIN event in sysfs)
$ git merge arm-perf/for-next/perf
Already up-to-date.
Merging arm-soc/for-next (d6be64b09dd1 Merge branch 'fixes' into for-next)
$ git merge arm-soc/for-next
Already up-to-date!
Merge made by the 'recursive' strategy.
Merging at91/at91-next (5a0d7c6a48ae Merge branch 'at91-4.7-defconfig' into at91-next)
$ git merge at91/at91-next
Already up-to-date!
Merge made by the 'recursive' strategy.
Merging bcm2835-dt/bcm2835-dt-next (896ad420db8d dt/bindings: bcm2835: correct description for DMA-int)
$ git merge bcm2835-dt/bcm2835-dt-next
Already up-to-date.
Merging bcm2835-soc/bcm2835-soc-next (92e963f50fc7 Linux 4.5-rc1)
$ git merge bcm2835-soc/bcm2835-soc-next
Already up-to-date.
Merging bcm2835-drivers/bcm2835-drivers-next (92e963f50fc7 Linux 4.5-rc1)
$ git merge bcm2835-drivers/bcm2835-drivers-next
Already up-to-date.
Merging bcm2835-defconfig/bcm2835-defconfig-next (3652bb35abf6 ARM: bcm2835: Enable NFS root support.)
$ git merge bcm2835-defconfig/bcm2835-defconfig-next
Already up-to-date.
Merging berlin/berlin/for-next (9a7e06833249 Merge branch 'berlin/fixes' into berlin/for-next)
$ git merge berlin/berlin/for-next
Already up-to-date!
Merge made by the 'recursive' strategy.
Merging cortex-m/for-next (f719a0d6a854 ARM: efm32: switch to vendor,device compatible strings)
$ git merge cortex-m/for-next
Already up-to-date.
Merging imx-mxs/for-next (63b44471754b Merge branch 'imx/defconfig64' into for-next)
$ git merge imx-mxs/for-next
Already up-to-date!
Merge made by the 'recursive' strategy.
Merging keystone/next (02e15d234006 Merge branch 'for_4.7/kesytone' into next)
$ git merge keystone/next
Already up-to-date!
Merge made by the 'recursive' strategy.
Merging mvebu/for-next (01316cded75b Merge branch 'mvebu/defconfig' into mvebu/for-next)
$ git merge mvebu/for-next
Already up-to-date!
Merge made by the 'recursive' strategy.
Merging omap/for-next (5c66191b5c76 Merge branch 'omap-for-v4.7/dt' into for-next)
$ git merge omap/for-next
Auto-merging arch/arm/boot/dts/dm814x-clocks.dtsi
Merge made by the 'recursive' strategy.
 arch/arm/boot/dts/am57xx-idk-common.dtsi     | 32 ++++++++++---------
 arch/arm/boot/dts/dm8148-evm.dts             |  8 +++++
 arch/arm/boot/dts/dm8148-t410.dts            |  9 ++++++
 arch/arm/boot/dts/dm814x-clocks.dtsi         |  4 +--
 arch/arm/boot/dts/dra7.dtsi                  |  2 ++
 arch/arm/boot/dts/omap3-evm-37xx.dts         |  2 +-
 arch/arm/boot/dts/omap3-igep.dtsi            |  1 +
 arch/arm/boot/dts/omap3-igep0020-common.dtsi | 11 +++++++
 arch/arm/boot/dts/omap3-n900.dts             |  4 +--
 arch/arm/boot/dts/omap3-n950-n9.dtsi         |  6 ++--
 arch/arm/boot/dts/omap3-zoom3.dts            |  6 ++--
 arch/arm/boot/dts/omap5-board-common.dtsi    | 48 ++++++++++++++++++++++++++--
 arch/arm/boot/dts/omap5-igep0050.dts         | 26 +++++++++++++++
 arch/arm/boot/dts/omap5-uevm.dts             | 10 ++++++
 arch/arm/mach-omap2/Kconfig                  | 10 ++++++
 arch/arm/mach-omap2/omap-secure.h            |  1 +
 arch/arm/mach-omap2/omap-smp.c               | 48 +++++++++++++++++++++++++---
 17 files changed, 195 insertions(+), 33 deletions(-)
Merging omap-pending/for-next (c20c8f750d9f ARM: OMAP2+: hwmod: fix _idle() hwmod state sanity check sequence)
$ git merge omap-pending/for-next
Already up-to-date.
Merging qcom/for-next (eb8e0105700b firmware: qcom_scm: Make core clock optional)
$ git merge qcom/for-next
Auto-merging arch/arm/boot/dts/qcom-apq8064.dtsi
Merge made by the 'recursive' strategy.
 .../devicetree/bindings/firmware/qcom,scm.txt      |  28 ++
 arch/arm/boot/dts/qcom-apq8064.dtsi                |   6 +
 arch/arm/boot/dts/qcom-apq8084.dtsi                |   8 +
 arch/arm/boot/dts/qcom-msm8974.dtsi                |   8 +
 arch/arm64/boot/dts/qcom/msm8916.dtsi              |   8 +
 drivers/firmware/qcom_scm-32.c                     | 360 +++++++++++----------
 drivers/firmware/qcom_scm-64.c                     | 291 ++++++++++++++++-
 drivers/firmware/qcom_scm.c                        | 307 +++++++++++++++++-
 drivers/firmware/qcom_scm.h                        |  45 ++-
 include/linux/qcom_scm.h                           |   8 +
 10 files changed, 876 insertions(+), 193 deletions(-)
 create mode 100644 Documentation/devicetree/bindings/firmware/qcom,scm.txt
Merging renesas/next (e5c640c6f9cc Merge branches 'heads/arm64-defconfig-for-v4.7', 'heads/arm64-dt-pm-domain-for-v4.7', 'heads/dt-for-v4.7' and 'heads/pci-defconfig-for-v4.7' into next)
$ git merge renesas/next
Merge made by the 'recursive' strategy.
Merging rockchip/for-next (a108aca0c77f Merge branch 'v4.7-clk/fixes' into for-next)
$ git merge rockchip/for-next
Merge made by the 'recursive' strategy.
 drivers/clk/rockchip/clk-mmc-phase.c | 12 +-----------
 drivers/clk/rockchip/clk-rk3399.c    |  6 ++++--
 2 files changed, 5 insertions(+), 13 deletions(-)
Merging rpi/for-rpi-next (bc0195aad0da Linux 4.2-rc2)
$ git merge rpi/for-rpi-next
Already up-to-date.
Merging samsung/for-next (92e963f50fc7 Linux 4.5-rc1)
$ git merge samsung/for-next
Already up-to-date.
Merging samsung-krzk/for-next (35e691cf5165 Merge branch 'fixes-v4.7' into for-next)
$ git merge samsung-krzk/for-next
Auto-merging arch/arm/configs/multi_v7_defconfig
Merge made by the 'recursive' strategy.
 arch/arm/configs/exynos_defconfig   | 1 +
 arch/arm/configs/multi_v7_defconfig | 1 +
 arch/arm/mach-exynos/Kconfig        | 1 -
 arch/arm/plat-samsung/devs.c        | 2 +-
 4 files changed, 3 insertions(+), 2 deletions(-)
Merging tegra/for-next (5c282bc9d0a3 Merge branch for-4.7/defconfig into for-next)
$ git merge tegra/for-next
Merge made by the 'recursive' strategy.
 arch/arm/boot/dts/tegra30-beaver.dts | 39 ++++++++++++++++++++++--------------
 1 file changed, 24 insertions(+), 15 deletions(-)
Merging arm64/for-next/core (e6d9a5254333 arm64: do not enforce strict 16 byte alignment to stack pointer)
$ git merge arm64/for-next/core
Already up-to-date.
Merging blackfin/for-linus (391e74a51ea2 eth: bf609 eth clock: add pclk clock for stmmac driver probe)
$ git merge blackfin/for-linus
Resolved 'arch/blackfin/mach-common/pm.c' using previous resolution.
Auto-merging arch/blackfin/mach-common/pm.c
CONFLICT (content): Merge conflict in arch/blackfin/mach-common/pm.c
Automatic merge failed; fix conflicts and then commit the result.
$ git commit -v -a
[master a6c6af33ab40] Merge remote-tracking branch 'blackfin/for-linus'
$ git diff -M --stat --summary HEAD^..
Merging c6x/for-linux-next (ca3060d39ae7 c6x: Use generic clkdev.h header)
$ git merge c6x/for-linux-next
Already up-to-date.
Merging cris/for-next (f9f3f864b5e8 cris: Fix section mismatches in architecture startup code)
$ git merge cris/for-next
Already up-to-date.
Merging h8300/h8300-next (8cad489261c5 h8300: switch EARLYCON)
$ git merge h8300/h8300-next
Already up-to-date.
Merging hexagon/linux-next (02cc2ccfe771 Revert "Hexagon: fix signal.c compile error")
$ git merge hexagon/linux-next
Already up-to-date.
Merging ia64/next (787ca32dc704 ia64/unaligned: Silence another GCC warning about an uninitialised variable)
$ git merge ia64/next
Already up-to-date.
Merging m68k/for-next (9a6462763b17 m68k/mvme16x: Include generic <linux/rtc.h>)
$ git merge m68k/for-next
Already up-to-date.
Merging m68knommu/for-next (44156affd184 m68k: change m68knommu maintainer email address)
$ git merge m68knommu/for-next
Already up-to-date.
Merging metag/for-next (592ddeeff8cb metag: Fix typos)
$ git merge metag/for-next
Auto-merging arch/metag/include/asm/metag_regs.h
Merge made by the 'recursive' strategy.
 arch/metag/include/asm/metag_mem.h  | 2 +-
 arch/metag/include/asm/metag_regs.h | 2 +-
 arch/metag/kernel/cachepart.c       | 2 +-
 arch/metag/lib/divsi3.S             | 4 ++--
 4 files changed, 5 insertions(+), 5 deletions(-)
Merging microblaze/next (52e9e6e05617 microblaze: pci: export isa_io_base to fix link errors)
$ git merge microblaze/next
Already up-to-date.
Merging mips/mips-for-linux-next (7d3bce57b0ca MAINTAINERS: Add file patterns for mips device tree bindings)
$ git merge mips/mips-for-linux-next
Auto-merging arch/mips/kernel/process.c
Auto-merging MAINTAINERS
Merge made by the 'recursive' strategy.
 .../bindings/gpio/microchip,pic32-gpio.txt         |   2 +-
 .../bindings/mmc/microchip,sdhci-pic32.txt         |   2 +-
 .../bindings/pinctrl/microchip,pic32-pinctrl.txt   |   2 +-
 .../bindings/serial/microchip,pic32-uart.txt       |   2 +-
 .../bindings/watchdog/microchip,pic32-dmt.txt      |   4 +-
 .../bindings/watchdog/microchip,pic32-wdt.txt      |   4 +-
 MAINTAINERS                                        |   2 +
 arch/mips/include/asm/asmmacro.h                   |  99 ++++++------
 arch/mips/include/asm/hazards.h                    |   8 +-
 arch/mips/include/asm/mach-au1x00/au1xxx_dbdma.h   |   2 +-
 arch/mips/include/asm/mach-au1x00/gpio-au1300.h    |   2 +-
 .../include/asm/mach-bcm63xx/bcm63xx_dev_enet.h    |   2 +-
 arch/mips/include/asm/mach-ip27/dma-coherence.h    |   2 +-
 arch/mips/include/asm/mach-ip32/dma-coherence.h    |   2 +-
 .../include/asm/mach-lantiq/falcon/lantiq_soc.h    |   2 +-
 .../mips/include/asm/mach-lantiq/xway/lantiq_soc.h |   2 +-
 .../include/asm/mach-loongson64/loongson_hwmon.h   |   2 +-
 .../include/asm/mach-malta/kernel-entry-init.h     |   6 +-
 arch/mips/include/asm/mips_mt.h                    |   2 +-
 arch/mips/include/asm/mipsregs.h                   | 180 +++++++++------------
 arch/mips/include/asm/msa.h                        |  21 +--
 arch/mips/include/asm/octeon/cvmx-cmd-queue.h      |   2 +-
 arch/mips/include/asm/octeon/cvmx-helper-board.h   |   2 +-
 arch/mips/include/asm/octeon/cvmx-ipd.h            |   2 +-
 arch/mips/include/asm/octeon/cvmx-pow.h            |   2 +-
 arch/mips/include/asm/sgi/hpc3.h                   |   2 +-
 arch/mips/kernel/branch.c                          |   4 +-
 arch/mips/kernel/cps-vec.S                         |  15 ++
 arch/mips/kernel/cpu-probe.c                       |   4 +-
 arch/mips/kernel/elf.c                             |   2 +-
 arch/mips/kernel/irq.c                             |   3 +
 arch/mips/kernel/mips-r2-to-r6-emul.c              |   2 +-
 arch/mips/kernel/process.c                         |   2 +-
 arch/mips/kernel/smp-cps.c                         |   8 +-
 arch/mips/lasat/picvue_proc.c                      |   4 +-
 arch/mips/lib/memcpy.S                             |   2 +-
 arch/mips/loongson64/loongson-3/hpet.c             |   2 +-
 arch/mips/math-emu/dsemul.c                        |   4 +-
 arch/mips/oprofile/op_impl.h                       |   2 +-
 arch/mips/pci/ops-bridge.c                         |   4 +-
 arch/mips/ralink/mt7620.c                          | 112 ++++++++++++-
 arch/mips/sgi-ip27/ip27-hubio.c                    |   2 +-
 arch/mips/sgi-ip27/ip27-nmi.c                      |   2 +-
 arch/mips/sgi-ip27/ip27-xtalk.c                    |   2 +-
 arch/mips/sni/rm200.c                              |   2 +-
 arch/mips/vr41xx/common/cmu.c                      |   2 +-
 drivers/irqchip/irq-mips-gic.c                     |  10 +-
 47 files changed, 322 insertions(+), 228 deletions(-)
Merging nios2/for-next (9fa78f63a892 nios2: Add order-only DTC dependency to %.dtb target)
$ git merge nios2/for-next
Already up-to-date.
Merging parisc-hd/for-next (5fece5ad24ab parisc: Use long jump to reach ftrace_return_to_handler())
$ git merge parisc-hd/for-next
Merge made by the 'recursive' strategy.
 arch/parisc/Kconfig                           |   3 +
 arch/parisc/include/asm/cmpxchg.h             |   9 +-
 arch/parisc/include/asm/eisa_eeprom.h         |   4 +-
 arch/parisc/include/asm/ftrace.h              |   2 +
 arch/parisc/include/asm/futex.h               |  70 ++---
 arch/parisc/include/asm/ldcw.h                |   2 +-
 arch/parisc/include/asm/syscall.h             |   9 +
 arch/parisc/include/asm/thread_info.h         |   4 +-
 arch/parisc/include/asm/uaccess.h             |  91 +++----
 arch/parisc/include/uapi/asm/pdc.h            |   2 +-
 arch/parisc/include/uapi/asm/ptrace.h         |  48 ++++
 arch/parisc/kernel/entry.S                    |  13 +-
 arch/parisc/kernel/ftrace.c                   |   7 +-
 arch/parisc/kernel/ptrace.c                   | 368 +++++++++++++++++++++++++-
 arch/parisc/kernel/syscall.S                  |   1 +
 arch/parisc/kernel/time.c                     |  63 ++++-
 arch/parisc/lib/bitops.c                      |   6 +-
 arch/parisc/math-emu/fpudispatch.c            |   2 +-
 tools/testing/selftests/seccomp/seccomp_bpf.c |   8 +-
 tools/testing/selftests/vm/thuge-gen.c        |   2 +
 20 files changed, 594 insertions(+), 120 deletions(-)
Merging powerpc/next (138a076496e6 Merge branch 'next' of git://git.kernel.org/pub/scm/linux/kernel/git/scottwood/linux into next)
$ git merge powerpc/next
Already up-to-date.
Merging powerpc-mpe/next (bc0195aad0da Linux 4.2-rc2)
$ git merge powerpc-mpe/next
Already up-to-date.
Merging fsl/next (1eef33bec12d powerpc/86xx: Fix PCI interrupt map definition)
$ git merge fsl/next
Already up-to-date.
Merging mpc5xxx/next (39e69f55f857 powerpc: Introduce the use of the managed version of kzalloc)
$ git merge mpc5xxx/next
Already up-to-date.
Merging s390/features (5e19a42ac6d9 s390/cpuinfo: show dynamic and static cpu mhz)
$ git merge s390/features
Auto-merging arch/s390/include/asm/pgtable.h
Merge made by the 'recursive' strategy.
 arch/s390/configs/default_defconfig     |  44 ++++--
 arch/s390/configs/gcov_defconfig        |  34 +++--
 arch/s390/configs/performance_defconfig |  36 +++--
 arch/s390/configs/zfcpdump_defconfig    |   4 +-
 arch/s390/defconfig                     |  44 +++---
 arch/s390/include/asm/jump_label.h      |   1 +
 arch/s390/include/asm/pgtable.h         | 199 ++++++++++++++++++++----
 arch/s390/include/asm/processor.h       |  17 ++-
 arch/s390/include/asm/tlbflush.h        |  15 +-
 arch/s390/kernel/cache.c                |   7 +-
 arch/s390/kernel/processor.c            | 113 ++++++++++----
 arch/s390/kernel/setup.c                |   1 +
 arch/s390/mm/dump_pagetables.c          |   2 +-
 arch/s390/mm/pageattr.c                 | 263 ++++++++++++++++++++++++++++----
 arch/s390/mm/vmem.c                     |  68 ++++-----
 arch/s390/net/bpf_jit.h                 |   4 +-
 arch/s390/net/bpf_jit_comp.c            |   4 +-
 drivers/s390/char/keyboard.c            |  15 +-
 drivers/s390/char/sclp_config.c         |   2 +-
 19 files changed, 647 insertions(+), 226 deletions(-)
Merging sparc-next/master (9f935675d41a Merge branch 'for-linus' of git://git.kernel.org/pub/scm/linux/kernel/git/dtor/input)
$ git merge sparc-next/master
Already up-to-date.
Merging tile/master (bdf03e59f8c1 Fix typo)
$ git merge tile/master
Already up-to-date.
Merging uml/linux-next (a78ff1112263 um: add extended processor state save/restore support)
$ git merge uml/linux-next
Auto-merging arch/um/kernel/process.c
Merge made by the 'recursive' strategy.
 arch/um/include/shared/registers.h    |  2 ++
 arch/um/kernel/process.c              |  2 +-
 arch/um/os-Linux/signal.c             | 28 ++++++++++++++------
 arch/x86/um/os-Linux/registers.c      | 49 +++++++++++++++++++++++++++++++++--
 arch/x86/um/ptrace_32.c               |  5 ++--
 arch/x86/um/ptrace_64.c               | 16 ++++++------
 arch/x86/um/shared/sysdep/ptrace_64.h |  4 +--
 arch/x86/um/signal.c                  | 37 +++++++++-----------------
 arch/x86/um/user-offsets.c            |  2 +-
 9 files changed, 95 insertions(+), 50 deletions(-)
Merging unicore32/unicore32 (c83d8b2fc986 unicore32: mm: Add missing parameter to arch_vma_access_permitted)
$ git merge unicore32/unicore32
Merge made by the 'recursive' strategy.
 arch/unicore32/include/asm/mmu_context.h | 2 +-
 1 file changed, 1 insertion(+), 1 deletion(-)
Merging xtensa/for_next (9da8320bb977 xtensa: add test_kc705_hifi variant)
$ git merge xtensa/for_next
Already up-to-date.
Merging btrfs/next (c315ef8d9db7 Merge branch 'for-chris-4.7' of git://git.kernel.org/pub/scm/linux/kernel/git/fdmanana/linux into for-linus-4.7)
$ git merge btrfs/next
Already up-to-date.
Merging btrfs-kdave/for-next (a3a7fdf24a89 Merge branch 'for-next-next-4.7-20160512' into for-next-20160512)
$ git merge btrfs-kdave/for-next
Resolved 'fs/btrfs/dev-replace.c' using previous resolution.
Resolved 'fs/btrfs/inode.c' using previous resolution.
Auto-merging fs/btrfs/tree-log.c
Auto-merging fs/btrfs/transaction.c
Auto-merging fs/btrfs/scrub.c
Auto-merging fs/btrfs/relocation.c
Auto-merging fs/btrfs/ioctl.c
Auto-merging fs/btrfs/inode.c
CONFLICT (content): Merge conflict in fs/btrfs/inode.c
Auto-merging fs/btrfs/file.c
Auto-merging fs/btrfs/extent-tree.c
Auto-merging fs/btrfs/dev-replace.c
CONFLICT (content): Merge conflict in fs/btrfs/dev-replace.c
Auto-merging fs/btrfs/ctree.h
Automatic merge failed; fix conflicts and then commit the result.
$ git commit -v -a
[master 47fa1e91c11d] Merge remote-tracking branch 'btrfs-kdave/for-next'
$ git diff -M --stat --summary HEAD^..
 fs/btrfs/ctree.h                 |  15 +-
 fs/btrfs/delayed-inode.c         |  68 ++--
 fs/btrfs/disk-io.c               |   4 +-
 fs/btrfs/extent-tree.c           | 682 ++++++++++++++++++++++++++-------------
 fs/btrfs/extent_io.c             |  84 ++---
 fs/btrfs/extent_io.h             |  34 +-
 fs/btrfs/file-item.c             |   2 +-
 fs/btrfs/file.c                  |  48 +--
 fs/btrfs/inode.c                 |  12 +-
 fs/btrfs/ioctl.c                 |   2 +-
 fs/btrfs/qgroup.c                |   8 +-
 fs/btrfs/relocation.c            |   9 +-
 fs/btrfs/scrub.c                 |   4 +-
 fs/btrfs/tests/extent-io-tests.c |   8 +-
 fs/btrfs/transaction.c           |   2 +-
 fs/btrfs/tree-log.c              |   2 +-
 include/trace/events/btrfs.h     | 139 +++++++-
 17 files changed, 727 insertions(+), 396 deletions(-)
Merging ceph/master (d3767f0faeda rbd: report unsupported features to syslog)
$ git merge ceph/master
Already up-to-date.
Merging cifs/for-next (3a18c7ca483e cifs: stuff the fl_owner into "pid" field in the lock request)
$ git merge cifs/for-next
Merge made by the 'recursive' strategy.
 fs/cifs/cifsfs.c   |  3 +++
 fs/cifs/cifsglob.h |  1 +
 fs/cifs/file.c     | 14 +++++++++++---
 3 files changed, 15 insertions(+), 3 deletions(-)
Merging configfs/for-next (96c22a329351 configfs: fix CONFIGFS_BIN_ATTR_[RW]O definitions)
$ git merge configfs/for-next
Already up-to-date.
Merging ecryptfs/next (933c32fe0e42 ecryptfs: drop null test before destroy functions)
$ git merge ecryptfs/next
Auto-merging fs/ecryptfs/main.c
Merge made by the 'recursive' strategy.
 fs/ecryptfs/main.c | 3 +--
 1 file changed, 1 insertion(+), 2 deletions(-)
Merging ext3/for_next (7888824b0b1c udf: Use correct partition reference number for metadata)
$ git merge ext3/for_next
Merge made by the 'recursive' strategy.
 fs/udf/partition.c | 13 +++++++++----
 fs/udf/super.c     | 22 ++++++++++++----------
 fs/udf/udf_sb.h    |  5 +++++
 3 files changed, 26 insertions(+), 14 deletions(-)
Merging ext4/dev (12735f881952 ext4: pre-zero allocated blocks for DAX IO)
$ git merge ext4/dev
Already up-to-date.
Merging f2fs/dev (f6c658df6385 Merge tag 'for-f2fs-4.7' of git://git.kernel.org/pub/scm/linux/kernel/git/jaegeuk/f2fs)
$ git merge f2fs/dev
Already up-to-date.
Merging fscache/fscache (b00c2ae2ed3c FS-Cache: Don't override netfs's primary_index if registering failed)
$ git merge fscache/fscache
Merge made by the 'recursive' strategy.
Merging fuse/for-next (4441f63ab7e5 fuse: update mailing list in MAINTAINERS)
$ git merge fuse/for-next
Already up-to-date.
Merging gfs2/for-next (29567292c0b5 Merge tag 'for-linus-4.7-rc0-tag' of git://git.kernel.org/pub/scm/linux/kernel/git/xen/tip)
$ git merge gfs2/for-next
Already up-to-date.
Merging jfs/jfs-next (6ed71e9819ac jfs: Coalesce some formats)
$ git merge jfs/jfs-next
Already up-to-date.
Merging nfs/linux-next (1b3c6d07e295 pnfs: make pnfs_layout_process more robust)
$ git merge nfs/linux-next
Resolved 'fs/nfs/direct.c' using previous resolution.
Resolved 'net/sunrpc/xprtrdma/frwr_ops.c' using previous resolution.
Auto-merging net/sunrpc/xprtsock.c
Auto-merging net/sunrpc/xprtrdma/frwr_ops.c
CONFLICT (content): Merge conflict in net/sunrpc/xprtrdma/frwr_ops.c
Auto-merging include/linux/nfs_xdr.h
Auto-merging fs/nfs/nfs4proc.c
Auto-merging fs/nfs/direct.c
CONFLICT (content): Merge conflict in fs/nfs/direct.c
Automatic merge failed; fix conflicts and then commit the result.
$ git commit -v -a
[master ee83487b5813] Merge remote-tracking branch 'nfs/linux-next'
$ git diff -M --stat --summary HEAD^..
 fs/nfs/callback_proc.c                    |   9 +-
 fs/nfs/callback_xdr.c                     |  17 +-
 fs/nfs/delegation.c                       |   9 +-
 fs/nfs/delegation.h                       |   2 +-
 fs/nfs/direct.c                           |  17 +-
 fs/nfs/filelayout/filelayout.c            |   4 +-
 fs/nfs/flexfilelayout/flexfilelayout.c    | 150 ++++++---
 fs/nfs/flexfilelayout/flexfilelayout.h    |   6 +-
 fs/nfs/flexfilelayout/flexfilelayoutdev.c | 113 ++++---
 fs/nfs/internal.h                         |   1 +
 fs/nfs/nfs42.h                            |   1 +
 fs/nfs/nfs42proc.c                        | 107 ++++++-
 fs/nfs/nfs42xdr.c                         | 146 +++++++++
 fs/nfs/nfs4_fs.h                          |  12 +-
 fs/nfs/nfs4file.c                         |  23 ++
 fs/nfs/nfs4proc.c                         | 185 ++++++-----
 fs/nfs/nfs4state.c                        |  18 +-
 fs/nfs/nfs4trace.h                        |  10 +-
 fs/nfs/nfs4xdr.c                          |  43 ++-
 fs/nfs/pagelist.c                         |   6 +-
 fs/nfs/pnfs.c                             | 317 ++++++++++--------
 fs/nfs/pnfs.h                             |  16 +-
 fs/nfs/pnfs_nfs.c                         |  32 +-
 fs/nfs/super.c                            |   9 +
 fs/nfs/write.c                            |  60 +++-
 include/linux/errno.h                     |   1 +
 include/linux/nfs4.h                      |  28 +-
 include/linux/nfs_fs_sb.h                 |   1 +
 include/linux/nfs_xdr.h                   |  30 +-
 include/linux/sunrpc/auth.h               |  26 +-
 include/linux/sunrpc/clnt.h               |   1 +
 include/linux/sunrpc/msg_prot.h           |   4 +-
 include/linux/sunrpc/xprt.h               |   1 +
 include/linux/sunrpc/xprtrdma.h           |   4 +-
 net/sunrpc/auth.c                         |   9 +-
 net/sunrpc/auth_generic.c                 |  13 +-
 net/sunrpc/auth_gss/auth_gss.c            |   6 +-
 net/sunrpc/auth_unix.c                    |   6 +-
 net/sunrpc/clnt.c                         |  17 +
 net/sunrpc/xdr.c                          |   2 +
 net/sunrpc/xprtrdma/backchannel.c         |  16 +
 net/sunrpc/xprtrdma/fmr_ops.c             | 134 +++++---
 net/sunrpc/xprtrdma/frwr_ops.c            | 214 +++++++------
 net/sunrpc/xprtrdma/physical_ops.c        |  39 ++-
 net/sunrpc/xprtrdma/rpc_rdma.c            | 517 ++++++++++++++++++------------
 net/sunrpc/xprtrdma/transport.c           |  16 +-
 net/sunrpc/xprtrdma/verbs.c               |  78 +----
 net/sunrpc/xprtrdma/xprt_rdma.h           |  47 ++-
 net/sunrpc/xprtsock.c                     |   6 +
 49 files changed, 1655 insertions(+), 874 deletions(-)
$ git am -3 ../patches/0001-nfs-fix-for-i_mutex-to-i_rwsem-change.patch
Applying: nfs: fix for i_mutex to i_rwsem change
$ git reset HEAD^
Unstaged changes after reset:
M	fs/nfs/nfs42proc.c
$ git add -A .
$ git commit -v -a --amend
[master a861d1acc8d8] Merge remote-tracking branch 'nfs/linux-next'
 Date: Wed May 25 10:03:22 2016 +1000
Merging nfsd/nfsd-next (9e62f931dd07 rpc: share one xps between all backchannels)
$ git merge nfsd/nfsd-next
Auto-merging net/sunrpc/xprtsock.c
Auto-merging net/sunrpc/clnt.c
Auto-merging include/linux/sunrpc/xprt.h
Auto-merging include/linux/sunrpc/clnt.h
Merge made by the 'recursive' strategy.
 fs/nfsd/nfs4callback.c          | 18 +-----------------
 include/linux/sunrpc/clnt.h     |  2 --
 include/linux/sunrpc/svc_xprt.h |  1 +
 include/linux/sunrpc/xprt.h     |  1 +
 net/sunrpc/clnt.c               | 31 +++++++++++++++++++++++++------
 net/sunrpc/svc_xprt.c           |  2 ++
 net/sunrpc/xprtsock.c           |  1 +
 7 files changed, 31 insertions(+), 25 deletions(-)
Merging orangefs/for-next (2dcd0af568b0 Linux 4.6)
$ git merge orangefs/for-next
Already up-to-date.
Merging overlayfs/overlayfs-next (c782aa1a515e Merge branch 'd_real' into overlayfs-next)
$ git merge overlayfs/overlayfs-next
Auto-merging net/unix/af_unix.c
Auto-merging include/linux/fs.h
Auto-merging include/linux/dcache.h
Auto-merging fs/overlayfs/super.c
Auto-merging fs/overlayfs/readdir.c
Auto-merging fs/overlayfs/overlayfs.h
Auto-merging fs/overlayfs/inode.c
Auto-merging fs/open.c
Auto-merging fs/namei.c
Auto-merging fs/dcache.c
Auto-merging Documentation/filesystems/vfs.txt
Auto-merging Documentation/filesystems/Locking
Merge made by the 'recursive' strategy.
 Documentation/filesystems/Locking       |  4 +-
 Documentation/filesystems/overlayfs.txt |  9 -----
 Documentation/filesystems/vfs.txt       | 39 ++++++++++++-------
 fs/dcache.c                             |  3 --
 fs/namei.c                              |  2 +-
 fs/open.c                               | 17 +++++++--
 fs/overlayfs/copy_up.c                  | 26 +------------
 fs/overlayfs/dir.c                      | 67 +++------------------------------
 fs/overlayfs/inode.c                    | 31 +++++----------
 fs/overlayfs/overlayfs.h                |  3 +-
 fs/overlayfs/readdir.c                  | 14 ++-----
 fs/overlayfs/super.c                    | 35 ++++++++++++++---
 include/linux/dcache.h                  | 35 +++++++++--------
 include/linux/fs.h                      |  2 +-
 net/unix/af_unix.c                      |  6 +--
 15 files changed, 116 insertions(+), 177 deletions(-)
Merging v9fs/for-next (a333e4bf2556 fs/9p: use fscache mutex rather than spinlock)
$ git merge v9fs/for-next
Already up-to-date.
Merging ubifs/linux-next (1112018cefc5 ubifs: ubifs_dump_inode: Fix dumping field bulk_read)
$ git merge ubifs/linux-next
Auto-merging drivers/mtd/ubi/kapi.c
Auto-merging drivers/mtd/ubi/build.c
Merge made by the 'recursive' strategy.
 Documentation/ABI/stable/sysfs-class-ubi |  9 ++++++
 drivers/mtd/ubi/build.c                  |  5 ++++
 drivers/mtd/ubi/debug.c                  |  3 +-
 drivers/mtd/ubi/eba.c                    | 47 +++++++++++++-------------------
 drivers/mtd/ubi/fastmap.c                |  1 +
 drivers/mtd/ubi/kapi.c                   |  2 +-
 drivers/mtd/ubi/ubi.h                    |  2 ++
 drivers/mtd/ubi/vmt.c                    |  2 +-
 drivers/mtd/ubi/wl.c                     |  2 +-
 fs/ubifs/debug.c                         |  2 +-
 10 files changed, 42 insertions(+), 33 deletions(-)
Merging xfs/for-next (555b67e4e729 Merge branch 'xfs-4.7-inode-reclaim' into for-next)
$ git merge xfs/for-next
Auto-merging fs/xfs/xfs_xattr.c
Auto-merging fs/xfs/xfs_super.c
Auto-merging fs/xfs/xfs_pnfs.c
Auto-merging fs/xfs/xfs_mount.h
Auto-merging fs/xfs/xfs_mount.c
Auto-merging fs/xfs/xfs_file.c
Auto-merging fs/xfs/xfs_bmap_util.c
Auto-merging fs/xfs/xfs_aops.c
Auto-merging fs/xfs/libxfs/xfs_bmap.c
Auto-merging fs/namei.c
Merge made by the 'recursive' strategy.
 fs/namei.c                     |   1 -
 fs/xfs/kmem.c                  |  26 +--
 fs/xfs/kmem.h                  |   2 +-
 fs/xfs/libxfs/xfs_attr.c       |  58 ++-----
 fs/xfs/libxfs/xfs_bmap.c       |  22 ++-
 fs/xfs/libxfs/xfs_dir2_sf.c    |   9 +-
 fs/xfs/libxfs/xfs_inode_fork.c |  99 ++++++++----
 fs/xfs/libxfs/xfs_inode_fork.h |   1 +
 fs/xfs/libxfs/xfs_log_format.h |   5 +
 fs/xfs/libxfs/xfs_sb.c         |   8 +-
 fs/xfs/libxfs/xfs_shared.h     | 102 +-----------
 fs/xfs/xfs_aops.c              | 353 ++++++++++++++++++++---------------------
 fs/xfs/xfs_aops.h              |  15 +-
 fs/xfs/xfs_attr.h              |   4 +-
 fs/xfs/xfs_attr_inactive.c     |  16 +-
 fs/xfs/xfs_attr_list.c         |  85 +++-------
 fs/xfs/xfs_bmap_util.c         |  45 ++----
 fs/xfs/xfs_buf.c               |  12 +-
 fs/xfs/xfs_buf.h               |  20 +++
 fs/xfs/xfs_buf_item.c          | 121 +++++++++-----
 fs/xfs/xfs_dquot.c             |   9 +-
 fs/xfs/xfs_file.c              |   8 +-
 fs/xfs/xfs_fsops.c             |  14 +-
 fs/xfs/xfs_icache.c            | 290 +++++++++++++++++----------------
 fs/xfs/xfs_inode.c             | 167 ++++++++++---------
 fs/xfs/xfs_inode.h             |   5 +-
 fs/xfs/xfs_inode_item.c        |   6 +-
 fs/xfs/xfs_ioctl.c             |  31 +---
 fs/xfs/xfs_iomap.c             |  53 ++-----
 fs/xfs/xfs_iops.c              | 117 +++++++++-----
 fs/xfs/xfs_log.c               |  62 +-------
 fs/xfs/xfs_log.h               |   3 +-
 fs/xfs/xfs_log_cil.c           |   1 -
 fs/xfs/xfs_log_priv.h          |   1 -
 fs/xfs/xfs_log_recover.c       |  12 +-
 fs/xfs/xfs_mount.c             |  23 ++-
 fs/xfs/xfs_mount.h             |  34 ++++
 fs/xfs/xfs_pnfs.c              |   7 +-
 fs/xfs/xfs_qm.c                |   9 +-
 fs/xfs/xfs_qm_syscalls.c       |  26 +--
 fs/xfs/xfs_rtalloc.c           |  21 ++-
 fs/xfs/xfs_super.c             |  65 +++-----
 fs/xfs/xfs_symlink.c           |  37 ++---
 fs/xfs/xfs_sysfs.c             | 291 ++++++++++++++++++++++++++++++++-
 fs/xfs/xfs_sysfs.h             |   3 +
 fs/xfs/xfs_trace.h             |  16 +-
 fs/xfs/xfs_trans.c             |  88 +++++-----
 fs/xfs/xfs_trans.h             |   8 +-
 fs/xfs/xfs_xattr.c             |  17 +-
 49 files changed, 1293 insertions(+), 1135 deletions(-)
Merging file-locks/linux-next (5af9c2e19da6 Merge branch 'akpm' (patches from Andrew))
$ git merge file-locks/linux-next
Already up-to-date.
Merging vfs/for-next (51085a1f913a cifs: use C99 syntax for inode_operations initializer)
$ git merge vfs/for-next
Resolved 'fs/cifs/cifsfs.c' using previous resolution.
Auto-merging fs/orangefs/orangefs-kernel.h
Auto-merging fs/orangefs/inode.c
Auto-merging fs/cifs/cifsfs.c
CONFLICT (content): Merge conflict in fs/cifs/cifsfs.c
Automatic merge failed; fix conflicts and then commit the result.
$ git commit -v -a
[master b57b0fbb2d9e] Merge remote-tracking branch 'vfs/for-next'
$ git diff -M --stat --summary HEAD^..
 fs/orangefs/inode.c           | 2 +-
 fs/orangefs/namei.c           | 2 +-
 fs/orangefs/orangefs-kernel.h | 6 +++---
 fs/orangefs/symlink.c         | 2 +-
 4 files changed, 6 insertions(+), 6 deletions(-)
Merging pci/next (31c4833c2879 Merge branch 'pci/pm' into next)
$ git merge pci/next
Auto-merging include/linux/pci.h
Auto-merging drivers/usb/host/xhci-pci.c
Auto-merging drivers/pci/pci.h
Auto-merging drivers/pci/pci-sysfs.c
Auto-merging drivers/pci/bus.c
Auto-merging Documentation/kernel-parameters.txt
Merge made by the 'recursive' strategy.
 Documentation/kernel-parameters.txt |   4 +
 drivers/pci/bus.c                   |   1 +
 drivers/pci/pci-driver.c            |   5 +-
 drivers/pci/pci-sysfs.c             |   5 ++
 drivers/pci/pci.c                   | 175 ++++++++++++++++++++++++++++++++++++
 drivers/pci/pci.h                   |  11 +++
 drivers/pci/pcie/portdrv_core.c     |   3 +
 drivers/pci/pcie/portdrv_pci.c      |  51 ++++++++++-
 drivers/pci/probe.c                 |   9 ++
 drivers/pci/remove.c                |   2 +
 drivers/usb/host/xhci-pci.c         |   2 +-
 include/linux/pci.h                 |   3 +
 12 files changed, 263 insertions(+), 8 deletions(-)
Merging hid/for-next (185a9cac5b1e Merge branch 'for-4.6/upstream-fixes' into for-next)
$ git merge hid/for-next
Merge made by the 'recursive' strategy.
Merging i2c/i2c/for-next (5d22c5ab85e4 Merge tag 'nfsd-4.7' of git://linux-nfs.org/~bfields/linux)
$ git merge i2c/i2c/for-next
Already up-to-date.
Merging jdelvare-hwmon/master (f02de116250d Documentation/hwmon: Update links in max34440)
$ git merge jdelvare-hwmon/master
Auto-merging Documentation/hwmon/max34440
Merge made by the 'recursive' strategy.
 Documentation/hwmon/max34440 | 6 +++---
 drivers/hwmon/emc2103.c      | 2 +-
 2 files changed, 4 insertions(+), 4 deletions(-)
Merging dmi/master (c3db05ecf8ac firmware: dmi_scan: Save SMBIOS Type 9 System Slots)
$ git merge dmi/master
Merge made by the 'recursive' strategy.
Merging hwmon-staging/hwmon-next (d6a442df63b2 hwmon: (sch5636) trivial fix of spelling mistake on revision)
$ git merge hwmon-staging/hwmon-next
Already up-to-date.
Merging v4l-dvb/master (73dfb701d254 Merge branch 'v4l_for_linus' into to_next)
$ git merge v4l-dvb/master
Already up-to-date!
Merge made by the 'recursive' strategy.
Merging pm/linux-next (fe520bf9f15b Merge branches 'pm-cpufreq', 'pm-cpuidle', 'pm-core' and 'acpi-battery' into linux-next)
$ git merge pm/linux-next
Merge made by the 'recursive' strategy.
 drivers/acpi/battery.c           |  2 +-
 drivers/base/power/main.c        |  5 ++-
 drivers/cpufreq/cpufreq.c        | 84 +++++++++++++---------------------------
 drivers/cpufreq/intel_pstate.c   | 11 +++---
 drivers/cpuidle/cpuidle.c        |  2 +-
 kernel/sched/cpufreq_schedutil.c |  4 +-
 6 files changed, 40 insertions(+), 68 deletions(-)
Merging idle/next (f55532a0c0b8 Linux 4.6-rc1)
$ git merge idle/next
Already up-to-date.
Merging thermal/next (88ac99063e6e Merge branches 'thermal-core', 'thermal-intel' and 'thermal-soc' into next)
$ git merge thermal/next
Removing drivers/thermal/tegra_soctherm.c
Auto-merging drivers/thermal/Kconfig
Auto-merging drivers/cpufreq/mt8173-cpufreq.c
Auto-merging MAINTAINERS
Auto-merging Documentation/devicetree/bindings/thermal/nvidia,tegra124-soctherm.txt
Merge made by the 'recursive' strategy.
 .../bindings/thermal/nvidia,tegra124-soctherm.txt  |  12 +
 .../devicetree/bindings/thermal/rcar-thermal.txt   |   1 -
 .../devicetree/bindings/thermal/tango-thermal.txt  |  17 +
 .../bindings/thermal/thermal-generic-adc.txt       |  89 +++
 Documentation/thermal/sysfs-api.txt                |  44 +-
 MAINTAINERS                                        |   1 +
 drivers/cpufreq/mt8173-cpufreq.c                   |  11 +-
 drivers/hwmon/lm75.c                               |  10 +-
 drivers/hwmon/ntc_thermistor.c                     |  12 +-
 drivers/hwmon/scpi-hwmon.c                         |  48 +-
 drivers/hwmon/tmp102.c                             |   8 +-
 drivers/input/touchscreen/sun4i-ts.c               |   9 +-
 drivers/thermal/Kconfig                            |  31 +-
 drivers/thermal/Makefile                           |   4 +-
 drivers/thermal/gov_bang_bang.c                    |   8 +-
 drivers/thermal/hisi_thermal.c                     |  45 +-
 .../int340x_thermal/processor_thermal_device.c     | 108 +++-
 drivers/thermal/intel_powerclamp.c                 |  47 +-
 drivers/thermal/mtk_thermal.c                      |  12 +-
 drivers/thermal/of-thermal.c                       |  10 +-
 drivers/thermal/qcom-spmi-temp-alarm.c             |   3 +-
 drivers/thermal/rcar_thermal.c                     |   2 +-
 drivers/thermal/rockchip_thermal.c                 | 280 ++++++---
 drivers/thermal/tango_thermal.c                    | 109 ++++
 drivers/thermal/tegra/Kconfig                      |  13 +
 drivers/thermal/tegra/Makefile                     |   6 +
 drivers/thermal/tegra/soctherm-fuse.c              | 169 +++++
 drivers/thermal/tegra/soctherm.c                   | 685 +++++++++++++++++++++
 drivers/thermal/tegra/soctherm.h                   | 127 ++++
 drivers/thermal/tegra/tegra124-soctherm.c          | 196 ++++++
 drivers/thermal/tegra/tegra132-soctherm.c          | 196 ++++++
 drivers/thermal/tegra/tegra210-soctherm.c          | 197 ++++++
 drivers/thermal/tegra_soctherm.c                   | 476 --------------
 drivers/thermal/thermal-generic-adc.c              | 182 ++++++
 drivers/thermal/ti-soc-thermal/ti-thermal-common.c |   5 +-
 drivers/thermal/x86_pkg_temp_thermal.c             |   2 +-
 include/dt-bindings/thermal/tegra124-soctherm.h    |   1 +
 include/linux/thermal.h                            |   1 +
 38 files changed, 2414 insertions(+), 763 deletions(-)
 create mode 100644 Documentation/devicetree/bindings/thermal/tango-thermal.txt
 create mode 100644 Documentation/devicetree/bindings/thermal/thermal-generic-adc.txt
 create mode 100644 drivers/thermal/tango_thermal.c
 create mode 100644 drivers/thermal/tegra/Kconfig
 create mode 100644 drivers/thermal/tegra/Makefile
 create mode 100644 drivers/thermal/tegra/soctherm-fuse.c
 create mode 100644 drivers/thermal/tegra/soctherm.c
 create mode 100644 drivers/thermal/tegra/soctherm.h
 create mode 100644 drivers/thermal/tegra/tegra124-soctherm.c
 create mode 100644 drivers/thermal/tegra/tegra132-soctherm.c
 create mode 100644 drivers/thermal/tegra/tegra210-soctherm.c
 delete mode 100644 drivers/thermal/tegra_soctherm.c
 create mode 100644 drivers/thermal/thermal-generic-adc.c
Merging thermal-soc/next (ddc8fdc6e2f0 Merge branch 'work-fixes' into work-next)
$ git merge thermal-soc/next
Recorded preimage for 'drivers/thermal/rockchip_thermal.c'
Recorded preimage for 'drivers/thermal/tango_thermal.c'
Auto-merging drivers/thermal/tango_thermal.c
CONFLICT (add/add): Merge conflict in drivers/thermal/tango_thermal.c
Auto-merging drivers/thermal/rockchip_thermal.c
CONFLICT (content): Merge conflict in drivers/thermal/rockchip_thermal.c
Automatic merge failed; fix conflicts and then commit the result.
$ git commit -v -a
Recorded resolution for 'drivers/thermal/rockchip_thermal.c'.
Recorded resolution for 'drivers/thermal/tango_thermal.c'.
[master 3752c8b3576d] Merge remote-tracking branch 'thermal-soc/next'
$ git diff -M --stat --summary HEAD^..
Merging ieee1394/for-next (384fbb96f926 firewire: nosy: Replace timeval with timespec64)
$ git merge ieee1394/for-next
Already up-to-date.
Merging dlm/next (82c7d823cc31 dlm: config: Fix ENOMEM failures in make_cluster())
$ git merge dlm/next
Already up-to-date.
Merging swiotlb/linux-next (386744425e35 swiotlb: Make linux/swiotlb.h standalone includible)
$ git merge swiotlb/linux-next
Already up-to-date.
Merging slave-dma/next (628b5139c906 Merge branch 'for-linus' into next)
$ git merge slave-dma/next
Merge made by the 'recursive' strategy.
Merging net-next/master (07b75260ebc2 Merge branch 'upstream' of git://git.linux-mips.org/pub/scm/ralf/upstream-linus)
$ git merge net-next/master
Already up-to-date.
Merging ipsec-next/master (cb866e3298cd xfrm: Increment statistic counter on inner mode error)
$ git merge ipsec-next/master
Already up-to-date.
Merging ipvs-next/master (698e2a8dca98 ipvs: make drop_entry protection effective for SIP-pe)
$ git merge ipvs-next/master
Already up-to-date.
Merging wireless-drivers-next/master (52776a700b53 Merge ath-next from ath.git)
$ git merge wireless-drivers-next/master
Already up-to-date.
Merging bluetooth/master (07b75260ebc2 Merge branch 'upstream' of git://git.linux-mips.org/pub/scm/ralf/upstream-linus)
$ git merge bluetooth/master
Already up-to-date.
Merging mac80211-next/master (4f45bb3e8a8f mac80211_hwsim: Allow managing radios from non-initial namespaces)
$ git merge mac80211-next/master
Auto-merging drivers/net/wireless/mac80211_hwsim.c
Merge made by the 'recursive' strategy.
 drivers/net/wireless/mac80211_hwsim.c |  97 +++++++++++++++++++++-
 net/wireless/nl80211.c                | 152 +++++++++++++++++-----------------
 2 files changed, 170 insertions(+), 79 deletions(-)
Merging rdma/for-next (c16d2750a08c IB/mlx5: Fire the CQ completion handler from tasklet)
$ git merge rdma/for-next
Already up-to-date.
Merging rdma-leon/rdma-next (2dcd0af568b0 Linux 4.6)
$ git merge rdma-leon/rdma-next
Already up-to-date.
Merging rdma-leon-test/testing/rdma-next (2dcd0af568b0 Linux 4.6)
$ git merge rdma-leon-test/testing/rdma-next
Already up-to-date.
Merging mtd/master (e5366a266a8c mtd: spi-nor: support GigaDevice gd25lq64c)
$ git merge mtd/master
Already up-to-date.
Merging l2-mtd/master (4956b14738be Merge v4.6 into MTD -next branch)
$ git merge l2-mtd/master
Already up-to-date!
Merge made by the 'recursive' strategy.
Merging nand/nand/next (666b65683dad mtd: brcmnand: respect ECC algorithm set by NAND subsystem)
$ git merge nand/nand/next
Already up-to-date.
Merging crypto/master (256b1cfb9a34 crypto: qat - change the adf_ctl_stop_devices to void)
$ git merge crypto/master
Already up-to-date.
Merging drm/drm-next (92181d47ee74 headers_check: don't warn about c++ guards)
$ git merge drm/drm-next
Merge made by the 'recursive' strategy.
 scripts/headers_check.pl | 4 ++++
 1 file changed, 4 insertions(+)
Merging drm-panel/drm/panel/for-next (227e4f4079e1 drm/panel: simple: Add support for TPK U.S.A. LLC Fusion 7" and 10.1" panels)
$ git merge drm-panel/drm/panel/for-next
Already up-to-date.
Merging drm-intel/for-linux-next (157d2c7fad08 drm/i915: Stop automatically retiring requests after a GPU hang)
$ git merge drm-intel/for-linux-next
Auto-merging drivers/gpu/drm/i915/intel_pm.c
Auto-merging drivers/gpu/drm/i915/intel_drv.h
Auto-merging drivers/gpu/drm/i915/intel_display.c
Auto-merging drivers/gpu/drm/i915/intel_ddi.c
Auto-merging drivers/gpu/drm/i915/i915_gem.c
Auto-merging drivers/gpu/drm/i915/i915_drv.h
Auto-merging drivers/gpu/drm/i915/i915_drv.c
Auto-merging drivers/gpu/drm/i915/i915_dma.c
Auto-merging drivers/gpu/drm/Makefile
Auto-merging Documentation/DocBook/gpu.tmpl
Merge made by the 'recursive' strategy.
 Documentation/DocBook/gpu.tmpl            |   6 +
 drivers/gpu/drm/Makefile                  |   2 +-
 drivers/gpu/drm/drm_dp_dual_mode_helper.c | 366 ++++++++++++++++++++++++++++++
 drivers/gpu/drm/i915/i915_dma.c           |   6 +
 drivers/gpu/drm/i915/i915_drv.c           |   5 +
 drivers/gpu/drm/i915/i915_drv.h           |   1 +
 drivers/gpu/drm/i915/i915_gem.c           |  11 +-
 drivers/gpu/drm/i915/i915_gem_gtt.c       |   8 +
 drivers/gpu/drm/i915/i915_gem_gtt.h       |   1 +
 drivers/gpu/drm/i915/intel_bios.c         |  36 +++
 drivers/gpu/drm/i915/intel_ddi.c          |  16 +-
 drivers/gpu/drm/i915/intel_display.c      |   6 +
 drivers/gpu/drm/i915/intel_dpll_mgr.c     |   6 +-
 drivers/gpu/drm/i915/intel_drv.h          |   6 +
 drivers/gpu/drm/i915/intel_dsi.c          | 141 ++++++++++--
 drivers/gpu/drm/i915/intel_hdmi.c         | 104 ++++++++-
 drivers/gpu/drm/i915/intel_lrc.c          | 146 +-----------
 drivers/gpu/drm/i915/intel_lrc.h          |   1 -
 drivers/gpu/drm/i915/intel_mocs.c         |  12 +-
 drivers/gpu/drm/i915/intel_pm.c           |   2 +
 drivers/gpu/drm/i915/intel_psr.c          |  55 ++++-
 drivers/gpu/drm/i915/intel_ringbuffer.c   | 207 ++++++++---------
 drivers/gpu/drm/i915/intel_ringbuffer.h   |   6 +-
 drivers/gpu/drm/i915/intel_vbt_defs.h     |  12 +
 include/drm/drm_dp_dual_mode_helper.h     |  92 ++++++++
 25 files changed, 947 insertions(+), 307 deletions(-)
 create mode 100644 drivers/gpu/drm/drm_dp_dual_mode_helper.c
 create mode 100644 include/drm/drm_dp_dual_mode_helper.h
Merging drm-tegra/drm/tegra/for-next (057eab2013ec MAINTAINERS: Remove Terje Bergström as Tegra DRM maintainer)
$ git merge drm-tegra/drm/tegra/for-next
Already up-to-date.
Merging drm-misc/topic/drm-misc (14fe29e8ef44 drm/doc: Drop vblank_disable_allow wording)
$ git merge drm-misc/topic/drm-misc
Auto-merging MAINTAINERS
Auto-merging Documentation/DocBook/gpu.tmpl
Merge made by the 'recursive' strategy.
 Documentation/DocBook/gpu.tmpl |  9 +----
 MAINTAINERS                    |  3 ++
 drivers/gpu/drm/drm_irq.c      | 90 ++++++------------------------------------
 drivers/gpu/drm/drm_mm.c       |  4 +-
 include/drm/drmP.h             | 14 +++----
 5 files changed, 24 insertions(+), 96 deletions(-)
Merging drm-exynos/exynos-drm/for-next (25364a9e54fb Merge branch 'for-linus' of git://git.kernel.org/pub/scm/linux/kernel/git/jikos/hid)
$ git merge drm-exynos/exynos-drm/for-next
Already up-to-date.
Merging drm-msm/msm-next (2b669875332f drm/msm: Drop load/unload drm_driver ops)
$ git merge drm-msm/msm-next
Already up-to-date.
Merging hdlcd/for-upstream/hdlcd (c466cbed691a drm: hdlcd: Revamp runtime power management)
$ git merge hdlcd/for-upstream/hdlcd
Auto-merging drivers/gpu/drm/arm/hdlcd_drv.c
Merge made by the 'recursive' strategy.
 drivers/gpu/drm/arm/hdlcd_crtc.c | 23 +++++++++----------
 drivers/gpu/drm/arm/hdlcd_drv.c  | 48 ++++++++++++++++++++++------------------
 drivers/gpu/drm/arm/hdlcd_drv.h  |  3 +--
 3 files changed, 39 insertions(+), 35 deletions(-)
Merging drm-vc4/drm-vc4-next (efea172891fc drm/vc4: Return -EBUSY if there's already a pending flip event.)
$ git merge drm-vc4/drm-vc4-next
Auto-merging drivers/gpu/drm/vc4/vc4_kms.c
Auto-merging drivers/gpu/drm/vc4/vc4_drv.c
Auto-merging drivers/gpu/drm/vc4/vc4_crtc.c
Merge made by the 'recursive' strategy.
 drivers/gpu/drm/vc4/vc4_crtc.c |  4 ++++
 drivers/gpu/drm/vc4/vc4_drv.c  |  2 +-
 drivers/gpu/drm/vc4/vc4_kms.c  | 16 ++++++++++++----
 3 files changed, 17 insertions(+), 5 deletions(-)
Merging sunxi/sunxi/for-next (ed490b3ebfa4 Merge branches 'sunxi/drm-fixes-for-4.7' and 'sunxi/dt-for-4.7' into sunxi/for-next)
$ git merge sunxi/sunxi/for-next
Merge made by the 'recursive' strategy.
 drivers/gpu/drm/sun4i/Kconfig          | 2 +-
 drivers/gpu/drm/sun4i/sun4i_backend.c  | 4 ++--
 drivers/gpu/drm/sun4i/sun4i_dotclock.c | 8 ++++++--
 3 files changed, 9 insertions(+), 5 deletions(-)
Merging kbuild/for-next (0c644e04ad1b Merge branch 'kbuild/misc' into kbuild/for-next)
$ git merge kbuild/for-next
Removing scripts/coccinelle/misc/compare_const_fl.cocci
Auto-merging scripts/Makefile.lib
Auto-merging init/Kconfig
Auto-merging arch/x86/boot/compressed/Makefile
Auto-merging arch/arm/boot/Makefile
Auto-merging Makefile
Merge made by the 'recursive' strategy.
 Documentation/kbuild/kconfig-language.txt      |  22 ++--
 Makefile                                       |  66 +++++++---
 arch/arm/boot/Makefile                         |   1 -
 arch/arm/boot/bootp/Makefile                   |   3 +-
 arch/arm/vdso/Makefile                         |   2 +-
 arch/h8300/boot/compressed/Makefile            |   1 -
 arch/ia64/Makefile                             |   6 +-
 arch/m32r/boot/compressed/Makefile             |   1 -
 arch/mn10300/boot/compressed/Makefile          |   1 -
 arch/nios2/boot/compressed/Makefile            |   1 -
 arch/s390/boot/compressed/Makefile             |   1 -
 arch/sh/boot/compressed/Makefile               |   1 -
 arch/sh/boot/romimage/Makefile                 |   1 -
 arch/unicore32/boot/Makefile                   |   2 +-
 arch/unicore32/boot/compressed/Makefile        |   1 -
 arch/x86/boot/compressed/Makefile              |   1 -
 arch/x86/entry/vdso/Makefile                   |   4 +-
 arch/x86/purgatory/Makefile                    |   2 -
 arch/x86/realmode/rm/Makefile                  |   1 -
 include/linux/export.h                         |  33 ++++-
 init/Kconfig                                   |  29 +++++
 kernel/gcov/Kconfig                            |   1 +
 scripts/Kbuild.include                         |  45 ++++++-
 scripts/Makefile.build                         |  44 +++----
 scripts/Makefile.extrawarn                     |   1 +
 scripts/Makefile.lib                           |   8 +-
 scripts/adjust_autoksyms.sh                    | 101 +++++++++++++++
 scripts/basic/fixdep.c                         |  61 ++++++---
 scripts/coccicheck                             |   2 +-
 scripts/coccinelle/api/setup_timer.cocci       |   4 +-
 scripts/coccinelle/misc/compare_const_fl.cocci | 171 -------------------------
 scripts/genksyms/genksyms.c                    |   3 +
 scripts/kconfig/confdata.c                     |   4 +-
 scripts/kconfig/symbol.c                       |  14 ++
 scripts/package/Makefile                       |   4 +-
 scripts/package/builddeb                       |   5 +-
 scripts/package/mkspec                         |   5 +
 tools/build/Makefile.build                     |   8 +-
 38 files changed, 379 insertions(+), 282 deletions(-)
 create mode 100755 scripts/adjust_autoksyms.sh
 delete mode 100644 scripts/coccinelle/misc/compare_const_fl.cocci
Merging kconfig/for-next (5bcba792bb30 localmodconfig: Fix whitespace repeat count after "tristate")
$ git merge kconfig/for-next
Already up-to-date.
Merging regmap/for-next (d4ab78d7076d Merge remote-tracking branches 'regmap/topic/doc' and 'regmap/topic/flat' into regmap-next)
$ git merge regmap/for-next
Already up-to-date.
Merging sound/for-next (7d727869c7b8 ALSA: hda/realtek - Add support for ALC295/ALC3254)
$ git merge sound/for-next
Already up-to-date.
Merging sound-asoc/for-next (349982487e26 Merge remote-tracking branches 'asoc/fix/ak4642' and 'asoc/fix/twl6040' into asoc-linus)
$ git merge sound-asoc/for-next
Merge made by the 'recursive' strategy.
 include/linux/mfd/twl6040.h | 1 +
 sound/soc/codecs/ak4642.c   | 3 +++
 sound/soc/codecs/twl6040.c  | 4 ++--
 3 files changed, 6 insertions(+), 2 deletions(-)
Merging modules/modules-next (e2d1248432c4 module: Disable MODULE_FORCE_LOAD when MODULE_SIG_FORCE is enabled)
$ git merge modules/modules-next
Auto-merging kernel/module.c
Auto-merging init/Kconfig
Auto-merging include/linux/module.h
Merge made by the 'recursive' strategy.
 Documentation/module-signing.txt |  6 ++++++
 include/linux/module.h           |  4 ++--
 init/Kconfig                     |  1 +
 kernel/module.c                  | 29 +++++++++++++++++++++--------
 4 files changed, 30 insertions(+), 10 deletions(-)
Merging input/next (4feacbc24eea Input: add new driver for the Surface 3)
$ git merge input/next
Auto-merging drivers/input/touchscreen/Makefile
Auto-merging drivers/input/touchscreen/Kconfig
Auto-merging drivers/input/input.c
Merge made by the 'recursive' strategy.
 .../devicetree/bindings/input/atmel,captouch.txt   |  36 +++
 drivers/input/input.c                              |   7 +-
 drivers/input/misc/Kconfig                         |  14 +
 drivers/input/misc/Makefile                        |   1 +
 drivers/input/misc/atmel_captouch.c                | 290 ++++++++++++++++++++
 drivers/input/rmi4/rmi_f01.c                       |  22 +-
 drivers/input/touchscreen/Kconfig                  |  15 +-
 drivers/input/touchscreen/Makefile                 |   1 +
 drivers/input/touchscreen/migor_ts.c               |   6 +-
 drivers/input/touchscreen/surface3_spi.c           | 304 +++++++++++++++++++++
 10 files changed, 677 insertions(+), 19 deletions(-)
 create mode 100644 Documentation/devicetree/bindings/input/atmel,captouch.txt
 create mode 100644 drivers/input/misc/atmel_captouch.c
 create mode 100644 drivers/input/touchscreen/surface3_spi.c
Merging block/for-next (661806a31989 Merge branch 'for-4.7/core' into for-next)
$ git merge block/for-next
Already up-to-date!
Merge made by the 'recursive' strategy.
Merging lightnvm/for-next (2a65aee4011b lightnvm: reserved space calculation incorrect)
$ git merge lightnvm/for-next
Merge made by the 'recursive' strategy.
Merging device-mapper/for-next (202bae52934d dm thin: unroll issue_discard() to create longer discard bio chains)
$ git merge device-mapper/for-next
Already up-to-date.
Merging pcmcia/master (e8e68fd86d22 pcmcia: do not break rsrc_nonstatic when handling anonymous cards)
$ git merge pcmcia/master
Already up-to-date.
Merging mmc-uh/next (fc24637efecf Merge branch 'fixes' into next)
$ git merge mmc-uh/next
Merge made by the 'recursive' strategy.
 drivers/acpi/device_pm.c           |  1 +
 drivers/mmc/card/block.c           | 24 +++++++++++--
 drivers/mmc/core/core.c            |  4 +--
 drivers/mmc/core/host.c            | 24 +++++++++++++
 drivers/mmc/host/dw_mmc-rockchip.c | 72 +++++++++++++++++++++++++++++++++++---
 drivers/mmc/host/dw_mmc.c          |  6 ++--
 drivers/mmc/host/sdhci-acpi.c      | 13 ++++---
 drivers/mmc/host/sdhci-pci-core.c  |  5 +--
 include/linux/mmc/host.h           |  4 +++
 9 files changed, 133 insertions(+), 20 deletions(-)
Merging md/for-next (03b979dd0323 Merge tag 'please-pull-misc-4.7' of git://git.kernel.org/pub/scm/linux/kernel/git/aegl/linux)
$ git merge md/for-next
Already up-to-date.
Merging mfd/for-mfd-next (b52207ef4ea5 mfd: hi655x: Add MFD driver for hi655x)
$ git merge mfd/for-mfd-next
Already up-to-date.
Merging backlight/for-backlight-next (60d613d6aef4 backlight: pwm_bl: Free PWM requested by legacy API on error path)
$ git merge backlight/for-backlight-next
Already up-to-date.
Merging battery/master (4a99fa06a8ca sbs-battery: fix power status when battery charging near dry)
$ git merge battery/master
Already up-to-date.
Merging omap_dss2/for-next (ab366b40b851 fbdev: Use IS_ENABLED() instead of checking for built-in or module)
$ git merge omap_dss2/for-next
Already up-to-date.
Merging regulator/for-next (6b3f657e5e3e Merge remote-tracking branch 'regulator/fix/ccv' into regulator-linus)
$ git merge regulator/for-next
Already up-to-date!
Merge made by the 'recursive' strategy.
Merging security/next (b937190c40de LSM: LoadPin: provide enablement CONFIG)
$ git merge security/next
Already up-to-date.
Merging integrity/next (05d1a717ec04 ima: add support for creating files using the mknodat syscall)
$ git merge integrity/next
Already up-to-date.
Merging keys/keys-next (75aeddd12f20 MAINTAINERS: Update keyrings record and add asymmetric keys record)
$ git merge keys/keys-next
Already up-to-date.
Merging selinux/next (b937190c40de LSM: LoadPin: provide enablement CONFIG)
$ git merge selinux/next
Already up-to-date.
Merging tpmdd/next (e8f2f45a4402 tpm: Fix suspend regression)
$ git merge tpmdd/next
Auto-merging include/uapi/linux/Kbuild
Auto-merging Documentation/ioctl/ioctl-number.txt
Merge made by the 'recursive' strategy.
 Documentation/ioctl/ioctl-number.txt   |   1 +
 Documentation/tpm/tpm_vtpm_proxy.txt   |  71 ++++
 drivers/char/tpm/Kconfig               |  11 +
 drivers/char/tpm/Makefile              |   1 +
 drivers/char/tpm/st33zp24/Kconfig      |  11 +-
 drivers/char/tpm/st33zp24/i2c.c        |  70 +++-
 drivers/char/tpm/st33zp24/spi.c        | 184 ++++++----
 drivers/char/tpm/st33zp24/st33zp24.c   | 125 +++----
 drivers/char/tpm/st33zp24/st33zp24.h   |  14 +-
 drivers/char/tpm/tpm-chip.c            | 284 ++++++++++-----
 drivers/char/tpm/tpm-dev.c             |  15 +-
 drivers/char/tpm/tpm-interface.c       | 105 +++---
 drivers/char/tpm/tpm-sysfs.c           |  78 ++--
 drivers/char/tpm/tpm.h                 |  73 ++--
 drivers/char/tpm/tpm2-cmd.c            |  11 +-
 drivers/char/tpm/tpm_atmel.c           |  63 ++--
 drivers/char/tpm/tpm_atmel.h           |  16 +-
 drivers/char/tpm/tpm_crb.c             |  73 ++--
 drivers/char/tpm/tpm_eventlog.c        |   2 +-
 drivers/char/tpm/tpm_eventlog.h        |   4 +-
 drivers/char/tpm/tpm_i2c_atmel.c       |  39 +-
 drivers/char/tpm/tpm_i2c_infineon.c    |  55 ++-
 drivers/char/tpm/tpm_i2c_nuvoton.c     |  98 ++---
 drivers/char/tpm/tpm_ibmvtpm.c         |  38 +-
 drivers/char/tpm/tpm_infineon.c        |  22 +-
 drivers/char/tpm/tpm_nsc.c             |  84 +++--
 drivers/char/tpm/tpm_tis.c             | 266 +++++++-------
 drivers/char/tpm/tpm_vtpm_proxy.c      | 644 +++++++++++++++++++++++++++++++++
 drivers/char/tpm/xen-tpmfront.c        |  36 +-
 include/linux/platform_data/st33zp24.h |   2 +-
 include/uapi/linux/Kbuild              |   1 +
 include/uapi/linux/vtpm_proxy.h        |  36 ++
 32 files changed, 1768 insertions(+), 765 deletions(-)
 create mode 100644 Documentation/tpm/tpm_vtpm_proxy.txt
 create mode 100644 drivers/char/tpm/tpm_vtpm_proxy.c
 create mode 100644 include/uapi/linux/vtpm_proxy.h
Merging watchdog/master (540be8b2add1 MAINTAINERS: Add file patterns for watchdog device tree bindings)
$ git merge watchdog/master
Auto-merging drivers/watchdog/watchdog_core.c
Auto-merging drivers/watchdog/Makefile
Auto-merging drivers/watchdog/Kconfig
Auto-merging arch/arm64/configs/defconfig
Auto-merging MAINTAINERS
Merge made by the 'recursive' strategy.
 .../devicetree/bindings/watchdog/fsl-imx-wdt.txt   |   4 +-
 .../devicetree/bindings/watchdog/renesas-wdt.txt   |  25 +++
 Documentation/watchdog/hpwdt.txt                   |  57 +++---
 Documentation/watchdog/watchdog-parameters.txt     |   4 +
 MAINTAINERS                                        |   1 +
 arch/arm64/configs/defconfig                       |   2 +
 drivers/watchdog/Kconfig                           |   8 +
 drivers/watchdog/Makefile                          |   1 +
 drivers/watchdog/cpwd.c                            |   4 +-
 drivers/watchdog/f71808e_wdt.c                     |  30 ++-
 drivers/watchdog/imx2_wdt.c                        |  19 +-
 drivers/watchdog/jz4740_wdt.c                      |   4 +-
 drivers/watchdog/octeon-wdt-main.c                 |   2 +-
 drivers/watchdog/qcom-wdt.c                        |   7 +-
 drivers/watchdog/renesas_wdt.c                     | 213 +++++++++++++++++++++
 drivers/watchdog/shwdt.c                           |   4 +-
 drivers/watchdog/sp5100_tco.c                      |  15 +-
 drivers/watchdog/watchdog_core.c                   |   2 +-
 drivers/watchdog/watchdog_dev.c                    |   1 -
 19 files changed, 349 insertions(+), 54 deletions(-)
 create mode 100644 Documentation/devicetree/bindings/watchdog/renesas-wdt.txt
 create mode 100644 drivers/watchdog/renesas_wdt.c
Merging iommu/next (6c0b43df74f9 Merge branches 'arm/io-pgtable', 'arm/rockchip', 'arm/omap', 'x86/vt-d', 'ppc/pamu', 'core' and 'x86/amd' into next)
$ git merge iommu/next
Already up-to-date.
Merging dwmw2-iommu/master (22e2f9fa63b0 iommu/vt-d: Use per-cpu IOVA caching)
$ git merge dwmw2-iommu/master
Auto-merging drivers/iommu/intel-iommu.c
Merge made by the 'recursive' strategy.
 drivers/iommu/intel-iommu.c | 318 +++++++++++++++++++++++----------
 drivers/iommu/iova.c        | 417 +++++++++++++++++++++++++++++++++++++++++---
 include/linux/iova.h        |  23 ++-
 3 files changed, 638 insertions(+), 120 deletions(-)
Merging vfio/next (f70552809419 vfio_pci: Test for extended capabilities if config space > 256 bytes)
$ git merge vfio/next
Auto-merging drivers/vfio/vfio_iommu_spapr_tce.c
Merge made by the 'recursive' strategy.
 drivers/vfio/pci/vfio_pci.c         | 55 ++++++++++++++++++++++++++++++-------
 drivers/vfio/pci/vfio_pci_config.c  | 46 +++++++++++++++++++++++++------
 drivers/vfio/pci/vfio_pci_private.h |  1 +
 drivers/vfio/vfio_iommu_spapr_tce.c |  2 --
 4 files changed, 84 insertions(+), 20 deletions(-)
Merging jc_docs/docs-next (9f8036643dd9 doc: self-protection: provide initial details)
$ git merge jc_docs/docs-next
Already up-to-date.
Merging trivial/for-next (52bbe141f37f gitignore: fix wording)
$ git merge trivial/for-next
Already up-to-date.
Merging audit/next (188e3c5cd2b6 tty: provide tty_name() even without CONFIG_TTY)
$ git merge audit/next
Already up-to-date.
Merging devicetree/devicetree/next (48a9b733e644 of/irq: Rename "intc_desc" to "of_intc_desc" to fix OF on sh)
$ git merge devicetree/devicetree/next
Already up-to-date.
Merging dt-rh/for-next (f2c27767af0a devicetree: Add Creative Technology vendor id)
$ git merge dt-rh/for-next
Already up-to-date.
Merging mailbox/mailbox-for-next (c430cf376fee mailbox: Fix devm_ioremap_resource error detection code)
$ git merge mailbox/mailbox-for-next
Already up-to-date.
Merging spi/for-next (c4e85b7e6ff7 Merge remote-tracking branch 'spi/topic/zynqmp' into spi-next)
$ git merge spi/for-next
Already up-to-date.
Merging tip/auto-latest (65fd15a016cc Merge branch 'perf/urgent')
$ git merge tip/auto-latest
Auto-merging tools/perf/util/machine.c
Auto-merging kernel/sysctl.c
Auto-merging kernel/futex.c
Auto-merging kernel/fork.c
Auto-merging kernel/bpf/stackmap.c
Auto-merging include/linux/sched.h
Auto-merging include/linux/perf_event.h
Auto-merging arch/x86/include/asm/uaccess.h
Auto-merging arch/powerpc/perf/callchain.c
Auto-merging MAINTAINERS
Merge made by the 'recursive' strategy.
 Documentation/sysctl/kernel.txt          |  14 +
 MAINTAINERS                              |   1 +
 arch/arc/kernel/perf_event.c             |   6 +-
 arch/arm/kernel/perf_callchain.c         |  10 +-
 arch/arm64/kernel/perf_callchain.c       |  14 +-
 arch/metag/kernel/perf_callchain.c       |  10 +-
 arch/mips/kernel/perf_event.c            |  12 +-
 arch/powerpc/perf/callchain.c            |  20 +-
 arch/s390/kernel/perf_event.c            |   4 +-
 arch/sh/kernel/perf_callchain.c          |   4 +-
 arch/sparc/kernel/perf_event.c           |  14 +-
 arch/tile/kernel/perf_event.c            |   6 +-
 arch/x86/entry/thunk_64.S                |  11 +-
 arch/x86/events/core.c                   |  14 +-
 arch/x86/events/intel/p4.c               |   2 +-
 arch/x86/events/intel/uncore.c           |   2 +-
 arch/x86/include/asm/bugs.h              |   8 +
 arch/x86/include/asm/cpufeature.h        |  12 +-
 arch/x86/include/asm/disabled-features.h |   6 +-
 arch/x86/include/asm/topology.h          |  12 +-
 arch/x86/include/asm/uaccess.h           |  23 +-
 arch/x86/kernel/cpu/common.c             |   7 +
 arch/x86/kernel/cpu/intel.c              |  44 ++-
 arch/x86/kernel/process_64.c             |   4 +-
 arch/x86/kernel/ptrace.c                 |   4 +-
 arch/x86/kernel/tsc_msr.c                |   3 +
 arch/x86/mm/fault.c                      |  11 +-
 arch/x86/platform/efi/efi_stub_64.S      |   9 +-
 arch/xtensa/kernel/perf_event.c          |  10 +-
 include/asm-generic/preempt.h            |   4 +-
 include/linux/futex.h                    |  12 +-
 include/linux/perf_event.h               |  34 +-
 include/linux/sched.h                    |   2 +
 include/uapi/linux/futex.h               |   6 +-
 include/uapi/linux/perf_event.h          |   1 +
 kernel/bpf/stackmap.c                    |   3 +-
 kernel/events/callchain.c                |  36 +-
 kernel/fork.c                            |   7 +
 kernel/futex.c                           | 557 ++++++++++++++++++++++++++++++-
 kernel/sysctl.c                          |  11 +-
 tools/objtool/Makefile                   |   4 +
 tools/objtool/elf.h                      |   5 +
 tools/perf/bench/futex-hash.c            |  38 ++-
 tools/perf/bench/futex.h                 |  14 +
 tools/perf/builtin-buildid-cache.c       |   8 +-
 tools/perf/builtin-stat.c                |  22 +-
 tools/perf/perf.c                        |   3 +
 tools/perf/util/annotate.c               |   2 +-
 tools/perf/util/build-id.c               |   2 +-
 tools/perf/util/dso.c                    |   3 +-
 tools/perf/util/machine.c                |  28 +-
 tools/perf/util/stat-shadow.c            |   8 +-
 tools/perf/util/symbol.c                 |  10 +-
 tools/perf/util/symbol.h                 |   3 +
 tools/perf/util/util.c                   |   3 +-
 tools/perf/util/util.h                   |   3 +-
 56 files changed, 928 insertions(+), 198 deletions(-)
Merging clockevents/clockevents/next (cee77c2c5b57 clocksource/drivers/tango-xtal: Fix incorrect test)
$ git merge clockevents/clockevents/next
Merge made by the 'recursive' strategy.
Merging edac/linux_next (12f0721c5a70 sb_edac: correctly fetch DIMM width on Ivy Bridge and Haswell)
$ git merge edac/linux_next
Already up-to-date.
Merging edac-amd/for-next (3f37a36b6282 EDAC, amd64_edac: Drop pci_register_driver() use)
$ git merge edac-amd/for-next
Already up-to-date.
Merging irqchip/irqchip/for-next (a66ce4b7d9d2 Merge branch 'irqchip/mvebu' into irqchip/for-next)
$ git merge irqchip/irqchip/for-next
Already up-to-date!
Merge made by the 'recursive' strategy.
Merging ftrace/for-next (97f8827a8c79 ftracetest: Use proper logic to find process PID)
$ git merge ftrace/for-next
Already up-to-date.
Merging rcu/rcu/next (0e7e2457e4e4 Merge commit 'dcd36d01fb3f99d1d5df01714f6ccbe3fbbaf81f' into HEAD)
$ git merge rcu/rcu/next
Auto-merging drivers/clk/clk.c
Auto-merging drivers/base/power/runtime.c
Auto-merging arch/arm/kernel/smp.c
Merge made by the 'recursive' strategy.
 arch/arm/kernel/smp.c             |  2 +-
 arch/arm/mach-omap2/powerdomain.c |  9 +++++----
 drivers/base/power/runtime.c      | 14 +++++++-------
 drivers/clk/clk.c                 |  8 ++++----
 4 files changed, 17 insertions(+), 16 deletions(-)
Merging kvm/linux-next (9842df62004f KVM: MTRR: remove MSR 0x2f8)
$ git merge kvm/linux-next
Already up-to-date.
Merging kvm-arm/next (35a2d58588f0 KVM: arm/arm64: vgic-new: Synchronize changes to active state)
$ git merge kvm-arm/next
Auto-merging include/linux/irqchip/arm-gic-v3.h
Auto-merging arch/arm64/include/asm/kvm_host.h
Auto-merging arch/arm/kvm/arm.c
Auto-merging arch/arm/include/asm/kvm_host.h
Merge made by the 'recursive' strategy.
 arch/arm/include/asm/kvm_host.h     |   6 +
 arch/arm/include/asm/kvm_mmio.h     |   3 +
 arch/arm/kvm/Kconfig                |   7 +
 arch/arm/kvm/Makefile               |  11 +
 arch/arm/kvm/arm.c                  |  37 ++-
 arch/arm/kvm/mmio.c                 |  24 +-
 arch/arm64/include/asm/kvm_host.h   |   6 +
 arch/arm64/include/asm/kvm_mmio.h   |   3 +
 arch/arm64/kvm/Kconfig              |   7 +
 arch/arm64/kvm/Makefile             |  12 +
 arch/arm64/kvm/inject_fault.c       |   2 +-
 include/kvm/arm_arch_timer.h        |  11 +-
 include/kvm/arm_vgic.h              |  20 +-
 include/kvm/vgic/vgic.h             | 246 ++++++++++++++
 include/linux/irqchip/arm-gic-v3.h  |   6 +
 include/linux/irqchip/arm-gic.h     |   2 +
 virt/kvm/arm/arch_timer.c           |  68 ++--
 virt/kvm/arm/hyp/timer-sr.c         |   5 +-
 virt/kvm/arm/hyp/vgic-v2-sr.c       |  17 +-
 virt/kvm/arm/pmu.c                  |  25 +-
 virt/kvm/arm/vgic-v2.c              |   4 +-
 virt/kvm/arm/vgic-v3.c              |   8 +-
 virt/kvm/arm/vgic.c                 |  86 ++---
 virt/kvm/arm/vgic/vgic-init.c       | 452 ++++++++++++++++++++++++++
 virt/kvm/arm/vgic/vgic-irqfd.c      |  52 +++
 virt/kvm/arm/vgic/vgic-kvm-device.c | 431 +++++++++++++++++++++++++
 virt/kvm/arm/vgic/vgic-mmio-v2.c    | 446 ++++++++++++++++++++++++++
 virt/kvm/arm/vgic/vgic-mmio-v3.c    | 455 ++++++++++++++++++++++++++
 virt/kvm/arm/vgic/vgic-mmio.c       | 526 ++++++++++++++++++++++++++++++
 virt/kvm/arm/vgic/vgic-mmio.h       | 150 +++++++++
 virt/kvm/arm/vgic/vgic-v2.c         | 352 ++++++++++++++++++++
 virt/kvm/arm/vgic/vgic-v3.c         | 330 +++++++++++++++++++
 virt/kvm/arm/vgic/vgic.c            | 619 ++++++++++++++++++++++++++++++++++++
 virt/kvm/arm/vgic/vgic.h            | 131 ++++++++
 34 files changed, 4404 insertions(+), 156 deletions(-)
 create mode 100644 include/kvm/vgic/vgic.h
 create mode 100644 virt/kvm/arm/vgic/vgic-init.c
 create mode 100644 virt/kvm/arm/vgic/vgic-irqfd.c
 create mode 100644 virt/kvm/arm/vgic/vgic-kvm-device.c
 create mode 100644 virt/kvm/arm/vgic/vgic-mmio-v2.c
 create mode 100644 virt/kvm/arm/vgic/vgic-mmio-v3.c
 create mode 100644 virt/kvm/arm/vgic/vgic-mmio.c
 create mode 100644 virt/kvm/arm/vgic/vgic-mmio.h
 create mode 100644 virt/kvm/arm/vgic/vgic-v2.c
 create mode 100644 virt/kvm/arm/vgic/vgic-v3.c
 create mode 100644 virt/kvm/arm/vgic/vgic.c
 create mode 100644 virt/kvm/arm/vgic/vgic.h
Merging kvm-ppc/kvm-ppc-next (c63517c2e381 KVM: PPC: Book3S: correct width in XER handling)
$ git merge kvm-ppc/kvm-ppc-next
Already up-to-date.
Merging kvm-ppc-paulus/kvm-ppc-next (b1a4286b8f33 KVM: PPC: Book3S HV: Re-enable XICS fast path for irqfd-generated interrupts)
$ git merge kvm-ppc-paulus/kvm-ppc-next
Already up-to-date.
Merging kvms390/next (60a37709ce60 KVM: s390: Populate mask of non-hypervisor managed facility bits)
$ git merge kvms390/next
Already up-to-date.
Merging xen-tip/linux-next (bdadcaf2a7c1 xen: remove incorrect forward declaration)
$ git merge xen-tip/linux-next
Auto-merging drivers/xen/Makefile
Merge made by the 'recursive' strategy.
 Documentation/devicetree/bindings/arm/xen.txt |  35 +++++
 arch/arm/include/asm/xen/xen-ops.h            |   6 +
 arch/arm/kernel/setup.c                       |   2 +-
 arch/arm/xen/Makefile                         |   1 +
 arch/arm/xen/efi.c                            |  40 ++++++
 arch/arm/xen/enlighten.c                      | 125 ++++++++++++----
 arch/arm64/include/asm/xen/xen-ops.h          |   6 +
 arch/arm64/kernel/setup.c                     |   3 +-
 arch/arm64/xen/Makefile                       |   1 +
 arch/x86/xen/efi.c                            | 111 +++++++++++++++
 arch/x86/xen/grant-table.c                    |  57 +-------
 drivers/acpi/scan.c                           |  74 ++++++++++
 drivers/firmware/efi/arm-runtime.c            |   5 +
 drivers/firmware/efi/efi.c                    |  81 ++++++++---
 drivers/of/fdt.c                              |  13 ++
 drivers/xen/Kconfig                           |   2 +-
 drivers/xen/Makefile                          |   1 +
 drivers/xen/arm-device.c                      | 196 ++++++++++++++++++++++++++
 drivers/xen/balloon.c                         |  28 ++--
 drivers/xen/efi.c                             | 173 +++++------------------
 drivers/xen/xlate_mmu.c                       |  77 ++++++++++
 include/linux/of_fdt.h                        |   2 +
 include/xen/interface/hvm/params.h            |  40 +++++-
 include/xen/interface/memory.h                |   1 +
 include/xen/xen-ops.h                         |  32 +++--
 25 files changed, 849 insertions(+), 263 deletions(-)
 create mode 100644 arch/arm/include/asm/xen/xen-ops.h
 create mode 100644 arch/arm/xen/efi.c
 create mode 100644 arch/arm64/include/asm/xen/xen-ops.h
 create mode 100644 drivers/xen/arm-device.c
Merging percpu/for-next (18fc93fd6412 percpu: remove PERCPU_ENOUGH_ROOM which is stale definition)
$ git merge percpu/for-next
Already up-to-date.
Merging workqueues/for-next (f1e89a8f3358 Merge branch 'for-4.6-fixes' into for-next)
$ git merge workqueues/for-next
Already up-to-date!
Merge made by the 'recursive' strategy.
Merging drivers-x86/for-next (cfdfb45ff3be thinkpad_acpi: save kbdlight state on suspend and restore it on resume)
$ git merge drivers-x86/for-next
Auto-merging drivers/platform/x86/thinkpad_acpi.c
Auto-merging drivers/platform/x86/intel_telemetry_pltdrv.c
Merge made by the 'recursive' strategy.
 arch/x86/include/asm/intel_telemetry.h        |  2 +-
 drivers/platform/x86/asus-laptop.c            | 15 ++++---
 drivers/platform/x86/asus-wmi.c               |  5 +++
 drivers/platform/x86/fujitsu-laptop.c         | 63 ++++++++++++++++++++++++---
 drivers/platform/x86/ideapad-laptop.c         | 20 +++++++--
 drivers/platform/x86/intel_menlow.c           | 49 ++++++++++-----------
 drivers/platform/x86/intel_telemetry_core.c   |  6 +--
 drivers/platform/x86/intel_telemetry_pltdrv.c |  2 +-
 drivers/platform/x86/sony-laptop.c            |  3 ++
 drivers/platform/x86/surfacepro3_button.c     |  9 +++-
 drivers/platform/x86/thinkpad_acpi.c          | 43 ++++++++++++++++--
 11 files changed, 164 insertions(+), 53 deletions(-)
Merging chrome-platform/for-next (9e96aa70e9ac platform/chrome: chromeos_laptop - Add Elan touchpad for Wolf)
$ git merge chrome-platform/for-next
Merge made by the 'recursive' strategy.
 drivers/platform/chrome/Kconfig                  |  10 ++
 drivers/platform/chrome/Makefile                 |  15 +--
 drivers/platform/chrome/chromeos_laptop.c        |  37 ++++++-
 drivers/platform/chrome/chromeos_pstore.c        |  55 +++++++++-
 drivers/platform/chrome/cros_ec_dev.c            |   7 ++
 drivers/platform/chrome/cros_ec_lightbar.c       |  10 +-
 drivers/platform/chrome/cros_ec_proto.c          |   4 +-
 drivers/platform/chrome/cros_kbd_led_backlight.c | 122 +++++++++++++++++++++++
 include/linux/mfd/cros_ec.h                      |   6 +-
 9 files changed, 249 insertions(+), 17 deletions(-)
 create mode 100644 drivers/platform/chrome/cros_kbd_led_backlight.c
Merging hsi/for-next (c2f90a465df7 HSI: omap-ssi: move omap_ssi_port_update_fclk)
$ git merge hsi/for-next
Already up-to-date.
Merging leds/for-next (87ae3810779d leds: core: Fix brightness setting upon hardware blinking enabled)
$ git merge leds/for-next
Auto-merging MAINTAINERS
Merge made by the 'recursive' strategy.
 Documentation/leds/leds-class.txt |  4 ++--
 MAINTAINERS                       |  1 +
 drivers/leds/led-core.c           |  9 ++++++---
 include/linux/leds.h              | 23 ++++++++++++-----------
 4 files changed, 21 insertions(+), 16 deletions(-)
Merging ipmi/for-next (a1b4e31bfabb IPMI: reserve memio regions separately)
$ git merge ipmi/for-next
Merge made by the 'recursive' strategy.
Merging driver-core/driver-core-next (5469dc270cd4 Merge branch 'akpm' (patches from Andrew))
$ git merge driver-core/driver-core-next
Already up-to-date.
Merging tty/tty-next (5469dc270cd4 Merge branch 'akpm' (patches from Andrew))
$ git merge tty/tty-next
Already up-to-date.
Merging usb/usb-next (5469dc270cd4 Merge branch 'akpm' (patches from Andrew))
$ git merge usb/usb-next
Already up-to-date.
Merging usb-gadget/next (2a58f9c12bb3 usb: dwc3: gadget: disable automatic calculation of ACK TP NUMP)
$ git merge usb-gadget/next
Already up-to-date.
Merging usb-serial/usb-next (b923c6c62981 USB: serial: ti_usb_3410_5052: add MOXA UPORT 11x0 support)
$ git merge usb-serial/usb-next
Already up-to-date.
Merging usb-chipidea-next/ci-for-usb-next (764763f0a0c8 doc: usb: chipidea: update the doc for OTG FSM)
$ git merge usb-chipidea-next/ci-for-usb-next
Already up-to-date.
Merging staging/staging-next (5469dc270cd4 Merge branch 'akpm' (patches from Andrew))
$ git merge staging/staging-next
Already up-to-date.
Merging char-misc/char-misc-next (5469dc270cd4 Merge branch 'akpm' (patches from Andrew))
$ git merge char-misc/char-misc-next
Already up-to-date.
Merging extcon/extcon-next (453fc627c7b5 extcon: usb-gpio: add support for ACPI gpio interface)
$ git merge extcon/extcon-next
Merge made by the 'recursive' strategy.
 drivers/extcon/extcon-usb-gpio.c | 32 ++++++++++++++++++--------------
 1 file changed, 18 insertions(+), 14 deletions(-)
Merging cgroup/for-next (a6b18f07bc86 Merge branch 'for-4.6-fixes' into for-next)
$ git merge cgroup/for-next
Merge made by the 'recursive' strategy.
 Documentation/cgroup-v2.txt | 2 +-
 1 file changed, 1 insertion(+), 1 deletion(-)
Merging scsi/for-next (787ab6e97024 aacraid: do not activate events on non-SRC adapters)
$ git merge scsi/for-next
Merge made by the 'recursive' strategy.
 drivers/scsi/aacraid/aacraid.h       |  5 +++++
 drivers/scsi/aacraid/linit.c         | 11 ++++++-----
 drivers/scsi/mpt3sas/mpt3sas_scsih.c |  3 ++-
 drivers/scsi/scsi_lib.c              |  7 +++++--
 drivers/scsi/sd.c                    |  9 +++++++--
 5 files changed, 25 insertions(+), 10 deletions(-)
Merging target-updates/for-next (8f0dfb3d8b11 iscsi-target: Fix early sk_data_ready LOGIN_FLAGS_READY race)
$ git merge target-updates/for-next
Auto-merging include/target/target_core_fabric.h
Auto-merging drivers/target/target_core_transport.c
Auto-merging drivers/target/iscsi/iscsi_target_util.c
Auto-merging drivers/infiniband/ulp/srpt/ib_srpt.c
Auto-merging drivers/infiniband/ulp/isert/ib_isert.c
Merge made by the 'recursive' strategy.
 Documentation/scsi/tcm_qla2xxx.txt                |   22 +
 Documentation/target/tcm_mod_builder.py           |   16 -
 drivers/infiniband/ulp/isert/ib_isert.c           |   11 +
 drivers/infiniband/ulp/srpt/ib_srpt.c             |    9 -
 drivers/scsi/qla2xxx/Kconfig                      |    9 +
 drivers/scsi/qla2xxx/qla_target.c                 |   56 +-
 drivers/scsi/qla2xxx/qla_target.h                 |    4 +-
 drivers/scsi/qla2xxx/tcm_qla2xxx.c                |   59 +-
 drivers/scsi/qla2xxx/tcm_qla2xxx.h                |    1 +
 drivers/target/iscsi/Kconfig                      |    2 +
 drivers/target/iscsi/Makefile                     |    1 +
 drivers/target/iscsi/cxgbit/Kconfig               |    7 +
 drivers/target/iscsi/cxgbit/Makefile              |    6 +
 drivers/target/iscsi/cxgbit/cxgbit.h              |  353 ++++
 drivers/target/iscsi/cxgbit/cxgbit_cm.c           | 2086 +++++++++++++++++++++
 drivers/target/iscsi/cxgbit/cxgbit_ddp.c          |  325 ++++
 drivers/target/iscsi/cxgbit/cxgbit_lro.h          |   72 +
 drivers/target/iscsi/cxgbit/cxgbit_main.c         |  702 +++++++
 drivers/target/iscsi/cxgbit/cxgbit_target.c       | 1561 +++++++++++++++
 drivers/target/iscsi/iscsi_target.c               |  701 +++----
 drivers/target/iscsi/iscsi_target_configfs.c      |  158 +-
 drivers/target/iscsi/iscsi_target_datain_values.c |    1 +
 drivers/target/iscsi/iscsi_target_erl0.c          |    2 +-
 drivers/target/iscsi/iscsi_target_login.c         |   17 +-
 drivers/target/iscsi/iscsi_target_nego.c          |   19 +-
 drivers/target/iscsi/iscsi_target_parameters.c    |    1 +
 drivers/target/iscsi/iscsi_target_util.c          |    5 +
 drivers/target/loopback/tcm_loop.c                |   12 -
 drivers/target/sbp/sbp_target.c                   |   12 -
 drivers/target/target_core_alua.c                 |    6 +-
 drivers/target/target_core_configfs.c             |   70 +-
 drivers/target/target_core_internal.h             |    6 +
 drivers/target/target_core_pr.c                   |    2 +-
 drivers/target/target_core_rd.c                   |    4 -
 drivers/target/target_core_tpg.c                  |   83 +-
 drivers/target/target_core_transport.c            |   26 +-
 drivers/target/tcm_fc/tcm_fc.h                    |    1 -
 drivers/target/tcm_fc/tfc_conf.c                  |    1 -
 drivers/target/tcm_fc/tfc_sess.c                  |   12 -
 drivers/usb/gadget/function/f_tcm.c               |   11 -
 drivers/vhost/scsi.c                              |   12 -
 drivers/xen/xen-scsiback.c                        |   11 -
 include/target/iscsi/iscsi_target_core.h          |   27 +
 include/target/iscsi/iscsi_transport.h            |   41 +
 include/target/target_core_base.h                 |    2 -
 include/target/target_core_fabric.h               |    6 -
 46 files changed, 5737 insertions(+), 814 deletions(-)
 create mode 100644 Documentation/scsi/tcm_qla2xxx.txt
 create mode 100644 drivers/target/iscsi/cxgbit/Kconfig
 create mode 100644 drivers/target/iscsi/cxgbit/Makefile
 create mode 100644 drivers/target/iscsi/cxgbit/cxgbit.h
 create mode 100644 drivers/target/iscsi/cxgbit/cxgbit_cm.c
 create mode 100644 drivers/target/iscsi/cxgbit/cxgbit_ddp.c
 create mode 100644 drivers/target/iscsi/cxgbit/cxgbit_lro.h
 create mode 100644 drivers/target/iscsi/cxgbit/cxgbit_main.c
 create mode 100644 drivers/target/iscsi/cxgbit/cxgbit_target.c
Merging target-merge/for-next-merge (2994a7518317 cxgb4: update Kconfig and Makefile)
$ git merge target-merge/for-next-merge
Already up-to-date.
Merging libata/for-next (a85742332511 Merge branch 'for-4.7' into for-next)
$ git merge libata/for-next
Already up-to-date!
Merge made by the 'recursive' strategy.
Merging pinctrl/for-next (7639dad93a55 Merge tag 'trace-v4.7-2' of git://git.kernel.org/pub/scm/linux/kernel/git/rostedt/linux-trace)
$ git merge pinctrl/for-next
Already up-to-date.
Merging vhost/linux-next (bb991288728e ringtest: pass buf != NULL)
$ git merge vhost/linux-next
Already up-to-date.
Merging remoteproc/for-next (7a6271a80cae remoteproc/wkup_m3: Use MODULE_DEVICE_TABLE to export alias)
$ git merge remoteproc/for-next
Merge made by the 'recursive' strategy.
Merging rpmsg/for-next (da5cb422f15d Merge branches 'rpmsg-next' and 'rproc-next' into for-next)
$ git merge rpmsg/for-next
Auto-merging MAINTAINERS
Merge made by the 'recursive' strategy.
 MAINTAINERS | 3 ++-
 1 file changed, 2 insertions(+), 1 deletion(-)
Merging gpio/for-next (7639dad93a55 Merge tag 'trace-v4.7-2' of git://git.kernel.org/pub/scm/linux/kernel/git/rostedt/linux-trace)
$ git merge gpio/for-next
Already up-to-date.
Merging dma-mapping/dma-mapping-next (d770e558e219 Linux 4.2-rc1)
$ git merge dma-mapping/dma-mapping-next
Already up-to-date.
Merging pwm/for-next (18c588786c08 Merge branch 'for-4.7/pwm-atomic' into for-next)
$ git merge pwm/for-next
Auto-merging drivers/video/fbdev/ssd1307fb.c
Auto-merging drivers/input/misc/max8997_haptic.c
Auto-merging drivers/gpu/drm/i915/intel_panel.c
Merge made by the 'recursive' strategy.
 Documentation/pwm.txt                |  30 +++-
 arch/arm/mach-s3c24xx/mach-rx1950.c  |   6 +
 drivers/clk/clk-pwm.c                |  17 +-
 drivers/gpu/drm/i915/intel_panel.c   |   6 +
 drivers/hwmon/pwm-fan.c              |  26 ++-
 drivers/input/misc/max77693-haptic.c |  17 +-
 drivers/input/misc/max8997_haptic.c  |   6 +
 drivers/input/misc/pwm-beeper.c      |   6 +
 drivers/leds/leds-pwm.c              |  11 +-
 drivers/pwm/core.c                   | 224 ++++++++++++++----------
 drivers/pwm/pwm-crc.c                |   2 +-
 drivers/pwm/pwm-lpc18xx-sct.c        |   2 +-
 drivers/pwm/pwm-omap-dmtimer.c       |   2 +-
 drivers/pwm/pwm-rcar.c               |   2 +-
 drivers/pwm/pwm-sun4i.c              |   3 +-
 drivers/pwm/sysfs.c                  |  70 ++++++--
 drivers/video/backlight/lm3630a_bl.c |   9 +-
 drivers/video/backlight/lp855x_bl.c  |   6 +
 drivers/video/backlight/lp8788_bl.c  |   6 +
 drivers/video/backlight/pwm_bl.c     |  14 +-
 drivers/video/fbdev/ssd1307fb.c      |  11 +-
 include/linux/pwm.h                  | 319 ++++++++++++++++++++++++++---------
 22 files changed, 585 insertions(+), 210 deletions(-)
Merging dma-buf/for-next (12566cc35d0e Merge tag 'pci-v4.6-fixes-2' of git://git.kernel.org/pub/scm/linux/kernel/git/helgaas/pci)
$ git merge dma-buf/for-next
Already up-to-date.
Merging userns/for-next (f2ca379642d7 namei: permit linking with CAP_FOWNER in userns)
$ git merge userns/for-next
Already up-to-date.
Merging ktest/for-next (2dcd0af568b0 Linux 4.6)
$ git merge ktest/for-next
Already up-to-date.
Merging clk/clk-next (ef56b79b66fa clk: fix critical clock locking)
$ git merge clk/clk-next
Already up-to-date.
Merging aio/master (b562e44f507e Linux 4.5)
$ git merge aio/master
Already up-to-date.
Merging kselftest/next (6eab37daf0ec tools: testing: define the _GNU_SOURCE macro)
$ git merge kselftest/next
Already up-to-date.
Merging y2038/y2038 (4b277763c5b3 vfs: Add support to document max and min inode times)
$ git merge y2038/y2038
Auto-merging include/linux/fs.h
Merge made by the 'recursive' strategy.
 fs/afs/main.c      |  6 ++----
 include/linux/fs.h | 29 ++++++++++++++++++++++++++++-
 2 files changed, 30 insertions(+), 5 deletions(-)
Merging luto-misc/next (afd2ff9b7e1b Linux 4.4)
$ git merge luto-misc/next
Already up-to-date.
Merging borntraeger/linux-next (b562e44f507e Linux 4.5)
$ git merge borntraeger/linux-next
Already up-to-date.
Merging livepatching/for-next (6d9122078097 Merge branch 'for-4.7/core' into for-next)
$ git merge livepatching/for-next
Already up-to-date!
Merge made by the 'recursive' strategy.
Merging coresight/next (f85f84cd36af coresight: Handle build path error)
$ git merge coresight/next
Auto-merging drivers/hwtracing/coresight/coresight.c
Auto-merging drivers/hwtracing/coresight/coresight-etb10.c
Merge made by the 'recursive' strategy.
 drivers/hwtracing/coresight/coresight-etb10.c | 5 +----
 drivers/hwtracing/coresight/coresight.c       | 9 ++++++---
 2 files changed, 7 insertions(+), 7 deletions(-)
Merging rtc/rtc-next (b9ba1eb03368 rtc: tps6586x: rename so module can be autoloaded)
$ git merge rtc/rtc-next
Already up-to-date.
Merging hwspinlock/for-next (bd5717a4632c hwspinlock: qcom: Correct msb in regmap_field)
$ git merge hwspinlock/for-next
Already up-to-date.
Merging nvdimm/libnvdimm-for-next (36092ee8ba69 Merge branch 'for-4.7/dax' into libnvdimm-for-next)
$ git merge nvdimm/libnvdimm-for-next
Already up-to-date.
Merging dax-misc/dax-misc (4d9a2c874667 dax: Remove i_mmap_lock protection)
$ git merge dax-misc/dax-misc
Resolved 'fs/block_dev.c' using previous resolution.
Resolved 'fs/dax.c' using previous resolution.
Resolved 'include/linux/dax.h' using previous resolution.
Resolved 'include/linux/radix-tree.h' using previous resolution.
Auto-merging mm/memory.c
Auto-merging mm/filemap.c
Auto-merging include/linux/radix-tree.h
CONFLICT (content): Merge conflict in include/linux/radix-tree.h
Auto-merging include/linux/mm.h
Auto-merging include/linux/fs.h
Auto-merging include/linux/dax.h
CONFLICT (content): Merge conflict in include/linux/dax.h
Auto-merging include/linux/blkdev.h
Auto-merging fs/xfs/xfs_super.c
Auto-merging fs/xfs/xfs_file.c
Auto-merging fs/xfs/xfs_bmap_util.c
Auto-merging fs/ext4/file.c
Auto-merging fs/ext2/inode.c
Auto-merging fs/dax.c
CONFLICT (content): Merge conflict in fs/dax.c
Auto-merging fs/block_dev.c
CONFLICT (content): Merge conflict in fs/block_dev.c
Auto-merging drivers/s390/block/dcssblk.c
Auto-merging drivers/nvdimm/pmem.c
Auto-merging block/ioctl.c
Automatic merge failed; fix conflicts and then commit the result.
$ git commit -v -a
[master 3f2b8111543c] Merge remote-tracking branch 'dax-misc/dax-misc'
$ git diff -M --stat --summary HEAD^..
 Documentation/filesystems/dax.txt |  32 ++
 arch/powerpc/sysdev/axonram.c     |   2 +-
 block/ioctl.c                     |   1 -
 drivers/block/brd.c               |   2 +-
 drivers/nvdimm/pmem.c             |  10 +-
 drivers/s390/block/dcssblk.c      |   4 +-
 fs/Kconfig                        |   1 +
 fs/block_dev.c                    | 114 +++--
 fs/dax.c                          | 845 ++++++++++++++++++++++----------------
 fs/ext2/file.c                    |   4 +-
 fs/ext2/inode.c                   |  12 +-
 fs/ext2/super.c                   |  11 +-
 fs/ext4/file.c                    |   4 +-
 fs/ext4/super.c                   |  11 +-
 fs/xfs/xfs_bmap_util.c            |  15 +-
 fs/xfs/xfs_file.c                 |   7 +-
 fs/xfs/xfs_super.c                |  12 +-
 include/linux/blkdev.h            |  15 +-
 include/linux/dax.h               |  41 +-
 include/linux/fs.h                |   1 -
 include/linux/mm.h                |   7 +
 mm/filemap.c                      |  30 +-
 mm/memory.c                       |  40 +-
 mm/truncate.c                     |  62 ++-
 24 files changed, 757 insertions(+), 526 deletions(-)
Merging akpm-current/current (13b8d9242797 ipc/msg.c: use freezable blocking call)
$ git merge --no-ff akpm-current/current
Auto-merging scripts/Makefile.lib
Auto-merging mm/memory.c
Auto-merging mm/huge_memory.c
Auto-merging kernel/futex.c
Auto-merging kernel/fork.c
Auto-merging include/linux/sched.h
Auto-merging arch/s390/configs/zfcpdump_defconfig
Auto-merging arch/s390/configs/performance_defconfig
Auto-merging arch/s390/configs/gcov_defconfig
Auto-merging arch/s390/configs/default_defconfig
Auto-merging arch/arm64/configs/defconfig
Auto-merging arch/arm/configs/multi_v7_defconfig
Auto-merging arch/arm/configs/exynos_defconfig
Auto-merging Documentation/kernel-parameters.txt
Merge made by the 'recursive' strategy.
 Documentation/kernel-parameters.txt                |   6 +-
 arch/arm/configs/axm55xx_defconfig                 |   2 +-
 arch/arm/configs/bcm2835_defconfig                 |   2 +-
 arch/arm/configs/bcm_defconfig                     |   2 +-
 arch/arm/configs/colibri_pxa270_defconfig          |   2 +-
 arch/arm/configs/colibri_pxa300_defconfig          |   2 +-
 arch/arm/configs/dove_defconfig                    |   2 +-
 arch/arm/configs/efm32_defconfig                   |   2 +-
 arch/arm/configs/exynos_defconfig                  |   2 +-
 arch/arm/configs/ezx_defconfig                     |   2 +-
 arch/arm/configs/h5000_defconfig                   |   2 +-
 arch/arm/configs/hisi_defconfig                    |   2 +-
 arch/arm/configs/imote2_defconfig                  |   2 +-
 arch/arm/configs/imx_v6_v7_defconfig               |   2 +-
 arch/arm/configs/keystone_defconfig                |   2 +-
 arch/arm/configs/lpc18xx_defconfig                 |   2 +-
 arch/arm/configs/magician_defconfig                |   2 +-
 arch/arm/configs/mmp2_defconfig                    |   2 +-
 arch/arm/configs/moxart_defconfig                  |   2 +-
 arch/arm/configs/multi_v7_defconfig                |   2 +-
 arch/arm/configs/mvebu_v7_defconfig                |   2 +-
 arch/arm/configs/mxs_defconfig                     |   2 +-
 arch/arm/configs/omap2plus_defconfig               |   2 +-
 arch/arm/configs/pxa168_defconfig                  |   2 +-
 arch/arm/configs/pxa3xx_defconfig                  |   2 +-
 arch/arm/configs/pxa910_defconfig                  |   2 +-
 arch/arm/configs/pxa_defconfig                     |   2 +-
 arch/arm/configs/qcom_defconfig                    |   2 +-
 arch/arm/configs/raumfeld_defconfig                |   2 +-
 arch/arm/configs/shmobile_defconfig                |   2 +-
 arch/arm/configs/socfpga_defconfig                 |   2 +-
 arch/arm/configs/stm32_defconfig                   |   2 +-
 arch/arm/configs/sunxi_defconfig                   |   2 +-
 arch/arm/configs/tegra_defconfig                   |   2 +-
 arch/arm/configs/u300_defconfig                    |   2 +-
 arch/arm/configs/u8500_defconfig                   |   2 +-
 arch/arm/configs/vt8500_v6_v7_defconfig            |   2 +-
 arch/arm/configs/xcep_defconfig                    |   2 +-
 arch/arm/configs/zx_defconfig                      |   2 +-
 arch/arm/include/asm/page.h                        |   2 +
 arch/arm64/configs/defconfig                       |   2 +-
 arch/mips/configs/bcm47xx_defconfig                |   2 +-
 arch/mips/configs/bmips_be_defconfig               |   2 +-
 arch/mips/configs/bmips_stb_defconfig              |   2 +-
 arch/mips/configs/ci20_defconfig                   |   2 +-
 arch/mips/configs/lemote2f_defconfig               |   2 +-
 arch/mips/configs/loongson3_defconfig              |   2 +-
 arch/mips/configs/nlm_xlp_defconfig                |   2 +-
 arch/mips/configs/nlm_xlr_defconfig                |   2 +-
 arch/mips/configs/pistachio_defconfig              |   2 +-
 arch/mips/configs/qi_lb60_defconfig                |   2 +-
 arch/mips/configs/rt305x_defconfig                 |   2 +-
 arch/mips/configs/xway_defconfig                   |   2 +-
 arch/parisc/configs/generic-64bit_defconfig        |   2 +-
 arch/powerpc/configs/40x/virtex_defconfig          |   2 +-
 arch/powerpc/configs/44x/virtex5_defconfig         |   2 +-
 arch/powerpc/configs/44x/warp_defconfig            |   2 +-
 arch/powerpc/configs/52xx/cm5200_defconfig         |   2 +-
 arch/powerpc/configs/52xx/lite5200b_defconfig      |   2 +-
 arch/powerpc/configs/52xx/motionpro_defconfig      |   2 +-
 arch/powerpc/configs/52xx/tqm5200_defconfig        |   2 +-
 arch/powerpc/configs/gamecube_defconfig            |   2 +-
 arch/powerpc/configs/mpc5200_defconfig             |   2 +-
 arch/powerpc/configs/pasemi_defconfig              |   2 +-
 arch/powerpc/configs/wii_defconfig                 |   2 +-
 arch/s390/configs/default_defconfig                |   2 +-
 arch/s390/configs/gcov_defconfig                   |   2 +-
 arch/s390/configs/performance_defconfig            |   2 +-
 arch/s390/configs/zfcpdump_defconfig               |   2 +-
 arch/sh/configs/edosk7760_defconfig                |   2 +-
 arch/sh/configs/sdk7786_defconfig                  |   2 +-
 arch/sh/configs/se7722_defconfig                   |   2 +-
 arch/sh/configs/sh7785lcr_32bit_defconfig          |   2 +-
 arch/sh/configs/urquell_defconfig                  |   2 +-
 arch/sparc/configs/sparc64_defconfig               |   2 +-
 arch/x86/configs/i386_defconfig                    |   2 +-
 arch/x86/configs/x86_64_defconfig                  |   2 +-
 arch/x86/kernel/machine_kexec_64.c                 |   1 +
 arch/xtensa/configs/audio_kc705_defconfig          |   2 +-
 arch/xtensa/configs/generic_kc705_defconfig        |   2 +-
 arch/xtensa/configs/nommu_kc705_defconfig          |   2 +-
 arch/xtensa/configs/smp_lx200_defconfig            |   2 +-
 block/genhd.c                                      |   2 +-
 drivers/base/memory.c                              |  28 +-
 fs/ext4/fsync.c                                    |   5 +-
 fs/ocfs2/cluster/heartbeat.c                       | 180 ++++++++++-
 fs/ocfs2/inode.c                                   |   7 +-
 fs/ocfs2/stackglue.c                               |   2 -
 include/linux/crc64_ecma.h                         |  56 ++++
 include/linux/kexec.h                              |   2 +
 include/linux/memory_hotplug.h                     |   2 +
 include/linux/mm_types.h                           |   2 +
 include/linux/page_idle.h                          |  43 ++-
 include/linux/sched.h                              |   4 +-
 include/linux/sem.h                                |   1 +
 include/linux/seqlock.h                            |   4 +-
 include/linux/slub_def.h                           |  16 -
 include/linux/timekeeping.h                        |   1 +
 include/linux/vmstat.h                             |   6 +
 include/trace/events/huge_memory.h                 |  38 ++-
 ipc/msg.c                                          |   5 +-
 ipc/sem.c                                          | 124 ++++----
 kernel/fork.c                                      |   2 +
 kernel/futex.c                                     |   2 +
 kernel/printk/printk.c                             |  76 ++++-
 kernel/time/timekeeping.c                          |  13 +
 lib/Kconfig                                        |   7 +
 lib/Kconfig.debug                                  |  19 +-
 lib/Makefile                                       |   1 +
 lib/crc64_ecma.c                                   | 341 +++++++++++++++++++++
 lib/dma-debug.c                                    |   2 +-
 mm/Kconfig                                         |   1 +
 mm/huge_memory.c                                   | 104 ++++++-
 mm/internal.h                                      |   4 +
 mm/kasan/kasan.h                                   |   1 -
 mm/memblock.c                                      |   3 +
 mm/memcontrol.c                                    |   2 +
 mm/memory.c                                        |   2 +-
 mm/memory_hotplug.c                                |  70 ++++-
 mm/page_alloc.c                                    |   6 +
 mm/page_owner.c                                    |  26 ++
 mm/page_poison.c                                   |   8 +-
 mm/vmstat.c                                        |  14 +
 mm/zsmalloc.c                                      |  35 +--
 scripts/Makefile.lib                               |   2 +-
 .../selftests/rcutorture/configs/lock/CFcommon     |   2 +-
 .../selftests/rcutorture/configs/rcu/CFcommon      |   2 +-
 127 files changed, 1194 insertions(+), 246 deletions(-)
 create mode 100644 include/linux/crc64_ecma.h
 create mode 100644 lib/crc64_ecma.c
$ git clone -s -l -n -q . ../rebase-tmp
$ cd ../rebase-tmp
$ git checkout -b akpm remotes/origin/akpm/master
Switched to a new branch 'akpm'
$ git rebase --onto master remotes/origin/akpm/master-base
First, rewinding head to replay your work on top of it...
Applying: mm: make optimistic check for swapin readahead fix
Applying: drivers/net/wireless/intel/iwlwifi/dvm/calib.c: simplfy min() expression
Applying: fs/nfs/nfs4state.c: work around gcc-4.4 anon union initialization bug
$ cd ../next
$ git fetch -f ../rebase-tmp akpm:akpm/master
From ../rebase-tmp
 + 31453caf3fbd...c15882017d15 akpm       -> akpm/master  (forced update)
$ rm -rf ../rebase-tmp
Merging akpm/master (c15882017d15 fs/nfs/nfs4state.c: work around gcc-4.4 anon union initialization bug)
$ git merge --no-ff akpm/master
Merge made by the 'recursive' strategy.
 drivers/net/wireless/intel/iwlwifi/dvm/calib.c | 3 +--
 fs/nfs/nfs4state.c                             | 4 +++-
 mm/huge_memory.c                               | 3 ++-
 3 files changed, 6 insertions(+), 4 deletions(-)
