$ date
Friday 20 February  09:40:19 AEDT 2015
$ git checkout master
Already on 'master'
$ git reset --hard stable
HEAD is now at b2b89ebfc0f0 Merge tag 'locks-v3.20-2' of git://git.samba.org/jlayton/linux
Merging origin/master (89d3fa45b4ad Merge branch 'next' of git://git.kernel.org/pub/scm/linux/kernel/git/rzhang/linux)
$ git merge origin/master
Updating b2b89ebfc0f0..89d3fa45b4ad
Fast-forward
 .../ABI/testing/sysfs-driver-samsung-laptop        |    8 +
 .../ABI/testing/sysfs-driver-toshiba_acpi          |  114 ++
 Documentation/kbuild/makefiles.txt                 |   20 +-
 Kbuild                                             |   61 +-
 Makefile                                           |    4 +-
 arch/mips/pmcs-msp71xx/Kconfig                     |    6 +-
 arch/parisc/Makefile                               |    2 +-
 arch/powerpc/Makefile                              |    6 +-
 arch/x86/Makefile.um                               |    2 +-
 drivers/acpi/Makefile                              |    1 +
 drivers/acpi/acpi_lpat.c                           |  161 +++
 drivers/acpi/pmic/intel_pmic.c                     |  133 +-
 drivers/connector/Kconfig                          |    2 +-
 drivers/edac/amd64_edac.c                          |   10 +-
 drivers/edac/sb_edac.c                             |    9 +-
 drivers/hwmon/Kconfig                              |    2 +-
 drivers/hwmon/pmbus/Kconfig                        |    2 +-
 drivers/i2c/Kconfig                                |    4 +-
 drivers/iio/Kconfig                                |    4 +-
 drivers/isdn/hardware/mISDN/Kconfig                |    2 +-
 drivers/md/Kconfig                                 |    4 +-
 drivers/md/persistent-data/Kconfig                 |    2 +-
 drivers/net/ethernet/ti/Kconfig                    |    4 +-
 drivers/net/usb/Kconfig                            |   12 +-
 drivers/net/wireless/rt2x00/Kconfig                |    6 +-
 drivers/pci/pcie/aer/Kconfig                       |    2 +-
 drivers/platform/x86/asus-laptop.c                 |   97 +-
 drivers/platform/x86/classmate-laptop.c            |    2 +-
 drivers/platform/x86/fujitsu-laptop.c              |    7 +-
 drivers/platform/x86/intel_scu_ipc.c               |   77 +-
 drivers/platform/x86/samsung-laptop.c              |  146 ++-
 drivers/platform/x86/sony-laptop.c                 |    2 +-
 drivers/platform/x86/thinkpad_acpi.c               |   24 +-
 drivers/platform/x86/toshiba_acpi.c                | 1299 ++++++++++++++++----
 drivers/rtc/Kconfig                                |    8 +-
 drivers/spi/Kconfig                                |    6 +-
 drivers/staging/board/Kconfig                      |    2 +-
 drivers/staging/emxx_udc/Kconfig                   |    2 +-
 drivers/staging/iio/Kconfig                        |    4 +-
 drivers/thermal/int340x_thermal/Makefile           |    1 +
 drivers/thermal/int340x_thermal/int3400_thermal.c  |    4 -
 drivers/thermal/int340x_thermal/int3402_thermal.c  |  208 +---
 drivers/thermal/int340x_thermal/int3403_thermal.c  |  208 +---
 .../thermal/int340x_thermal/int340x_thermal_zone.c |  276 +++++
 .../thermal/int340x_thermal/int340x_thermal_zone.h |   68 +
 .../int340x_thermal/processor_thermal_device.c     |   92 +-
 drivers/thermal/intel_soc_dts_thermal.c            |   46 +-
 drivers/thermal/step_wise.c                        |    4 +-
 drivers/tty/serial/Kconfig                         |    2 +-
 drivers/usb/gadget/Kconfig                         |   34 +-
 drivers/usb/gadget/legacy/Kconfig                  |    2 +-
 drivers/usb/gadget/udc/Kconfig                     |    4 +-
 drivers/usb/phy/Kconfig                            |    2 +-
 include/acpi/acpi_lpat.h                           |   65 +
 init/Kconfig                                       |    8 +-
 kernel/gcov/Makefile                               |   36 +-
 lib/Kconfig                                        |   30 +-
 mm/Kconfig                                         |   22 +-
 net/Kconfig                                        |   14 +-
 net/sched/Kconfig                                  |    2 +-
 net/switchdev/Kconfig                              |    2 +-
 scripts/Kbuild.include                             |    7 +-
 scripts/Makefile.clean                             |    3 -
 scripts/kconfig/confdata.c                         |    1 +
 scripts/kconfig/merge_config.sh                    |    5 +
 scripts/package/builddeb                           |   17 +-
 security/integrity/Kconfig                         |    4 +-
 security/integrity/evm/Kconfig                     |    2 +-
 68 files changed, 2336 insertions(+), 1092 deletions(-)
 create mode 100644 Documentation/ABI/testing/sysfs-driver-toshiba_acpi
 create mode 100644 drivers/acpi/acpi_lpat.c
 create mode 100644 drivers/thermal/int340x_thermal/int340x_thermal_zone.c
 create mode 100644 drivers/thermal/int340x_thermal/int340x_thermal_zone.h
 create mode 100644 include/acpi/acpi_lpat.h
Merging fixes/master (b94d525e58dc Merge git://git.kernel.org/pub/scm/linux/kernel/git/davem/net)
$ git merge fixes/master
Already up-to-date.
Merging kbuild-current/rc-fixes (a16c5f99a28c kbuild: Fix removal of the debian/ directory)
$ git merge kbuild-current/rc-fixes
Already up-to-date.
Merging arc-current/for-curr (2ce7598c9a45 Linux 3.17-rc4)
$ git merge arc-current/for-curr
Already up-to-date.
Merging arm-current/fixes (8e6480667246 ARM: 8299/1: mm: ensure local active ASID is marked as allocated on rollover)
$ git merge arm-current/fixes
Already up-to-date.
Merging m68k-current/for-linus (4436820a98cd m68k/defconfig: Enable Ethernet bridging)
$ git merge m68k-current/for-linus
Already up-to-date.
Merging metag-fixes/fixes (ffe6902b66aa asm-generic: remove _STK_LIM_MAX)
$ git merge metag-fixes/fixes
Already up-to-date.
Merging mips-fixes/mips-fixes (1795cd9b3a91 Linux 3.16-rc5)
$ git merge mips-fixes/mips-fixes
Already up-to-date.
Merging powerpc-merge/merge (31345e1a071e powerpc/pci: Remove unused force_32bit_msi quirk)
$ git merge powerpc-merge/merge
Already up-to-date.
Merging powerpc-merge-mpe/fixes (c59c961ca511 Merge branch 'drm-fixes' of git://people.freedesktop.org/~airlied/linux)
$ git merge powerpc-merge-mpe/fixes
Already up-to-date.
Merging sparc/master (66d0f7ec9f10 sparc32: destroy_context() and switch_mm() needs to disable interrupts.)
$ git merge sparc/master
Already up-to-date.
Merging net/master (aa183323312d ehea: Register memory hotplug, reboot and crash hooks on adapter probe)
$ git merge net/master
Merge made by the 'recursive' strategy.
 drivers/net/ethernet/ibm/ehea/ehea_main.c | 246 +++++++++++++++++-------------
 net/core/gen_stats.c                      |  15 +-
 2 files changed, 155 insertions(+), 106 deletions(-)
Merging ipsec/master (ac37e2515c1a xfrm: release dst_orig in case of error in xfrm_lookup())
$ git merge ipsec/master
Merge made by the 'recursive' strategy.
 include/net/dst.h       |  1 +
 net/ipv4/xfrm4_output.c |  2 +-
 net/ipv6/xfrm6_output.c |  2 +-
 net/ipv6/xfrm6_policy.c |  1 +
 net/xfrm/xfrm_policy.c  | 12 ++++++------
 5 files changed, 10 insertions(+), 8 deletions(-)
Merging sound-current/for-linus (3cd1ce0420ce ALSA: usb: Fix support for Denon DA-300USB DAC (ID 154e:1003))
$ git merge sound-current/for-linus
Merge made by the 'recursive' strategy.
 sound/core/seq/seq_midi_emul.c    |  3 +++
 sound/pci/hda/hda_tegra.c         |  4 ++--
 sound/pci/hda/patch_realtek.c     |  1 +
 sound/pci/rme9652/hdspm.c         |  6 ++++++
 sound/soc/intel/sst-haswell-pcm.c |  3 ++-
 sound/usb/clock.c                 |  5 +++++
 sound/usb/line6/driver.c          | 14 ++++++++++----
 sound/usb/line6/driver.h          |  8 ++++----
 sound/usb/quirks.c                |  8 ++++++++
 sound/usb/quirks.h                |  2 ++
 10 files changed, 43 insertions(+), 11 deletions(-)
Merging pci-current/for-linus (feb28979c137 of/pci: Remove duplicate kfree in of_pci_get_host_bridge_resources())
$ git merge pci-current/for-linus
Already up-to-date.
Merging wireless-drivers/master (aeb2d2a4c0ae rtlwifi: Remove logging statement that is no longer needed)
$ git merge wireless-drivers/master
Already up-to-date.
Merging driver-core.current/driver-core-linus (26bc420b59a3 Linux 3.19-rc6)
$ git merge driver-core.current/driver-core-linus
Already up-to-date.
Merging tty.current/tty-linus (ec6f34e5b552 Linux 3.19-rc5)
$ git merge tty.current/tty-linus
Already up-to-date.
Merging usb.current/usb-linus (e36f014edff7 Linux 3.19-rc7)
$ git merge usb.current/usb-linus
Already up-to-date.
Merging usb-gadget-fixes/fixes (f5af19d10d15 Merge git://git.kernel.org/pub/scm/linux/kernel/git/davem/net)
$ git merge usb-gadget-fixes/fixes
Already up-to-date.
Merging usb-serial-fixes/usb-linus (a6f0331236fa USB: cp210x: add ID for RUGGEDCOM USB Serial Console)
$ git merge usb-serial-fixes/usb-linus
Already up-to-date.
Merging staging.current/staging-linus (e36f014edff7 Linux 3.19-rc7)
$ git merge staging.current/staging-linus
Already up-to-date.
Merging char-misc.current/char-misc-linus (e36f014edff7 Linux 3.19-rc7)
$ git merge char-misc.current/char-misc-linus
Already up-to-date.
Merging input-current/for-linus (4ba24fef3eb3 Merge branch 'next' into for-linus)
$ git merge input-current/for-linus
Already up-to-date.
Merging crypto-current/master (96692a7305c4 crypto: tcrypt - do not allocate iv on stack for aead speed tests)
$ git merge crypto-current/master
Already up-to-date.
Merging ide/master (f96fe225677b Merge git://git.kernel.org/pub/scm/linux/kernel/git/davem/net)
$ git merge ide/master
Already up-to-date.
Merging devicetree-current/devicetree/merge (6b1271de3723 of/unittest: Overlays with sub-devices tests)
$ git merge devicetree-current/devicetree/merge
Already up-to-date.
Merging rr-fixes/fixes (f47689345931 lguest: update help text.)
$ git merge rr-fixes/fixes
Merge made by the 'recursive' strategy.
 arch/x86/lguest/Kconfig | 4 ++--
 1 file changed, 2 insertions(+), 2 deletions(-)
Merging vfio-fixes/for-linus (7c2e211f3c95 vfio-pci: Fix the check on pci device type in vfio_pci_probe())
$ git merge vfio-fixes/for-linus
Already up-to-date.
Merging kselftest-fixes/fixes (f5db310d77ef selftests/vm: fix link error for transhuge-stress test)
$ git merge kselftest-fixes/fixes
Already up-to-date.
Merging drm-intel-fixes/for-linux-next-fixes (bfa76d495765 Linux 3.19)
$ git merge drm-intel-fixes/for-linux-next-fixes
Already up-to-date.
Merging asm-generic/master (643165c8bbc8 Merge tag 'uaccess_for_upstream' of git://git.kernel.org/pub/scm/linux/kernel/git/mst/vhost into asm-generic)
$ git merge asm-generic/master
Already up-to-date.
Merging arc/for-next (06f34e1c28f3 ARC: fix page address calculation if PAGE_OFFSET != LINUX_LINK_BASE)
$ git merge arc/for-next
Already up-to-date.
Merging arm/for-next (df9ab9771c64 Merge branch 'devel-stable' into for-next)
$ git merge arm/for-next
Already up-to-date.
Merging arm-perf/for-next/perf (97bf6af1f928 Linux 3.19-rc1)
$ git merge arm-perf/for-next/perf
Already up-to-date.
Merging arm-soc/for-next (d88d6cfc912e ARM: mm: Remove Kconfig symbol CACHE_PL310)
$ git merge arm-soc/for-next
Merge made by the 'recursive' strategy.
 arch/arm/boot/dts/bcm-cygnus.dtsi       | 20 ++++++++++++++++++++
 arch/arm/boot/dts/bcm63138.dtsi         |  5 +++--
 arch/arm/mach-at91/Kconfig              |  1 -
 arch/arm/mach-at91/generic.h            |  8 ++++----
 arch/arm/mach-bcm/Kconfig               |  4 ++--
 arch/arm/mach-davinci/Kconfig           |  2 ++
 arch/arm/mach-davinci/mux.c             |  4 ++--
 arch/arm/mach-ixp4xx/include/mach/io.h  | 19 +++++++++++++------
 arch/arm/mach-mvebu/system-controller.c |  2 +-
 arch/arm/mach-prima2/Kconfig            |  1 -
 arch/arm/mach-rockchip/Kconfig          |  1 +
 arch/arm/mach-rockchip/pm.h             |  6 ++++++
 arch/arm/mach-sti/Kconfig               |  1 +
 arch/arm/mach-vexpress/Kconfig          |  1 +
 arch/arm/mm/Kconfig                     |  7 -------
 15 files changed, 56 insertions(+), 26 deletions(-)
Merging bcm2835/for-next (b2776bf7149b Linux 3.18)
$ git merge bcm2835/for-next
Already up-to-date.
Merging berlin/berlin/for-next (8553bf8fd181 Merge branch 'berlin/dt' into berlin/for-next)
$ git merge berlin/berlin/for-next
Already up-to-date!
Merge made by the 'recursive' strategy.
Merging cortex-m/for-next (e799b6f37e6c ARM: zImage: add support for ARMv7-M)
$ git merge cortex-m/for-next
Auto-merging arch/arm/boot/compressed/head.S
Merge made by the 'recursive' strategy.
 arch/arm/boot/compressed/head.S | 33 +++++++++++++++++++++++++++------
 arch/arm/include/asm/unified.h  |  8 ++++++++
 2 files changed, 35 insertions(+), 6 deletions(-)
Merging imx-mxs/for-next (395ae1400a35 Merge branch 'imx/defconfig' into for-next)
$ git merge imx-mxs/for-next
Already up-to-date!
Merge made by the 'recursive' strategy.
Merging keystone/next (b17275a4a6cc Merge branch 'for_3.19/soc' into next)
$ git merge keystone/next
Already up-to-date!
Merge made by the 'recursive' strategy.
Merging mvebu/for-next (feeddcd9c17b Merge branch 'mvebu/dt' into mvebu/for-next)
$ git merge mvebu/for-next
Already up-to-date!
Merge made by the 'recursive' strategy.
Merging omap/for-next (5cb1e109eee0 Merge tag 'omap-for-v3.20/dt-pt3-v2' into for-next)
$ git merge omap/for-next
Merge made by the 'recursive' strategy.
Merging omap-pending/for-next (30aa18d3bea5 MAINTAINERS: add maintainer for OMAP hwmod data)
$ git merge omap-pending/for-next
Merge made by the 'recursive' strategy.
Merging renesas/next (b2cb094d275e Merge branch 'heads/soc-fixes-for-v3.19' into next)
$ git merge renesas/next
Merge made by the 'recursive' strategy.
 drivers/sh/pm_runtime.c | 2 ++
 1 file changed, 2 insertions(+)
Merging samsung/for-next (aeb011501873 Merge branch 'v3.20-samsung-defconfig-2' into for-next)
$ git merge samsung/for-next
Auto-merging arch/arm/boot/dts/exynos4412-odroid-common.dtsi
Merge made by the 'recursive' strategy.
 arch/arm/boot/dts/exynos4412-odroid-common.dtsi | 14 +++++++
 arch/arm/boot/dts/exynos5250-snow.dts           | 56 +++++++++++++++++++++++--
 arch/arm/boot/dts/exynos5420-peach-pit.dts      | 31 +++++++++++++-
 arch/arm/boot/dts/exynos5422-odroidxu3.dts      | 17 ++++++++
 arch/arm/configs/exynos_defconfig               |  4 +-
 5 files changed, 116 insertions(+), 6 deletions(-)
Merging sunxi/sunxi/for-next (16e8c17e18d6 Merge branch 'sunxi/clocks-for-3.20' into sunxi/for-next)
$ git merge sunxi/sunxi/for-next
Resolved 'drivers/mmc/host/sunxi-mmc.c' using previous resolution.
Removing include/linux/clk/sunxi.h
Auto-merging drivers/mmc/host/sunxi-mmc.c
CONFLICT (content): Merge conflict in drivers/mmc/host/sunxi-mmc.c
Auto-merging arch/arm/boot/dts/sun8i-a23.dtsi
Auto-merging arch/arm/boot/dts/sun7i-a20.dtsi
Auto-merging arch/arm/boot/dts/sun6i-a31.dtsi
Auto-merging arch/arm/boot/dts/sun5i-a13.dtsi
Auto-merging arch/arm/boot/dts/sun5i-a10s.dtsi
Auto-merging arch/arm/boot/dts/sun4i-a10.dtsi
Automatic merge failed; fix conflicts and then commit the result.
$ git commit -v -a
[master f2d916b801a1] Merge remote-tracking branch 'sunxi/sunxi/for-next'
$ git diff -M --stat --summary HEAD^..
 Documentation/devicetree/bindings/clock/sunxi.txt  |  43 +++-
 .../devicetree/bindings/mmc/sunxi-mmc.txt          |   8 +-
 arch/arm/boot/dts/sun4i-a10.dtsi                   |  72 ++++--
 arch/arm/boot/dts/sun5i-a10s.dtsi                  |  54 +++--
 arch/arm/boot/dts/sun5i-a13.dtsi                   |  44 ++--
 arch/arm/boot/dts/sun6i-a31.dtsi                   |  86 ++++---
 arch/arm/boot/dts/sun7i-a20.dtsi                   |  72 ++++--
 arch/arm/boot/dts/sun8i-a23.dtsi                   |  96 +++++---
 drivers/clk/sunxi/Makefile                         |   1 +
 drivers/clk/sunxi/clk-factors.c                    |  10 +-
 drivers/clk/sunxi/clk-factors.h                    |   7 +-
 drivers/clk/sunxi/clk-mod0.c                       | 224 +++++++++++++-----
 drivers/clk/sunxi/clk-sun8i-mbus.c                 |  13 +-
 drivers/clk/sunxi/clk-sun9i-core.c                 |  62 ++++-
 drivers/clk/sunxi/clk-sun9i-mmc.c                  | 219 +++++++++++++++++
 drivers/clk/sunxi/clk-sunxi.c                      | 259 +++++++++++++++++----
 drivers/mmc/host/sunxi-mmc.c                       |  63 +++--
 include/linux/clk/sunxi.h                          |  22 --
 18 files changed, 1061 insertions(+), 294 deletions(-)
 create mode 100644 drivers/clk/sunxi/clk-sun9i-mmc.c
 delete mode 100644 include/linux/clk/sunxi.h
Merging tegra/for-next (794345d409ad Merge branch for-3.20/arm64 into for-next)
$ git merge tegra/for-next
Already up-to-date!
Merge made by the 'recursive' strategy.
Merging arm64/for-next/core (d476d94f180a arm64: compat: Remove incorrect comment in compat_siginfo)
$ git merge arm64/for-next/core
Already up-to-date.
Merging blackfin/for-linus (275f5a8573e7 blackfin: defconfigs: cleanup unused CONFIG_MTD_CHAR, add MTD_SPI_NOR for BF537-STAMP)
$ git merge blackfin/for-linus
Merge made by the 'recursive' strategy.
 arch/blackfin/configs/BF518F-EZBRD_defconfig    |  1 -
 arch/blackfin/configs/BF527-TLL6527M_defconfig  |  1 -
 arch/blackfin/configs/BF533-EZKIT_defconfig     |  1 -
 arch/blackfin/configs/BF533-STAMP_defconfig     |  1 -
 arch/blackfin/configs/BF537-STAMP_defconfig     |  3 ++-
 arch/blackfin/configs/BF538-EZKIT_defconfig     |  1 -
 arch/blackfin/configs/BF561-ACVILON_defconfig   |  1 -
 arch/blackfin/configs/BF561-EZKIT-SMP_defconfig |  1 -
 arch/blackfin/configs/BF561-EZKIT_defconfig     |  1 -
 arch/blackfin/configs/CM-BF527_defconfig        |  1 -
 arch/blackfin/configs/CM-BF533_defconfig        |  1 -
 arch/blackfin/configs/CM-BF537E_defconfig       |  1 -
 arch/blackfin/configs/CM-BF537U_defconfig       |  1 -
 arch/blackfin/configs/CM-BF548_defconfig        |  1 -
 arch/blackfin/configs/CM-BF561_defconfig        |  1 -
 arch/blackfin/configs/DNP5370_defconfig         |  1 -
 arch/blackfin/configs/IP0X_defconfig            |  1 -
 arch/blackfin/configs/PNAV-10_defconfig         |  1 -
 arch/blackfin/configs/SRV1_defconfig            |  1 -
 arch/blackfin/configs/TCM-BF518_defconfig       |  1 -
 arch/blackfin/configs/TCM-BF537_defconfig       |  1 -
 arch/blackfin/kernel/kgdb.c                     | 12 ++++--------
 arch/blackfin/mach-bf609/boards/ezkit.c         |  8 ++++----
 23 files changed, 10 insertions(+), 33 deletions(-)
Merging c6x/for-linux-next (ae72758f1dd9 c6x: fix build failure caused by cache.h)
$ git merge c6x/for-linux-next
Already up-to-date.
Merging cris/for-next (9987c19ed9a7 CRIS: Whitespace cleanup)
$ git merge cris/for-next
Already up-to-date.
Merging hexagon/linux-next (8914d7e85780 Hexagon: fix signal delivery for debug traps)
$ git merge hexagon/linux-next
Already up-to-date.
Merging ia64/next (a6b8978c54b7 pstore: Fix sprintf format specifier in pstore_dump())
$ git merge ia64/next
Already up-to-date.
Merging m68k/for-next (4436820a98cd m68k/defconfig: Enable Ethernet bridging)
$ git merge m68k/for-next
Already up-to-date.
Merging m68knommu/for-next (21b30ca5da14 arch: m68k: 68360: config: Remove unused function)
$ git merge m68knommu/for-next
Already up-to-date.
Merging metag/for-next (f93125ae17d1 metag: cachepart: Fix failure check)
$ git merge metag/for-next
Already up-to-date.
Merging microblaze/next (a01d37d914f9 microblaze: Remove *.dtb files in make clean)
$ git merge microblaze/next
Already up-to-date.
Merging mips/mips-for-linux-next (661af35e5fd8 Merge branch 'mipsr6-for-3.20' of git://git.linux-mips.org/pub/scm/mchandras/linux into mips-for-linux-next)
$ git merge mips/mips-for-linux-next
Resolved 'arch/mips/kernel/elf.c' using previous resolution.
Resolved 'arch/mips/pci/pci-bcm1480.c' using previous resolution.
Resolved 'arch/mips/pci/pci-octeon.c' using previous resolution.
Resolved 'arch/mips/pci/pcie-octeon.c' using previous resolution.
Auto-merging kernel/sys.c
Auto-merging drivers/irqchip/irq-mips-gic.c
Auto-merging arch/mips/pci/pcie-octeon.c
CONFLICT (content): Merge conflict in arch/mips/pci/pcie-octeon.c
Auto-merging arch/mips/pci/pci-octeon.c
CONFLICT (content): Merge conflict in arch/mips/pci/pci-octeon.c
Auto-merging arch/mips/pci/pci-bcm1480.c
CONFLICT (content): Merge conflict in arch/mips/pci/pci-bcm1480.c
Auto-merging arch/mips/mm/fault.c
Auto-merging arch/mips/kernel/traps.c
Auto-merging arch/mips/kernel/process.c
Auto-merging arch/mips/kernel/elf.c
CONFLICT (content): Merge conflict in arch/mips/kernel/elf.c
Auto-merging arch/mips/kernel/asm-offsets.c
Auto-merging arch/mips/include/asm/thread_info.h
Removing arch/mips/include/asm/siginfo.h
Auto-merging arch/mips/include/asm/pgtable.h
Auto-merging arch/mips/include/asm/mipsregs.h
Auto-merging arch/mips/include/asm/fpu.h
Auto-merging arch/mips/boot/elf2ecoff.c
Auto-merging arch/mips/Kconfig
Automatic merge failed; fix conflicts and then commit the result.
$ git commit -v -a
[master 74b9d79c7ab1] Merge remote-tracking branch 'mips/mips-for-linux-next'
$ git diff -M --stat --summary HEAD^..
 arch/mips/Kconfig                                  |   73 +-
 arch/mips/Kconfig.debug                            |   13 -
 arch/mips/Makefile                                 |   47 +-
 arch/mips/bcm3384/irq.c                            |    2 +-
 arch/mips/boot/elf2ecoff.c                         |    4 -
 arch/mips/configs/malta_qemu_32r6_defconfig        |  193 ++
 arch/mips/fw/arc/misc.c                            |   26 +-
 arch/mips/include/asm/Kbuild                       |    1 +
 arch/mips/include/asm/asmmacro.h                   |   18 +-
 arch/mips/include/asm/atomic.h                     |   42 +-
 arch/mips/include/asm/bitops.h                     |   64 +-
 arch/mips/include/asm/checksum.h                   |   45 +-
 arch/mips/include/asm/cmpxchg.h                    |   34 +-
 arch/mips/include/asm/compiler.h                   |   24 +-
 arch/mips/include/asm/cpu-features.h               |   28 +-
 arch/mips/include/asm/cpu-info.h                   |    5 +
 arch/mips/include/asm/cpu-type.h                   |    7 +
 arch/mips/include/asm/cpu.h                        |   11 +-
 arch/mips/include/asm/edac.h                       |    4 +-
 arch/mips/include/asm/elf.h                        |   10 +-
 arch/mips/include/asm/fpu.h                        |    3 +-
 arch/mips/include/asm/futex.h                      |   24 +-
 arch/mips/include/asm/hazards.h                    |    9 +-
 arch/mips/include/asm/irqflags.h                   |    7 +-
 arch/mips/include/asm/local.h                      |    5 +-
 .../include/asm/mach-pmcs-msp71xx/msp_regops.h     |   24 +-
 arch/mips/include/asm/mips-r2-to-r6-emul.h         |   96 +
 arch/mips/include/asm/mipsregs.h                   |    3 +
 arch/mips/include/asm/mmu.h                        |    3 +
 arch/mips/include/asm/mmu_context.h                |    9 +-
 arch/mips/include/asm/module.h                     |    4 +
 arch/mips/include/asm/octeon/cvmx-cmd-queue.h      |    2 +-
 arch/mips/include/asm/pgtable.h                    |   42 +-
 arch/mips/include/asm/processor.h                  |   11 +
 arch/mips/include/asm/prom.h                       |    7 -
 arch/mips/include/asm/r4kcache.h                   |  150 +-
 arch/mips/include/asm/sgialib.h                    |    8 +-
 arch/mips/include/asm/siginfo.h                    |   29 -
 arch/mips/include/asm/spinlock.h                   |   55 +-
 arch/mips/include/asm/spram.h                      |    4 +-
 arch/mips/include/asm/stackframe.h                 |    8 +-
 arch/mips/include/asm/switch_to.h                  |    9 +-
 arch/mips/include/asm/thread_info.h                |    2 +-
 arch/mips/include/uapi/asm/inst.h                  |   24 +-
 arch/mips/include/uapi/asm/siginfo.h               |   11 +-
 arch/mips/kernel/Makefile                          |    3 +-
 arch/mips/kernel/asm-offsets.c                     |    1 +
 arch/mips/kernel/branch.c                          |  288 ++-
 arch/mips/kernel/cevt-r4k.c                        |    8 +-
 arch/mips/kernel/cps-vec.S                         |   16 +-
 arch/mips/kernel/cpu-bugs64.c                      |   11 +-
 arch/mips/kernel/cpu-probe.c                       |   31 +-
 arch/mips/kernel/elf.c                             |  301 ++-
 arch/mips/kernel/entry.S                           |   23 +-
 arch/mips/kernel/genex.S                           |    2 +-
 arch/mips/kernel/idle.c                            |    1 +
 arch/mips/kernel/mips-r2-to-r6-emul.c              | 2378 ++++++++++++++++++++
 arch/mips/kernel/mips_ksyms.c                      |   12 +
 arch/mips/kernel/proc.c                            |    8 +-
 arch/mips/kernel/process.c                         |   96 +
 arch/mips/kernel/r4k_fpu.S                         |   12 +-
 arch/mips/kernel/r4k_switch.S                      |   14 +-
 arch/mips/kernel/spram.c                           |    1 +
 arch/mips/kernel/syscall.c                         |    2 +-
 arch/mips/kernel/traps.c                           |   60 +-
 arch/mips/kernel/unaligned.c                       |  390 +++-
 arch/mips/lib/Makefile                             |    1 +
 arch/mips/lib/memcpy.S                             |   23 +
 arch/mips/lib/memset.S                             |   47 +
 arch/mips/lib/mips-atomic.c                        |    2 +-
 arch/mips/math-emu/cp1emu.c                        |  169 +-
 arch/mips/mm/c-r4k.c                               |    6 +-
 arch/mips/mm/fault.c                               |   29 +-
 arch/mips/mm/page.c                                |   30 +-
 arch/mips/mm/sc-mips.c                             |    4 +-
 arch/mips/mm/tlbex.c                               |    7 +-
 arch/mips/mm/uasm-mips.c                           |   32 +
 arch/mips/mm/uasm.c                                |   13 +-
 arch/mips/pci/pci-bcm1480.c                        |    4 +-
 arch/mips/pci/pci-octeon.c                         |    4 +-
 arch/mips/pci/pcie-octeon.c                        |   12 +-
 arch/mips/sgi-ip27/ip27-reset.c                    |    7 +-
 arch/mips/sgi-ip32/ip32-reset.c                    |    7 +-
 drivers/irqchip/irq-mips-gic.c                     |    8 -
 include/linux/irqchip/mips-gic.h                   |    1 -
 include/uapi/linux/prctl.h                         |    5 +
 kernel/sys.c                                       |   12 +
 87 files changed, 4704 insertions(+), 577 deletions(-)
 create mode 100644 arch/mips/configs/malta_qemu_32r6_defconfig
 create mode 100644 arch/mips/include/asm/mips-r2-to-r6-emul.h
 delete mode 100644 arch/mips/include/asm/siginfo.h
 create mode 100644 arch/mips/kernel/mips-r2-to-r6-emul.c
Merging nios2/nios2-next (d16d2be111a6 nios2: add kgdb support)
$ git merge nios2/nios2-next
Already up-to-date.
Merging parisc-hd/for-next (bfa76d495765 Linux 3.19)
$ git merge parisc-hd/for-next
Already up-to-date.
Merging powerpc/next (d557b09800da powerpc/mm/thp: Use tlbiel if possible)
$ git merge powerpc/next
Already up-to-date.
Merging powerpc-mpe/next (a6130ed253a9 cxl: Add missing return statement after handling AFU errror)
$ git merge powerpc-mpe/next
Already up-to-date.
Merging fsl/next (0dc294f717d4 powerpc/mm: bail out early when flushing TLB page)
$ git merge fsl/next
Already up-to-date.
Merging mpc5xxx/next (9e813308a5c1 powerpc/thp: Add tracepoints to track hugepage invalidate)
$ git merge mpc5xxx/next
Already up-to-date.
Merging s390/features (42d19952a90d s390/traps: panic() instead of die() on translation exception)
$ git merge s390/features
Auto-merging arch/s390/pci/pci.c
Removing arch/s390/math-emu/math.c
Removing arch/s390/math-emu/Makefile
Removing arch/s390/lib/ucmpdi2.c
Removing arch/s390/lib/qrnnd.S
Removing arch/s390/lib/mem32.S
Removing arch/s390/lib/div64.c
Auto-merging arch/s390/kernel/signal.c
Removing arch/s390/kernel/relocate_kernel64.S
Removing arch/s390/kernel/reipl64.S
Auto-merging arch/s390/kernel/module.c
Removing arch/s390/kernel/head31.S
Removing arch/s390/kernel/entry64.S
Auto-merging arch/s390/include/asm/thread_info.h
Removing arch/s390/boot/compressed/head31.S
Merge made by the 'recursive' strategy.
 arch/s390/Kbuild                               |    1 -
 arch/s390/Kconfig                              |   69 +-
 arch/s390/Makefile                             |   14 +-
 arch/s390/boot/compressed/Makefile             |   12 +-
 arch/s390/boot/compressed/{head64.S => head.S} |    0
 arch/s390/boot/compressed/head31.S             |   51 -
 arch/s390/boot/compressed/vmlinux.lds.S        |    5 -
 arch/s390/crypto/crypt_s390.h                  |    8 +-
 arch/s390/hypfs/hypfs_diag0c.c                 |    4 -
 arch/s390/include/asm/appldata.h               |   24 -
 arch/s390/include/asm/atomic.h                 |   95 -
 arch/s390/include/asm/bitops.h                 |   28 -
 arch/s390/include/asm/cmpxchg.h                |    7 +-
 arch/s390/include/asm/cputime.h                |   26 -
 arch/s390/include/asm/ctl_reg.h                |   14 +-
 arch/s390/include/asm/elf.h                    |    4 -
 arch/s390/include/asm/idals.h                  |   16 -
 arch/s390/include/asm/jump_label.h             |   12 +-
 arch/s390/include/asm/lowcore.h                |  159 --
 arch/s390/include/asm/mman.h                   |    2 +-
 arch/s390/include/asm/mmu_context.h            |    4 -
 arch/s390/include/asm/percpu.h                 |    4 -
 arch/s390/include/asm/perf_event.h             |    3 -
 arch/s390/include/asm/pgalloc.h                |   24 -
 arch/s390/include/asm/pgtable.h                |  123 +-
 arch/s390/include/asm/processor.h              |   66 +-
 arch/s390/include/asm/ptrace.h                 |    4 -
 arch/s390/include/asm/qdio.h                   |   10 -
 arch/s390/include/asm/runtime_instr.h          |   10 +-
 arch/s390/include/asm/rwsem.h                  |   81 -
 arch/s390/include/asm/setup.h                  |   35 -
 arch/s390/include/asm/sfp-util.h               |   10 -
 arch/s390/include/asm/sparsemem.h              |    9 -
 arch/s390/include/asm/switch_to.h              |   21 +-
 arch/s390/include/asm/thread_info.h            |    9 -
 arch/s390/include/asm/tlb.h                    |    4 -
 arch/s390/include/asm/tlbflush.h               |    7 -
 arch/s390/include/asm/topology.h               |   24 +-
 arch/s390/include/asm/types.h                  |   17 -
 arch/s390/include/asm/unistd.h                 |    8 -
 arch/s390/include/asm/vdso.h                   |    2 -
 arch/s390/kernel/Makefile                      |   22 +-
 arch/s390/kernel/asm-offsets.c                 |    4 -
 arch/s390/kernel/base.S                        |   76 -
 arch/s390/kernel/cache.c                       |   25 +-
 arch/s390/kernel/cpcmd.c                       |   10 -
 arch/s390/kernel/diag.c                        |   15 -
 arch/s390/kernel/dis.c                         |   48 +-
 arch/s390/kernel/dumpstack.c                   |   26 +-
 arch/s390/kernel/early.c                       |   69 -
 arch/s390/kernel/entry.S                       | 1005 ++++++-----
 arch/s390/kernel/entry64.S                     | 1059 -----------
 arch/s390/kernel/head.S                        |   49 -
 arch/s390/kernel/head31.S                      |  106 --
 arch/s390/kernel/head_kdump.S                  |    8 -
 arch/s390/kernel/ipl.c                         |    2 -
 arch/s390/kernel/module.c                      |   12 -
 arch/s390/kernel/nmi.c                         |   92 +-
 arch/s390/kernel/pgm_check.S                   |   22 +-
 arch/s390/kernel/process.c                     |   29 +-
 arch/s390/kernel/ptrace.c                      |   46 +-
 arch/s390/kernel/reipl.S                       |  133 +-
 arch/s390/kernel/reipl64.S                     |  155 --
 arch/s390/kernel/relocate_kernel.S             |   63 +-
 arch/s390/kernel/relocate_kernel64.S           |  121 --
 arch/s390/kernel/sclp.S                        |   10 -
 arch/s390/kernel/setup.c                       |   73 -
 arch/s390/kernel/signal.c                      |   10 -
 arch/s390/kernel/smp.c                         |   87 +-
 arch/s390/kernel/sys_s390.c                    |   49 -
 arch/s390/kernel/syscalls.S                    |  716 ++++----
 arch/s390/kernel/topology.c                    |  134 +-
 arch/s390/kernel/traps.c                       |  155 +-
 arch/s390/kernel/vdso.c                        |   16 +-
 arch/s390/kernel/vdso64/clock_gettime.S        |    6 +-
 arch/s390/kernel/vmlinux.lds.S                 |    7 -
 arch/s390/lib/Makefile                         |    3 +-
 arch/s390/lib/div64.c                          |  147 --
 arch/s390/lib/mem32.S                          |   92 -
 arch/s390/lib/qrnnd.S                          |   78 -
 arch/s390/lib/uaccess.c                        |  136 +-
 arch/s390/lib/ucmpdi2.c                        |   26 -
 arch/s390/math-emu/Makefile                    |    7 -
 arch/s390/math-emu/math.c                      | 2255 ------------------------
 arch/s390/mm/dump_pagetables.c                 |   24 +-
 arch/s390/mm/extmem.c                          |   14 -
 arch/s390/mm/fault.c                           |   36 -
 arch/s390/mm/gup.c                             |    4 -
 arch/s390/mm/init.c                            |    5 -
 arch/s390/mm/mem_detect.c                      |    4 -
 arch/s390/mm/mmap.c                            |   30 +-
 arch/s390/mm/pageattr.c                        |    2 +-
 arch/s390/mm/pgtable.c                         |    8 -
 arch/s390/mm/vmem.c                            |   10 +-
 arch/s390/oprofile/Makefile                    |    2 +-
 arch/s390/oprofile/init.c                      |   11 -
 arch/s390/pci/pci.c                            |    3 +-
 drivers/s390/block/dasd.c                      |    2 -
 drivers/s390/block/dasd_diag.h                 |   42 -
 drivers/s390/block/dasd_eckd.c                 |    6 -
 drivers/s390/block/dasd_fba.c                  |    2 -
 drivers/s390/char/Kconfig                      |    2 +-
 drivers/s390/char/sclp_sdias.c                 |    4 -
 drivers/s390/char/zcore.c                      |   32 -
 drivers/s390/cio/cio.c                         |    2 -
 drivers/s390/cio/qdio.h                        |    7 -
 drivers/s390/cio/qdio_setup.c                  |    3 -
 drivers/s390/crypto/ap_bus.c                   |   24 +-
 drivers/s390/net/ctcm_mpc.c                    |   12 -
 109 files changed, 1325 insertions(+), 7196 deletions(-)
 rename arch/s390/boot/compressed/{head64.S => head.S} (100%)
 delete mode 100644 arch/s390/boot/compressed/head31.S
 delete mode 100644 arch/s390/kernel/entry64.S
 delete mode 100644 arch/s390/kernel/head31.S
 delete mode 100644 arch/s390/kernel/reipl64.S
 delete mode 100644 arch/s390/kernel/relocate_kernel64.S
 delete mode 100644 arch/s390/lib/div64.c
 delete mode 100644 arch/s390/lib/mem32.S
 delete mode 100644 arch/s390/lib/qrnnd.S
 delete mode 100644 arch/s390/lib/ucmpdi2.c
 delete mode 100644 arch/s390/math-emu/Makefile
 delete mode 100644 arch/s390/math-emu/math.c
Merging sparc-next/master (9f935675d41a Merge branch 'for-linus' of git://git.kernel.org/pub/scm/linux/kernel/git/dtor/input)
$ git merge sparc-next/master
Already up-to-date.
Merging tile/master (740e1433f50e tile: change MAINTAINERS website from tilera.com to ezchip.com)
$ git merge tile/master
Already up-to-date.
Merging unicore32/unicore32 (d670878e2c9a unicore32: Remove ARCH_HAS_CPUFREQ config option)
$ git merge unicore32/unicore32
Already up-to-date.
Merging xtensa/for_next (1f2fdbd0078c xtensa: disable link optimization)
$ git merge xtensa/for_next
Already up-to-date.
Merging btrfs/next (a742994aa2e2 Btrfs: don't remove extents and xattrs when logging new names)
$ git merge btrfs/next
Auto-merging fs/btrfs/tree-log.c
Auto-merging fs/btrfs/transaction.c
Auto-merging fs/btrfs/super.c
Auto-merging fs/btrfs/scrub.c
Auto-merging fs/btrfs/inode.c
Auto-merging fs/btrfs/extent_io.c
Auto-merging fs/btrfs/extent-tree.c
Auto-merging fs/btrfs/disk-io.c
Auto-merging fs/btrfs/ctree.h
Merge made by the 'recursive' strategy.
 fs/btrfs/backref.c                   |  28 +---
 fs/btrfs/backref.h                   |   3 -
 fs/btrfs/btrfs_inode.h               |   3 +
 fs/btrfs/ctree.c                     |  55 +++----
 fs/btrfs/ctree.h                     |  39 ++---
 fs/btrfs/delayed-inode.c             |  38 +++--
 fs/btrfs/dev-replace.c               |  25 +--
 fs/btrfs/disk-io.c                   | 102 +++++++++---
 fs/btrfs/disk-io.h                   |   6 +-
 fs/btrfs/extent-tree.c               | 250 ++++++++++++----------------
 fs/btrfs/extent_io.c                 |  87 ++++++----
 fs/btrfs/extent_io.h                 |  65 ++++----
 fs/btrfs/free-space-cache.c          |  13 +-
 fs/btrfs/inode-item.c                |   9 +-
 fs/btrfs/inode.c                     | 156 +++++++++++++-----
 fs/btrfs/qgroup.c                    |   3 +-
 fs/btrfs/raid56.c                    | 103 ++++--------
 fs/btrfs/raid56.h                    |  11 +-
 fs/btrfs/reada.c                     |  19 +--
 fs/btrfs/relocation.c                |  12 +-
 fs/btrfs/scrub.c                     | 309 ++++++++++++++++-------------------
 fs/btrfs/send.c                      |   9 +-
 fs/btrfs/super.c                     |   6 -
 fs/btrfs/sysfs.c                     |  10 +-
 fs/btrfs/tests/extent-buffer-tests.c |   2 +-
 fs/btrfs/tests/extent-io-tests.c     |   3 +-
 fs/btrfs/tests/inode-tests.c         |   4 +-
 fs/btrfs/tests/qgroup-tests.c        |  23 ++-
 fs/btrfs/transaction.c               |  27 ++-
 fs/btrfs/transaction.h               |   7 +
 fs/btrfs/tree-log.c                  | 234 ++++++++++++++++++++------
 fs/btrfs/volumes.c                   | 242 +++++++++++++++------------
 fs/btrfs/volumes.h                   |  18 +-
 include/uapi/linux/btrfs.h           |   3 +-
 34 files changed, 1063 insertions(+), 861 deletions(-)
Merging ceph/master (388cfdc9bc19 libceph: require cephx message signature by default)
$ git merge ceph/master
Resolved 'fs/ceph/snap.c' using previous resolution.
Resolved 'fs/ceph/super.c' using previous resolution.
Resolved 'fs/ceph/super.h' using previous resolution.
Resolved 'net/ceph/auth_x.c' using previous resolution.
Auto-merging net/ceph/auth_x.c
CONFLICT (content): Merge conflict in net/ceph/auth_x.c
Auto-merging fs/ceph/super.h
CONFLICT (content): Merge conflict in fs/ceph/super.h
Auto-merging fs/ceph/super.c
CONFLICT (content): Merge conflict in fs/ceph/super.c
Auto-merging fs/ceph/snap.c
CONFLICT (content): Merge conflict in fs/ceph/snap.c
Automatic merge failed; fix conflicts and then commit the result.
$ git commit -v -a
[master 24a1a4d39bd0] Merge remote-tracking branch 'ceph/master'
$ git diff -M --stat --summary HEAD^..
Merging cifs/for-next (0a545e3a7494 [SMB3] Update negotiate protocol for SMB3.1 dialect)
$ git merge cifs/for-next
Auto-merging fs/cifs/connect.c
Merge made by the 'recursive' strategy.
 fs/cifs/Kconfig    |  9 ++++++++
 fs/cifs/cifsglob.h |  7 ++++++
 fs/cifs/connect.c  | 10 +++++++++
 fs/cifs/smb2ops.c  | 25 ++++++++++++++++++++-
 fs/cifs/smb2pdu.c  | 64 +++++++++++++++++++++++++++++++++++++++++++++++++++---
 fs/cifs/smb2pdu.h  | 50 +++++++++++++++++++++++++++++++++++-------
 6 files changed, 153 insertions(+), 12 deletions(-)
Merging ecryptfs/next (e7a823be2adc Merge tag 'linux-kselftest-3.19-rc-5' of git://git.kernel.org/pub/scm/linux/kernel/git/shuah/linux-kselftest)
$ git merge ecryptfs/next
Already up-to-date.
Merging ext3/for_next (6981498d7956 udf: remove bool assignment to 0/1)
$ git merge ext3/for_next
Already up-to-date.
Merging ext4/dev (6f30b7e37a82 ext4: fix indirect punch hole corruption)
$ git merge ext4/dev
Auto-merging fs/ext4/super.c
Auto-merging fs/ext4/inode.c
Auto-merging fs/ext4/indirect.c
Auto-merging fs/ext4/ext4.h
Merge made by the 'recursive' strategy.
 fs/ext4/ext4.h     |  18 +++++++--
 fs/ext4/indirect.c | 105 ++++++++++++++++++++++++++++++++++++-----------------
 fs/ext4/inode.c    |   7 ++++
 fs/ext4/super.c    |  31 +++++++---------
 fs/jbd2/recovery.c |   3 ++
 5 files changed, 108 insertions(+), 56 deletions(-)
Merging f2fs/dev (db3ecdee1cf0 Merge branch 'for-next' of git://git.kernel.org/pub/scm/linux/kernel/git/cooloney/linux-leds)
$ git merge f2fs/dev
Already up-to-date.
Merging fscache/fscache (1a8ed18fb7db cachefiles: remove two unused pagevecs.)
$ git merge fscache/fscache
Resolved 'fs/fscache/object.c' using previous resolution.
Auto-merging fs/fscache/object.c
CONFLICT (content): Merge conflict in fs/fscache/object.c
Automatic merge failed; fix conflicts and then commit the result.
$ git commit -v -a
[master a211be87c5e0] Merge remote-tracking branch 'fscache/fscache'
$ git diff -M --stat --summary HEAD^..
Merging fuse/for-next (9759bd518994 fuse: add memory barrier to INIT)
$ git merge fuse/for-next
Already up-to-date.
Merging gfs2/master (278702074ff7 GFS2: Fix crash during ACL deletion in acl max entry check in gfs2_set_acl())
$ git merge gfs2/master
Already up-to-date.
Merging jfs/jfs-next (648695c74811 jfs: Deletion of an unnecessary check before the function call "unload_nls")
$ git merge jfs/jfs-next
Already up-to-date.
Merging nfs/linux-next (71a097c6de9a NFSv4.1: Clean up bind_conn_to_session)
$ git merge nfs/linux-next
Merge made by the 'recursive' strategy.
 fs/nfs/callback_proc.c                 |  2 +
 fs/nfs/callback_xdr.c                  |  8 ++--
 fs/nfs/delegation.c                    |  4 --
 fs/nfs/direct.c                        |  2 +-
 fs/nfs/filelayout/filelayout.c         | 53 +++++-------------------
 fs/nfs/flexfilelayout/flexfilelayout.c | 43 +------------------
 fs/nfs/inode.c                         |  1 -
 fs/nfs/internal.h                      | 13 ++++++
 fs/nfs/nfs4proc.c                      | 75 ++++++++++++++++++++++------------
 fs/nfs/nfs4session.c                   |  2 +-
 fs/nfs/nfs4session.h                   |  6 +++
 fs/nfs/nfs4xdr.c                       | 32 +++++++--------
 fs/nfs/pnfs.h                          |  4 ++
 fs/nfs/pnfs_nfs.c                      | 30 ++++++++++++++
 fs/nfs/write.c                         | 16 ++------
 include/linux/nfs_fs.h                 |  1 -
 include/linux/nfs_xdr.h                | 19 +++++++--
 include/linux/sunrpc/metrics.h         |  7 +++-
 net/sunrpc/backchannel_rqst.c          |  5 ++-
 19 files changed, 165 insertions(+), 158 deletions(-)
Merging nfsd/nfsd-next (a1d1e9be5a1d svcrpc: fix memory leak in gssp_accept_sec_context_upcall)
$ git merge nfsd/nfsd-next
Merge made by the 'recursive' strategy.
 net/sunrpc/auth_gss/gss_rpc_upcall.c | 2 ++
 1 file changed, 2 insertions(+)
Merging overlayfs/overlayfs-next (4330397e4e8a ovl: discard independent cursor in readdir())
$ git merge overlayfs/overlayfs-next
Auto-merging fs/overlayfs/readdir.c
Merge made by the 'recursive' strategy.
 Documentation/filesystems/overlayfs.txt |  28 ++
 fs/overlayfs/copy_up.c                  |   5 +-
 fs/overlayfs/dir.c                      |  28 +-
 fs/overlayfs/inode.c                    |  12 +-
 fs/overlayfs/overlayfs.h                |  18 +-
 fs/overlayfs/readdir.c                  | 181 +++++-----
 fs/overlayfs/super.c                    | 564 +++++++++++++++++++++-----------
 7 files changed, 517 insertions(+), 319 deletions(-)
Merging squashfs/master (62421645bb70 Squashfs: Add LZ4 compression configuration option)
$ git merge squashfs/master
Already up-to-date.
Merging v9fs/for-next (f15844e0777f 9P: fix return value in v9fs_fid_xattr_set)
$ git merge v9fs/for-next
Already up-to-date.
Merging ubifs/linux-next (8168b9bba6a8 UBI: block: Fix checking for NULL instead of IS_ERR())
$ git merge ubifs/linux-next
Already up-to-date.
Merging xfs/for-next (781355c6e5ae xfs: recall pNFS layouts on conflicting access)
$ git merge xfs/for-next
Auto-merging fs/xfs/xfs_file.c
Merge made by the 'recursive' strategy.
 fs/xfs/Makefile     |   1 +
 fs/xfs/xfs_export.c |   6 +
 fs/xfs/xfs_file.c   |  14 ++-
 fs/xfs/xfs_fsops.c  |   6 +
 fs/xfs/xfs_ioctl.c  |   9 +-
 fs/xfs/xfs_iops.c   |  13 ++-
 fs/xfs/xfs_iops.h   |   1 +
 fs/xfs/xfs_mount.h  |  11 ++
 fs/xfs/xfs_pnfs.c   | 322 ++++++++++++++++++++++++++++++++++++++++++++++++++++
 fs/xfs/xfs_pnfs.h   |  18 +++
 10 files changed, 393 insertions(+), 8 deletions(-)
 create mode 100644 fs/xfs/xfs_pnfs.c
 create mode 100644 fs/xfs/xfs_pnfs.h
Merging file-locks/linux-next (b2b89ebfc0f0 Merge tag 'locks-v3.20-2' of git://git.samba.org/jlayton/linux)
$ git merge file-locks/linux-next
Already up-to-date.
Merging vfs/for-next (28444a2bde8d configfs_add_file: fold into its sole caller)
$ git merge vfs/for-next
Merge made by the 'recursive' strategy.
 drivers/staging/lustre/lustre/llite/dcache.c       | 12 ++--
 drivers/staging/lustre/lustre/llite/file.c         |  8 +--
 .../staging/lustre/lustre/llite/llite_internal.h   |  4 +-
 drivers/staging/lustre/lustre/llite/namei.c        | 12 ++--
 fs/configfs/configfs_internal.h                    |  3 +-
 fs/configfs/dir.c                                  | 72 ++++++++++------------
 fs/configfs/file.c                                 | 28 +++------
 fs/configfs/inode.c                                | 10 +--
 8 files changed, 63 insertions(+), 86 deletions(-)
Merging pci/next (cb8e92d8e4d9 Merge branch 'pci/misc' into next)
$ git merge pci/next
Already up-to-date.
Merging hid/for-next (870fd0f5df4e Merge branch 'for-linus' of git://git.kernel.org/pub/scm/linux/kernel/git/jikos/hid)
$ git merge hid/for-next
Already up-to-date.
Merging i2c/i2c/for-next (f9f9bdcd35b4 Merge branch 'i2c/for-3.20' into i2c/for-next)
$ git merge i2c/i2c/for-next
Auto-merging Documentation/devicetree/bindings/i2c/trivial-devices.txt
Merge made by the 'recursive' strategy.
 .../devicetree/bindings/i2c/brcm,iproc-i2c.txt     |  37 ++
 .../devicetree/bindings/i2c/i2c-mux-pca954x.txt    |   3 +
 .../devicetree/bindings/i2c/i2c-ocores.txt         |  42 +-
 Documentation/devicetree/bindings/i2c/i2c-rk3x.txt |  14 +
 .../devicetree/bindings/i2c/trivial-devices.txt    |   5 +-
 drivers/i2c/busses/Kconfig                         |  22 +-
 drivers/i2c/busses/Makefile                        |   2 +
 drivers/i2c/busses/i2c-bcm-iproc.c                 | 461 +++++++++++++++++++++
 drivers/i2c/busses/i2c-cadence.c                   | 189 +++++----
 drivers/i2c/busses/i2c-designware-baytrail.c       | 160 +++++++
 drivers/i2c/busses/i2c-designware-core.c           |  83 ++--
 drivers/i2c/busses/i2c-designware-core.h           |  12 +
 drivers/i2c/busses/i2c-designware-pcidrv.c         |  41 +-
 drivers/i2c/busses/i2c-designware-platdrv.c        |  20 +-
 drivers/i2c/busses/i2c-imx.c                       |  33 +-
 drivers/i2c/busses/i2c-ocores.c                    |  84 +++-
 drivers/i2c/busses/i2c-pmcmsp.c                    |   7 -
 drivers/i2c/busses/i2c-rk3x.c                      |  99 +++--
 drivers/i2c/busses/i2c-tegra.c                     |   2 +
 drivers/i2c/i2c-core.c                             | 180 ++------
 drivers/i2c/muxes/i2c-mux-pca954x.c                |  11 +-
 include/linux/i2c.h                                |   4 -
 22 files changed, 1148 insertions(+), 363 deletions(-)
 create mode 100644 Documentation/devicetree/bindings/i2c/brcm,iproc-i2c.txt
 create mode 100644 drivers/i2c/busses/i2c-bcm-iproc.c
 create mode 100644 drivers/i2c/busses/i2c-designware-baytrail.c
Merging jdelvare-hwmon/master (26bc420b59a3 Linux 3.19-rc6)
$ git merge jdelvare-hwmon/master
Already up-to-date.
Merging hwmon-staging/hwmon-next (dd378b1bcaa0 hwmon: (tmp102) add hibernation callbacks)
$ git merge hwmon-staging/hwmon-next
Already up-to-date.
Merging v4l-dvb/master (48b777c0833b Merge branch 'patchwork' into to_next)
$ git merge v4l-dvb/master
Merge made by the 'recursive' strategy.
 drivers/media/usb/gspca/topro.c | 4 +++-
 1 file changed, 3 insertions(+), 1 deletion(-)
Merging kbuild/for-next (8d18d1d514d1 Merge branch 'kbuild/kconfig' into kbuild/for-next)
$ git merge kbuild/for-next
Auto-merging lib/Kconfig.debug
Auto-merging init/Kconfig
Auto-merging arch/x86/Kconfig
Auto-merging Makefile
Merge made by the 'recursive' strategy.
 Documentation/lto-build  | 173 +++++++++++++++++++++++++++++++++++++++++++++++
 Makefile                 |  19 +++++-
 arch/x86/Kconfig         |   2 +-
 init/Kconfig             |  73 ++++++++++++++++++++
 kernel/gcov/Kconfig      |   2 +-
 lib/Kconfig.debug        |   2 +-
 scripts/Makefile.lto     |  84 +++++++++++++++++++++++
 scripts/Makefile.modpost |   7 +-
 scripts/link-vmlinux.sh  |   2 +-
 9 files changed, 356 insertions(+), 8 deletions(-)
 create mode 100644 Documentation/lto-build
 create mode 100644 scripts/Makefile.lto
Merging kconfig/for-next (bfa76d495765 Linux 3.19)
$ git merge kconfig/for-next
Already up-to-date.
Merging libata/for-next (d85aa1624b05 Merge branch 'for-3.19-fixes' into for-next)
$ git merge libata/for-next
Already up-to-date!
Merge made by the 'recursive' strategy.
Merging pm/linux-next (9f130adfac99 Merge branch 'pm-cpufreq' into linux-next)
$ git merge pm/linux-next
Merge made by the 'recursive' strategy.
 drivers/acpi/acpi_lpss.c          | 21 ++++++++++--
 drivers/acpi/ec.c                 |  4 +--
 drivers/acpi/resource.c           |  2 +-
 drivers/acpi/video.c              |  9 +++++
 drivers/cpufreq/s3c2416-cpufreq.c |  4 +--
 drivers/cpufreq/s3c24xx-cpufreq.c | 10 +-----
 drivers/cpuidle/cpuidle-powernv.c | 69 +++++++++++++++++++++++----------------
 drivers/pnp/resource.c            |  6 ++--
 8 files changed, 77 insertions(+), 48 deletions(-)
Merging idle/next (210109f4a19a Merge branches 'turbostat', 'sfi' and 'cpuidle' into release)
$ git merge idle/next
Already up-to-date!
Merge made by the 'recursive' strategy.
Merging apm/for-next (53675abbd1e5 x86, apm: Remove unused variable)
$ git merge apm/for-next
Already up-to-date.
Merging thermal/next (31908f45a583 Thermal/int340x_thermal: remove unused uuids.)
$ git merge thermal/next
Already up-to-date.
Merging thermal-soc/next (6c247393cfdd thermal: exynos: Add TMU support for Exynos7 SoC)
$ git merge thermal-soc/next
Removing drivers/thermal/samsung/exynos_tmu_data.c
Removing drivers/thermal/samsung/exynos_thermal_common.h
Removing drivers/thermal/samsung/exynos_thermal_common.c
Auto-merging drivers/cpufreq/Makefile
Merge made by the 'recursive' strategy.
 .../devicetree/bindings/thermal/exynos-thermal.txt |  21 +
 .../devicetree/bindings/thermal/thermal.txt        |  74 +--
 drivers/cpufreq/Kconfig.arm                        |  44 +-
 drivers/cpufreq/Makefile                           |   9 +-
 drivers/cpufreq/exynos-cpufreq.c                   |  33 +-
 drivers/thermal/of-thermal.c                       |   3 +
 drivers/thermal/rockchip_thermal.c                 |  36 +-
 drivers/thermal/samsung/Kconfig                    |   9 -
 drivers/thermal/samsung/Makefile                   |   2 -
 drivers/thermal/samsung/exynos_thermal_common.c    | 427 ----------------
 drivers/thermal/samsung/exynos_thermal_common.h    | 106 ----
 drivers/thermal/samsung/exynos_tmu.c               | 553 ++++++++++++++++-----
 drivers/thermal/samsung/exynos_tmu.h               |  77 +--
 drivers/thermal/samsung/exynos_tmu_data.c          | 264 ----------
 include/dt-bindings/thermal/thermal_exynos.h       |  28 ++
 15 files changed, 596 insertions(+), 1090 deletions(-)
 delete mode 100644 drivers/thermal/samsung/exynos_thermal_common.c
 delete mode 100644 drivers/thermal/samsung/exynos_thermal_common.h
 delete mode 100644 drivers/thermal/samsung/exynos_tmu_data.c
 create mode 100644 include/dt-bindings/thermal/thermal_exynos.h
Merging ieee1394/for-next (d71e6a11737f firewire: core: use correct vendor/model IDs)
$ git merge ieee1394/for-next
Already up-to-date.
Merging dlm/next (2ab4bd8ea3a6 dlm: adopt orphan locks)
$ git merge dlm/next
Already up-to-date.
Merging swiotlb/linux-next (8e0629c1d4ce swiotlb: don't assume PA 0 is invalid)
$ git merge swiotlb/linux-next
Already up-to-date.
Merging slave-dma/next (9ad1a1b57012 Merge branch 'for-linus' into next)
$ git merge slave-dma/next
Already up-to-date!
Merge made by the 'recursive' strategy.
Merging net-next/master (69994d17abe9 Merge branch 'mv88e6171_indirect_phy')
$ git merge net-next/master
Merge made by the 'recursive' strategy.
 drivers/net/dsa/mv88e6171.c                   |  18 ++--
 drivers/net/dsa/mv88e6352.c                   |  77 +++------------
 drivers/net/dsa/mv88e6xxx.c                   |  53 +++++++++++
 drivers/net/dsa/mv88e6xxx.h                   |   6 ++
 drivers/net/ethernet/altera/altera_tse_main.c |  20 ++--
 drivers/net/usb/r8152.c                       | 131 ++++++++++++++++++++------
 6 files changed, 199 insertions(+), 106 deletions(-)
Merging ipsec-next/master (ff660f75be36 Merge branch 'stmmac-pci')
$ git merge ipsec-next/master
Already up-to-date.
Merging wireless-drivers-next/master (d53071143aa5 Merge ath-next from ath.git)
$ git merge wireless-drivers-next/master
Already up-to-date.
Merging bluetooth/master (a2cb01de1cb1 Bluetooth: Fix checking for pending Set SSP in Set HS handler)
$ git merge bluetooth/master
Merge made by the 'recursive' strategy.
 drivers/bluetooth/ath3k.c          |   1 +
 drivers/bluetooth/btmrvl_drv.h     |   1 +
 drivers/bluetooth/btmrvl_main.c    |  14 +++
 drivers/bluetooth/btusb.c          | 120 ++++++++++++------
 drivers/net/ieee802154/at86rf230.c |   2 +-
 include/linux/ieee802154.h         |  12 +-
 include/net/bluetooth/hci_core.h   | 141 ++++++++--------------
 include/net/mac802154.h            |   9 +-
 net/6lowpan/Kconfig                |  57 ++++++++-
 net/6lowpan/Makefile               |  13 +-
 net/6lowpan/iphc.c                 | 200 +++++-------------------------
 net/6lowpan/nhc.c                  | 241 +++++++++++++++++++++++++++++++++++++
 net/6lowpan/nhc.h                  | 146 ++++++++++++++++++++++
 net/6lowpan/nhc_dest.c             |  28 +++++
 net/6lowpan/nhc_fragment.c         |  27 +++++
 net/6lowpan/nhc_hop.c              |  27 +++++
 net/6lowpan/nhc_ipv6.c             |  27 +++++
 net/6lowpan/nhc_mobility.c         |  27 +++++
 net/6lowpan/nhc_routing.c          |  27 +++++
 net/6lowpan/nhc_udp.c              | 157 ++++++++++++++++++++++++
 net/bluetooth/Kconfig              |   8 ++
 net/bluetooth/Makefile             |   3 +-
 net/bluetooth/a2mp.c               |  44 +++----
 net/bluetooth/a2mp.h               |   8 --
 net/bluetooth/hci_conn.c           |  20 ++-
 net/bluetooth/hci_core.c           |  48 +++++---
 net/bluetooth/hci_debugfs.h        |  22 ++++
 net/bluetooth/hci_event.c          |  38 +++---
 net/bluetooth/l2cap_core.c         |  40 +++++-
 net/bluetooth/mgmt.c               |  13 +-
 net/bluetooth/sco.c                |  21 +++-
 net/ieee802154/6lowpan/core.c      |   6 +-
 net/ieee802154/core.c              |   1 +
 33 files changed, 1156 insertions(+), 393 deletions(-)
 create mode 100644 net/6lowpan/nhc.c
 create mode 100644 net/6lowpan/nhc.h
 create mode 100644 net/6lowpan/nhc_dest.c
 create mode 100644 net/6lowpan/nhc_fragment.c
 create mode 100644 net/6lowpan/nhc_hop.c
 create mode 100644 net/6lowpan/nhc_ipv6.c
 create mode 100644 net/6lowpan/nhc_mobility.c
 create mode 100644 net/6lowpan/nhc_routing.c
 create mode 100644 net/6lowpan/nhc_udp.c
Merging infiniband/for-next (e51d3a534bff Merge branches 'core', 'cxgb4', 'iser', 'mlx4', 'mlx5', 'ocrdma', 'odp', 'qib' and 'srp' into for-next)
$ git merge infiniband/for-next
Resolved 'drivers/infiniband/hw/mlx4/main.c' using previous resolution.
Auto-merging drivers/infiniband/hw/mlx4/qp.c
Auto-merging drivers/infiniband/hw/mlx4/main.c
CONFLICT (content): Merge conflict in drivers/infiniband/hw/mlx4/main.c
Auto-merging drivers/infiniband/hw/mlx4/cq.c
Auto-merging drivers/infiniband/hw/cxgb4/ev.c
Auto-merging MAINTAINERS
Automatic merge failed; fix conflicts and then commit the result.
$ git commit -v -a
[master 70f9cdb1d93f] Merge remote-tracking branch 'infiniband/for-next'
$ git diff -M --stat --summary HEAD^..
 MAINTAINERS                                   |   2 +-
 drivers/infiniband/core/ucma.c                |   3 +
 drivers/infiniband/core/umem_odp.c            |   3 +-
 drivers/infiniband/core/uverbs.h              |   1 +
 drivers/infiniband/core/uverbs_cmd.c          | 158 +++++++++----
 drivers/infiniband/core/uverbs_main.c         |   1 +
 drivers/infiniband/hw/cxgb4/ev.c              |   9 +-
 drivers/infiniband/hw/cxgb4/iw_cxgb4.h        |  29 ++-
 drivers/infiniband/hw/ipath/ipath_kernel.h    |   3 -
 drivers/infiniband/hw/ipath/ipath_wc_ppc64.c  |  13 --
 drivers/infiniband/hw/ipath/ipath_wc_x86_64.c |  15 --
 drivers/infiniband/hw/mlx4/cm.c               |   2 +-
 drivers/infiniband/hw/mlx4/cq.c               |   7 +-
 drivers/infiniband/hw/mlx4/main.c             |  10 +-
 drivers/infiniband/hw/mlx4/qp.c               |   6 +-
 drivers/infiniband/hw/mlx5/main.c             |   4 +-
 drivers/infiniband/hw/mlx5/mr.c               |   1 +
 drivers/infiniband/hw/ocrdma/ocrdma.h         |  38 +++-
 drivers/infiniband/hw/ocrdma/ocrdma_ah.c      |  38 +++-
 drivers/infiniband/hw/ocrdma/ocrdma_ah.h      |   6 +
 drivers/infiniband/hw/ocrdma/ocrdma_hw.c      | 312 ++++++++++++++++++++++----
 drivers/infiniband/hw/ocrdma/ocrdma_hw.h      |   2 +
 drivers/infiniband/hw/ocrdma/ocrdma_main.c    |  12 +-
 drivers/infiniband/hw/ocrdma/ocrdma_sli.h     |  68 +++++-
 drivers/infiniband/hw/ocrdma/ocrdma_stats.c   | 241 ++++++++++++++++++++
 drivers/infiniband/hw/ocrdma/ocrdma_stats.h   |   6 +-
 drivers/infiniband/hw/ocrdma/ocrdma_verbs.c   | 183 ++++++++++++---
 drivers/infiniband/hw/qib/qib.h               |  16 +-
 drivers/infiniband/hw/qib/qib_common.h        |   4 +-
 drivers/infiniband/hw/qib/qib_debugfs.c       |   1 -
 drivers/infiniband/hw/qib/qib_diag.c          |   9 +-
 drivers/infiniband/hw/qib/qib_driver.c        |   5 +-
 drivers/infiniband/hw/qib/qib_eeprom.c        | 198 +---------------
 drivers/infiniband/hw/qib/qib_file_ops.c      |  26 ++-
 drivers/infiniband/hw/qib/qib_fs.c            |   9 +-
 drivers/infiniband/hw/qib/qib_iba6120.c       |  15 +-
 drivers/infiniband/hw/qib/qib_iba7220.c       |  14 +-
 drivers/infiniband/hw/qib/qib_iba7322.c       |  52 +++--
 drivers/infiniband/hw/qib/qib_init.c          |  12 +-
 drivers/infiniband/hw/qib/qib_intr.c          |   1 -
 drivers/infiniband/hw/qib/qib_keys.c          |   4 +-
 drivers/infiniband/hw/qib/qib_mad.c           |  20 +-
 drivers/infiniband/hw/qib/qib_mmap.c          |   2 +-
 drivers/infiniband/hw/qib/qib_mr.c            |  10 +-
 drivers/infiniband/hw/qib/qib_pcie.c          |  10 +-
 drivers/infiniband/hw/qib/qib_qp.c            |   8 +-
 drivers/infiniband/hw/qib/qib_qsfp.c          |  13 +-
 drivers/infiniband/hw/qib/qib_rc.c            |   4 +-
 drivers/infiniband/hw/qib/qib_ruc.c           |   8 +-
 drivers/infiniband/hw/qib/qib_sd7220.c        |   9 +-
 drivers/infiniband/hw/qib/qib_sysfs.c         |  28 +--
 drivers/infiniband/hw/qib/qib_twsi.c          |   5 +-
 drivers/infiniband/hw/qib/qib_tx.c            |   1 +
 drivers/infiniband/hw/qib/qib_ud.c            |   2 +-
 drivers/infiniband/hw/qib/qib_user_sdma.c     |   8 +-
 drivers/infiniband/hw/qib/qib_verbs.c         |  15 +-
 drivers/infiniband/hw/qib/qib_verbs_mcast.c   |   4 +-
 drivers/infiniband/hw/qib/qib_wc_x86_64.c     |   7 +-
 drivers/infiniband/ulp/iser/iscsi_iser.h      |   4 +-
 drivers/infiniband/ulp/iser/iser_initiator.c  |  16 +-
 drivers/infiniband/ulp/iser/iser_memory.c     |   9 +-
 drivers/infiniband/ulp/iser/iser_verbs.c      |  27 ++-
 include/uapi/rdma/ib_user_verbs.h             |  23 ++
 63 files changed, 1212 insertions(+), 560 deletions(-)
Merging mtd/master (eb928d40a93f Merge JFFS2 updates from David Woodhouse)
$ git merge mtd/master
Already up-to-date.
Merging l2-mtd/master (eb928d40a93f Merge JFFS2 updates from David Woodhouse)
$ git merge l2-mtd/master
Already up-to-date.
Merging crypto/master (db71f29a1c32 crypto: testmgr - mark rfc4106(gcm(aes)) as fips_allowed)
$ git merge crypto/master
Already up-to-date.
Merging drm/drm-next (45ee2dbc65cb Merge branch 'drm-next-3.20' of git://people.freedesktop.org/~agd5f/linux into drm-next)
$ git merge drm/drm-next
Already up-to-date.
Merging drm-panel/drm/panel/for-next (23923ebaac52 drm: Remove unused DRM_MODE_OBJECT_BRIDGE)
$ git merge drm-panel/drm/panel/for-next
Merge made by the 'recursive' strategy.
 drivers/gpu/drm/bridge/Kconfig   |  11 +
 drivers/gpu/drm/bridge/Makefile  |   1 +
 drivers/gpu/drm/bridge/ps8622.c  | 684 +++++++++++++++++++++++++++++++++++++++
 drivers/gpu/drm/bridge/ptn3460.c |   2 +-
 include/drm/drm_crtc.h           |   1 -
 5 files changed, 697 insertions(+), 2 deletions(-)
 create mode 100644 drivers/gpu/drm/bridge/ps8622.c
Merging drm-intel/for-linux-next (96abd10ecc2e Merge branch 'drm-next-3.20' of git://people.freedesktop.org/~agd5f/linux into drm-next)
$ git merge drm-intel/for-linux-next
Already up-to-date.
Merging drm-tegra/drm/tegra/for-next (07d05cbf60ed drm/tegra: dc: Move more code into ->init())
$ git merge drm-tegra/drm/tegra/for-next
Merge made by the 'recursive' strategy.
 drivers/gpu/drm/tegra/dc.c   | 79 ++++++++++++++++++++++----------------------
 drivers/gpu/drm/tegra/hdmi.c |  8 +++++
 2 files changed, 48 insertions(+), 39 deletions(-)
Merging drm-misc/topic/core-stuff (eb2ed66fe56f drm/irq: Don't disable vblank interrupts when already disabled)
$ git merge drm-misc/topic/core-stuff
Already up-to-date.
Merging sound/for-next (3cd1ce0420ce ALSA: usb: Fix support for Denon DA-300USB DAC (ID 154e:1003))
$ git merge sound/for-next
Already up-to-date.
Merging sound-asoc/for-next (d0f40aaca100 Merge remote-tracking branches 'asoc/fix/fsl-ssi', 'asoc/fix/intel', 'asoc/fix/max98357a', 'asoc/fix/omap' and 'asoc/fix/rsnd' into asoc-linus)
$ git merge sound-asoc/for-next
Merge made by the 'recursive' strategy.
 sound/soc/codecs/Kconfig         |  2 +-
 sound/soc/codecs/max98357a.c     |  1 +
 sound/soc/fsl/fsl_ssi.c          | 11 +++++++----
 sound/soc/intel/sst/sst.c        |  4 ++++
 sound/soc/omap/omap-hdmi-audio.c |  3 +++
 sound/soc/sh/rcar/core.c         |  4 ++--
 6 files changed, 18 insertions(+), 7 deletions(-)
Merging modules/modules-next (9cc019b8c94f module: Replace over-engineered nested sleep)
$ git merge modules/modules-next
Already up-to-date.
Merging virtio/virtio-next (5b40a7daf518 virtio: don't set VIRTIO_CONFIG_S_DRIVER_OK twice.)
$ git merge virtio/virtio-next
Already up-to-date.
Merging input/next (4f28d86a2aaf Input: synaptics - switch ForcePad detection to PNP IDs)
$ git merge input/next
Auto-merging include/linux/platform_data/bfin_rotary.h
Auto-merging arch/blackfin/mach-bf609/boards/ezkit.c
Merge made by the 'recursive' strategy.
 Documentation/input/alps.txt                       |  68 ++-
 arch/blackfin/mach-bf527/boards/ad7160eval.c       |  15 +-
 arch/blackfin/mach-bf527/boards/ezkit.c            |  15 +-
 arch/blackfin/mach-bf548/boards/ezkit.c            |   7 +-
 arch/blackfin/mach-bf609/boards/ezkit.c            |   7 +-
 drivers/input/joystick/adi.c                       |   3 +-
 drivers/input/keyboard/pxa27x_keypad.c             |   4 +-
 drivers/input/misc/bfin_rotary.c                   | 208 +++++----
 drivers/input/misc/soc_button_array.c              |   2 +-
 drivers/input/mouse/alps.c                         | 516 ++++++++++++---------
 drivers/input/mouse/alps.h                         |  65 ++-
 drivers/input/mouse/cypress_ps2.c                  |   5 -
 drivers/input/mouse/cypress_ps2.h                  |   5 -
 drivers/input/mouse/focaltech.c                    |  10 -
 drivers/input/mouse/focaltech.h                    |   1 -
 drivers/input/mouse/psmouse-base.c                 |   6 +-
 drivers/input/mouse/synaptics.c                    |  45 +-
 drivers/input/mouse/synaptics.h                    |   2 +-
 .../linux/platform_data}/bfin_rotary.h             |   1 +
 19 files changed, 592 insertions(+), 393 deletions(-)
 rename {arch/blackfin/include/asm => include/linux/platform_data}/bfin_rotary.h (99%)
Merging block/for-next (434c26478166 Merge branch 'for-3.20/core' into for-next)
$ git merge block/for-next
Already up-to-date!
Merge made by the 'recursive' strategy.
Merging device-mapper/for-next (41ecae1a5e47 dm log userspace: split flush_entry_pool to be per dirty-log)
$ git merge device-mapper/for-next
Merge made by the 'recursive' strategy.
 Documentation/device-mapper/dm-crypt.txt       |  15 +-
 drivers/md/dm-crypt.c                          | 392 ++++++++++++++-----------
 drivers/md/dm-io.c                             |   6 +
 drivers/md/dm-log-userspace-base.c             |  84 +++---
 drivers/md/dm-raid1.c                          |   9 +
 drivers/md/dm-snap.c                           |   4 +-
 drivers/md/dm.c                                |  27 +-
 drivers/md/persistent-data/dm-space-map-disk.c |   4 +-
 8 files changed, 314 insertions(+), 227 deletions(-)
Merging mmc/mmc-next (11bc9381b277 mmc: sdhci-s3c: use mmc_of_parse and remove the card_tasklet)
$ git merge mmc/mmc-next
Already up-to-date.
Merging mmc-uh/next (802ea9d8645d Merge tag 'dm-3.20-changes' of git://git.kernel.org/pub/scm/linux/kernel/git/device-mapper/linux-dm)
$ git merge mmc-uh/next
Already up-to-date.
Merging kgdb/kgdb-next (dd8f30cc0550 kgdb, docs: Fix <para> pdfdocs build errors)
$ git merge kgdb/kgdb-next
Auto-merging kernel/printk/printk.c
Auto-merging Documentation/DocBook/kgdb.tmpl
Merge made by the 'recursive' strategy.
 Documentation/DocBook/kgdb.tmpl |  6 +++---
 include/linux/kdb.h             |  8 ++++++-
 kernel/debug/debug_core.c       | 19 ++++++++++++++++-
 kernel/debug/kdb/kdb_io.c       | 46 ++++++++++++++++++++++++++++++-----------
 kernel/debug/kdb/kdb_main.c     | 16 +++++++-------
 kernel/debug/kdb/kdb_private.h  |  4 +++-
 kernel/printk/printk.c          |  2 +-
 7 files changed, 74 insertions(+), 27 deletions(-)
Merging md/for-next (26ac107378c4 md/raid5: Fix livelock when array is both resyncing and degraded.)
$ git merge md/for-next
Already up-to-date.
Merging mfd/for-mfd-next (0a65fbf64dad mfd: intel_soc_pmic: Add missing error check for devm_kzalloc)
$ git merge mfd/for-mfd-next
Already up-to-date.
Merging backlight/for-backlight-next (1926469377bb backlight: da9052_bl: Terminate da9052_wled_ids array with empty element)
$ git merge backlight/for-backlight-next
Merge made by the 'recursive' strategy.
 drivers/video/backlight/88pm860x_bl.c | 5 +----
 drivers/video/backlight/da9052_bl.c   | 1 +
 2 files changed, 2 insertions(+), 4 deletions(-)
Merging battery/master (9e23e22cd61a power: ltc2941-battery-gauge: Fix typo in conversion formula (58 instead of 85))
$ git merge battery/master
Merge made by the 'recursive' strategy.
 drivers/power/ltc2941-battery-gauge.c | 2 +-
 1 file changed, 1 insertion(+), 1 deletion(-)
Merging omap_dss2/for-next (d6c2152b3efd Merge branches '3.20/fbdev' and '3.20/omapdss' into for-next)
$ git merge omap_dss2/for-next
Already up-to-date.
Merging regulator/for-next (10f1d8459b5d Merge remote-tracking branch 'regulator/fix/da9210' into regulator-linus)
$ git merge regulator/for-next
Merge made by the 'recursive' strategy.
 drivers/regulator/da9210-regulator.c | 9 +++++++++
 1 file changed, 9 insertions(+)
Merging security/next (04f81f0154e4 cipso: don't use IPCB() to locate the CIPSO IP option)
$ git merge security/next
Already up-to-date.
Merging integrity/next (7bea7ff67e0c ima: /proc/keys is now mandatory)
$ git merge integrity/next
Merge made by the 'recursive' strategy.
Merging selinux/next (6eb4e2b41b26 SELinux: fix error code in policydb_init())
$ git merge selinux/next
Already up-to-date.
Merging lblnet/next (b2776bf7149b Linux 3.18)
$ git merge lblnet/next
Already up-to-date.
Merging watchdog/master (b08c144e3a10 watchdog: bcm47xx_wdt.c: allow enabling on BCM5301X arch)
$ git merge watchdog/master
Resolved 'drivers/watchdog/Makefile' using previous resolution.
Auto-merging drivers/watchdog/Makefile
CONFLICT (content): Merge conflict in drivers/watchdog/Makefile
Auto-merging drivers/watchdog/Kconfig
Automatic merge failed; fix conflicts and then commit the result.
$ git commit -v -a
[master e30db54b4faa] Merge remote-tracking branch 'watchdog/master'
$ git diff -M --stat --summary HEAD^..
 .../devicetree/bindings/watchdog/mt7621-wdt.txt    |  12 ++
 drivers/watchdog/Kconfig                           |   7 +
 drivers/watchdog/Makefile                          |   1 +
 drivers/watchdog/mt7621_wdt.c                      | 186 +++++++++++++++++++++
 4 files changed, 206 insertions(+)
 create mode 100644 Documentation/devicetree/bindings/watchdog/mt7621-wdt.txt
 create mode 100644 drivers/watchdog/mt7621_wdt.c
Merging iommu/next (a20cc76b9efa Merge branches 'arm/renesas', 'arm/smmu', 'arm/omap', 'ppc/pamu', 'x86/amd' and 'core' into next)
$ git merge iommu/next
Already up-to-date.
Merging dwmw2-iommu/master (1860e379875d Linux 3.15)
$ git merge dwmw2-iommu/master
Already up-to-date.
Merging vfio/next (6140a8f56238 vfio-pci: Add device request interface)
$ git merge vfio/next
Merge made by the 'recursive' strategy.
 drivers/vfio/pci/vfio_pci.c         |  21 ++++++-
 drivers/vfio/pci/vfio_pci_intrs.c   |  60 +++++++++++++-----
 drivers/vfio/pci/vfio_pci_private.h |   1 +
 drivers/vfio/vfio.c                 | 119 +++++++++++++++++++++++++++++++-----
 drivers/vfio/vfio_iommu_type1.c     |  80 ++++++++++++++++++++----
 include/linux/vfio.h                |   2 +
 include/uapi/linux/vfio.h           |   1 +
 7 files changed, 242 insertions(+), 42 deletions(-)
Merging osd/linux-next (1fa3a002b254 Boaz Harrosh - fix email in Documentation)
$ git merge osd/linux-next
Already up-to-date.
Merging jc_docs/docs-next (52e68924dfa8 Documentation: Fix the wrong command `echo -1 > set_ftrace_pid` for cleaning the filter.)
$ git merge jc_docs/docs-next
Already up-to-date.
Merging trivial/for-next (edb0ec0725bb kexec, Kconfig: spell "architecture" properly)
$ git merge trivial/for-next
Already up-to-date.
Merging audit/next (2fded7f44b8f audit: remove vestiges of vers_ops)
$ git merge audit/next
Already up-to-date.
Merging devicetree/devicetree/next (fca8ba4ee24d of/unittest: Remove obsolete code)
$ git merge devicetree/devicetree/next
Already up-to-date.
Merging dt-rh/for-next (3c3c8e3618b0 Merge remote-tracking branch 'grant/devicetree/next' into for-next)
$ git merge dt-rh/for-next
Already up-to-date.
Merging mailbox/mailbox-for-next (9f3e3cacb2ff dt: mailbox: add generic bindings)
$ git merge mailbox/mailbox-for-next
Already up-to-date.
Merging spi/for-next (6b200ff264a1 Merge tag 'spi-v3.20' into spi-linus)
$ git merge spi/for-next
Already up-to-date!
Merge made by the 'recursive' strategy.
Merging tip/auto-latest (3cf6be48c376 Merge branch 'timers/core')
$ git merge tip/auto-latest
Already up-to-date!
Merge made by the 'recursive' strategy.
Merging clockevents/clockevents/next (4c8305221193 clocksource: Driver for Conexant Digicolor SoC timer)
$ git merge clockevents/clockevents/next
Resolved 'arch/arm/mach-rockchip/Kconfig' using previous resolution.
Resolved 'drivers/clocksource/Kconfig' using previous resolution.
Resolved 'drivers/clocksource/rockchip_timer.c' using previous resolution.
Auto-merging drivers/clocksource/rockchip_timer.c
CONFLICT (add/add): Merge conflict in drivers/clocksource/rockchip_timer.c
Auto-merging drivers/clocksource/Kconfig
CONFLICT (content): Merge conflict in drivers/clocksource/Kconfig
Auto-merging arch/arm/mach-rockchip/Kconfig
CONFLICT (content): Merge conflict in arch/arm/mach-rockchip/Kconfig
Automatic merge failed; fix conflicts and then commit the result.
$ git commit -v -a
[master 93b68d6ec1d2] Merge remote-tracking branch 'clockevents/clockevents/next'
$ git diff -M --stat --summary HEAD^..
Merging edac/linux_next (fec53af531dd sb_edac: Fix typo computing number of banks)
$ git merge edac/linux_next
Already up-to-date.
Merging edac-amd/for-next (30263b4052c6 EDAC, mv64x60_edac: Fix an error code in probe())
$ git merge edac-amd/for-next
Already up-to-date.
Merging irqchip/irqchip/for-next (91d117921216 irqchip: atmel-aic-common: Prevent clobbering of priority when changing IRQ type)
$ git merge irqchip/irqchip/for-next
Already up-to-date.
Merging tiny/tiny/next (f114040e3ea6 Linux 3.18-rc1)
$ git merge tiny/tiny/next
Already up-to-date.
Merging ftrace/for-next (c19565fc83e6 Merge branch 'for-next/ftrace/core' into trace/for-next)
$ git merge ftrace/for-next
Auto-merging kernel/trace/trace_kprobe.c
Auto-merging kernel/trace/trace.c
Auto-merging fs/Makefile
Merge made by the 'recursive' strategy.
 fs/Makefile                          |   1 +
 fs/tracefs/Makefile                  |   4 +
 fs/tracefs/inode.c                   | 644 +++++++++++++++++++++++++++++++++++
 include/linux/tracefs.h              |  45 +++
 include/uapi/linux/magic.h           |   2 +
 kernel/trace/ftrace.c                |  22 +-
 kernel/trace/trace.c                 | 187 +++++-----
 kernel/trace/trace.h                 |   2 +-
 kernel/trace/trace_events.c          |  32 +-
 kernel/trace/trace_functions_graph.c |   7 +-
 kernel/trace/trace_kprobe.c          |  10 +-
 kernel/trace/trace_probe.h           |   2 +-
 kernel/trace/trace_stat.c            |  10 +-
 13 files changed, 826 insertions(+), 142 deletions(-)
 create mode 100644 fs/tracefs/Makefile
 create mode 100644 fs/tracefs/inode.c
 create mode 100644 include/linux/tracefs.h
Merging rcu/rcu/next (c0135d07b013 rcu: Clear need_qs flag to prevent splat)
$ git merge rcu/rcu/next
Auto-merging kernel/rcu/tree_plugin.h
Merge made by the 'recursive' strategy.
 kernel/rcu/tree_plugin.h | 1 +
 1 file changed, 1 insertion(+)
Merging kvm/linux-next (6557bada461a KVM: ia64: drop kvm.h from installed user headers)
$ git merge kvm/linux-next
Already up-to-date.
Merging kvm-arm/next (4b990589952f KVM: Remove unused config symbol)
$ git merge kvm-arm/next
Already up-to-date.
Merging kvm-ppc/kvm-ppc-next (2c4aa55a6af0 Merge tag 'signed-kvm-ppc-next' of git://github.com/agraf/linux-2.6 into HEAD)
$ git merge kvm-ppc/kvm-ppc-next
Already up-to-date.
Merging kvms390/next (de8e5d744051 KVM: Disable compat ioctl for s390)
$ git merge kvms390/next
Already up-to-date.
Merging xen-tip/linux-next (a2e75bc2ee20 xenbus: Add proper handling of XS_ERROR from Xenbus for transactions.)
$ git merge xen-tip/linux-next
Already up-to-date.
Merging percpu/for-next (4c907baf36d8 percpu_ref: implement percpu_ref_is_dying())
$ git merge percpu/for-next
Already up-to-date.
Merging workqueues/for-next (b5b3ab523e31 Merge branch 'for-3.19-fixes' into for-next)
$ git merge workqueues/for-next
Already up-to-date!
Merge made by the 'recursive' strategy.
Merging drivers-x86/for-next (c57c0fa4bc9c toshiba_acpi: Cleanup GPL header)
$ git merge drivers-x86/for-next
Already up-to-date.
Merging chrome-platform/for-next (5502486a2077 platform/chrome: chromeos_laptop - Add a limit for deferred retries)
$ git merge chrome-platform/for-next
Already up-to-date.
Merging regmap/for-next (48bbdbb173fa Merge remote-tracking branch 'regmap/fix/irq' into regmap-linus)
$ git merge regmap/for-next
Merge made by the 'recursive' strategy.
 drivers/base/regmap/regmap-irq.c | 3 ++-
 1 file changed, 2 insertions(+), 1 deletion(-)
Merging hsi/for-next (f034125dfdae HSI: nokia-modem: fix error return code)
$ git merge hsi/for-next
Merge made by the 'recursive' strategy.
 drivers/hsi/clients/nokia-modem.c | 1 +
 1 file changed, 1 insertion(+)
Merging leds/for-next (ffe2428614d2 leds: flash: remove stray include directive)
$ git merge leds/for-next
Merge made by the 'recursive' strategy.
 drivers/leds/leds-pwm.c         | 3 ---
 include/linux/led-class-flash.h | 1 -
 2 files changed, 4 deletions(-)
Merging ipmi/for-next (43475c9dc47a ipmi: Use is_visible callback for conditional sysfs entries)
$ git merge ipmi/for-next
Merge made by the 'recursive' strategy.
 drivers/char/ipmi/ipmi_devintf.c    |  6 ++-
 drivers/char/ipmi/ipmi_msghandler.c | 89 +++++++++++++++----------------------
 drivers/char/ipmi/ipmi_si_intf.c    | 81 +++++++++++++--------------------
 drivers/char/ipmi/ipmi_ssif.c       |  2 -
 4 files changed, 73 insertions(+), 105 deletions(-)
Merging driver-core/driver-core-next (adf305f77878 sysfs: fix warning when creating a sysfs group without attributes)
$ git merge driver-core/driver-core-next
Already up-to-date.
Merging tty/tty-next (c09babfab7ae serial: 8250: Fix UART_BUG_TXEN workaround)
$ git merge tty/tty-next
Already up-to-date.
Merging usb/usb-next (4d4bac4499e9 Merge tag 'usb-for-v3.20' of git://git.kernel.org/pub/scm/linux/kernel/git/balbi/usb into usb-next)
$ git merge usb/usb-next
Already up-to-date.
Merging usb-gadget/next (f5af19d10d15 Merge git://git.kernel.org/pub/scm/linux/kernel/git/davem/net)
$ git merge usb-gadget/next
Already up-to-date.
Merging usb-serial/usb-next (3e264ffc831e USB: mos7840: remove unused code)
$ git merge usb-serial/usb-next
Already up-to-date.
Merging staging/staging-next (533e80b1ea70 staging: lustre: lustre: libcfs: define symbols as static)
$ git merge staging/staging-next
Already up-to-date.
Merging char-misc/char-misc-next (5fb31cd839c2 coresight: fix function etm_writel_cp14() parameter order)
$ git merge char-misc/char-misc-next
Already up-to-date.
Merging cgroup/for-next (8abba61bcfd4 Merge branch 'for-3.19-fixes' into for-next)
$ git merge cgroup/for-next
Already up-to-date!
Merge made by the 'recursive' strategy.
Merging scsi/for-next (cad8000836ef Merge branch 'misc' into for-next)
$ git merge scsi/for-next
Auto-merging drivers/scsi/sg.c
Auto-merging drivers/scsi/be2iscsi/be_main.c
Auto-merging MAINTAINERS
Merge made by the 'recursive' strategy.
 MAINTAINERS                     |  2 +-
 drivers/scsi/am53c974.c         |  6 ------
 drivers/scsi/be2iscsi/be_main.c |  1 -
 drivers/scsi/hpsa.c             |  4 +---
 drivers/scsi/sg.c               | 40 +++++++++++++++++++++++++++++++++-------
 drivers/scsi/wd719x.c           |  1 +
 6 files changed, 36 insertions(+), 18 deletions(-)
Merging target-updates/for-next (aa04dae454d0 target: Set LBPWS10 bit in Logical Block Provisioning EVPD)
$ git merge target-updates/for-next
Resolved 'drivers/vhost/scsi.c' using previous resolution.
Auto-merging include/target/target_core_base.h
Auto-merging include/target/iscsi/iscsi_target_core.h
Auto-merging drivers/vhost/scsi.c
CONFLICT (content): Merge conflict in drivers/vhost/scsi.c
Auto-merging drivers/target/target_core_spc.c
Auto-merging drivers/target/target_core_sbc.c
Auto-merging drivers/target/target_core_pr.c
Auto-merging drivers/target/target_core_iblock.c
Auto-merging drivers/target/target_core_file.c
Auto-merging drivers/target/iscsi/iscsi_target.c
Automatic merge failed; fix conflicts and then commit the result.
$ git commit -v -a
[master aac1e40e1d79] Merge remote-tracking branch 'target-updates/for-next'
$ git diff -M --stat --summary HEAD^..
 drivers/infiniband/ulp/isert/ib_isert.c            |   46 +-
 drivers/infiniband/ulp/srpt/ib_srpt.c              |    4 +-
 drivers/scsi/qla2xxx/tcm_qla2xxx.c                 |    4 +-
 drivers/target/iscsi/iscsi_target.c                |  105 +-
 drivers/target/iscsi/iscsi_target_auth.c           |    2 +-
 drivers/target/iscsi/iscsi_target_configfs.c       |   17 +-
 drivers/target/iscsi/iscsi_target_datain_values.c  |    2 +-
 drivers/target/iscsi/iscsi_target_device.c         |    2 +-
 drivers/target/iscsi/iscsi_target_erl0.c           |    6 +-
 drivers/target/iscsi/iscsi_target_erl1.c           |    2 +-
 drivers/target/iscsi/iscsi_target_erl2.c           |    2 +-
 drivers/target/iscsi/iscsi_target_login.c          |    4 +-
 drivers/target/iscsi/iscsi_target_nego.c           |    2 +-
 drivers/target/iscsi/iscsi_target_nodeattrib.c     |    2 +-
 drivers/target/iscsi/iscsi_target_parameters.c     |    2 +-
 drivers/target/iscsi/iscsi_target_seq_pdu_list.c   |    2 +-
 drivers/target/iscsi/iscsi_target_stat.c           |    4 +-
 drivers/target/iscsi/iscsi_target_tmr.c            |    2 +-
 drivers/target/iscsi/iscsi_target_tpg.c            |    2 +-
 drivers/target/iscsi/iscsi_target_tq.c             |   30 +-
 drivers/target/iscsi/iscsi_target_util.c           |   12 +-
 drivers/target/iscsi/iscsi_target_util.h           |    1 -
 drivers/target/target_core_file.c                  |    5 +
 drivers/target/target_core_iblock.c                |    5 +
 drivers/target/target_core_pr.c                    |   25 +-
 drivers/target/target_core_sbc.c                   |  140 ++-
 drivers/target/target_core_spc.c                   |    2 +-
 drivers/vhost/scsi.c                               | 1068 ++++++++++----------
 .../target/iscsi/iscsi_target_core.h               |   14 +
 .../target/iscsi/iscsi_target_stat.h               |    0
 include/target/iscsi/iscsi_transport.h             |    2 +-
 include/target/target_core_base.h                  |    2 +-
 32 files changed, 829 insertions(+), 689 deletions(-)
 rename {drivers => include}/target/iscsi/iscsi_target_core.h (98%)
 rename {drivers => include}/target/iscsi/iscsi_target_stat.h (100%)
Merging target-merge/for-next-merge (b28a960c42fc Linux 3.14-rc2)
$ git merge target-merge/for-next-merge
Already up-to-date.
Merging pinctrl/for-next (f724e05baaf0 sh-pfc: emev2 - Fix mangled author name)
$ git merge pinctrl/for-next
Already up-to-date.
Merging vhost/linux-next (ac26e40d1c8a vhost/net: fix up num_buffers endian-ness)
$ git merge vhost/linux-next
Resolved 'drivers/vhost/net.c' using previous resolution.
Auto-merging drivers/vhost/net.c
CONFLICT (content): Merge conflict in drivers/vhost/net.c
Automatic merge failed; fix conflicts and then commit the result.
$ git commit -v -a
[master 4e30fea408de] Merge remote-tracking branch 'vhost/linux-next'
$ git diff -M --stat --summary HEAD^..
Merging remoteproc/for-next (9a3c4145af32 Linux 3.16-rc6)
$ git merge remoteproc/for-next
Already up-to-date.
Merging rpmsg/for-next (b1b9891441fa rpmsg: use less buffers when vrings are small)
$ git merge rpmsg/for-next
Already up-to-date.
Merging gpio/for-next (d2bee67fadb6 gpiolib: of: allow of_gpiochip_find_and_xlate to find more than one chip per node)
$ git merge gpio/for-next
Merge made by the 'recursive' strategy.
 drivers/gpio/gpiolib-of.c | 9 +++++----
 1 file changed, 5 insertions(+), 4 deletions(-)
Merging dma-mapping/dma-mapping-next (dda02fd6278d mm, cma: make parameters order consistent in func declaration and definition)
$ git merge dma-mapping/dma-mapping-next
Already up-to-date.
Merging pwm/for-next (b65af27ad89d pwm: tegra: Use NSEC_PER_SEC)
$ git merge pwm/for-next
Already up-to-date.
Merging dma-buf/for-next (817bd7253291 dma-buf: cleanup dma_buf_export() to make it easily extensible)
$ git merge dma-buf/for-next
Auto-merging drivers/staging/android/ion/ion.c
Auto-merging drivers/media/v4l2-core/videobuf2-vmalloc.c
Auto-merging drivers/gpu/drm/tegra/gem.c
Auto-merging drivers/gpu/drm/exynos/exynos_drm_dmabuf.c
Merge made by the 'recursive' strategy.
 Documentation/dma-buf-sharing.txt              | 23 +++++++------
 drivers/dma-buf/dma-buf.c                      | 47 ++++++++++++--------------
 drivers/dma-buf/fence.c                        |  3 ++
 drivers/dma-buf/reservation.c                  |  5 +--
 drivers/gpu/drm/armada/armada_gem.c            | 10 ++++--
 drivers/gpu/drm/drm_prime.c                    | 12 ++++---
 drivers/gpu/drm/exynos/exynos_drm_dmabuf.c     |  9 +++--
 drivers/gpu/drm/i915/i915_gem_dmabuf.c         | 10 ++++--
 drivers/gpu/drm/omapdrm/omap_gem_dmabuf.c      |  9 ++++-
 drivers/gpu/drm/tegra/gem.c                    | 10 ++++--
 drivers/gpu/drm/ttm/ttm_object.c               |  9 +++--
 drivers/gpu/drm/udl/udl_dmabuf.c               |  9 ++++-
 drivers/media/v4l2-core/videobuf2-dma-contig.c |  8 ++++-
 drivers/media/v4l2-core/videobuf2-dma-sg.c     |  8 ++++-
 drivers/media/v4l2-core/videobuf2-vmalloc.c    |  8 ++++-
 drivers/staging/android/ion/ion.c              |  9 +++--
 include/linux/dma-buf.h                        | 34 +++++++++++++++----
 17 files changed, 158 insertions(+), 65 deletions(-)
Merging userns/for-next (db86da7cb76f userns: Unbreak the unprivileged remount tests)
$ git merge userns/for-next
Already up-to-date.
Merging ktest/for-next (7c2c49eceb79 ktest: Place quotes around item variable)
$ git merge ktest/for-next
Already up-to-date.
Merging clk/clk-next (a92614879128 Revert "clk: mxs: Fix invalid 32-bit access to frac registers")
$ git merge clk/clk-next
Recorded preimage for 'arch/powerpc/configs/corenet32_smp_defconfig'
Resolved 'arch/arm/mach-omap2/io.c' using previous resolution.
Removing include/linux/clk-private.h
Auto-merging drivers/clk/sunxi/clk-sunxi.c
Auto-merging drivers/clk/shmobile/Makefile
Auto-merging drivers/clk/rockchip/clk-rk3288.c
Auto-merging drivers/clk/clk.c
Auto-merging drivers/clk/clk-qoriq.c
Auto-merging drivers/clk/Kconfig
Auto-merging arch/powerpc/kernel/time.c
Auto-merging arch/powerpc/configs/corenet64_smp_defconfig
Auto-merging arch/powerpc/configs/corenet32_smp_defconfig
CONFLICT (content): Merge conflict in arch/powerpc/configs/corenet32_smp_defconfig
Auto-merging arch/arm/mach-omap2/prm_common.c
Auto-merging arch/arm/mach-omap2/io.c
CONFLICT (content): Merge conflict in arch/arm/mach-omap2/io.c
Auto-merging arch/arm/mach-omap2/dpll44xx.c
Auto-merging arch/arm/mach-omap2/clock.h
Auto-merging arch/arm/mach-omap2/clock.c
CONFLICT (modify/delete): arch/arm/mach-omap2/cclock3xxx_data.c deleted in clk/clk-next and modified in HEAD. Version HEAD of arch/arm/mach-omap2/cclock3xxx_data.c left in tree.
Auto-merging arch/arm/mach-omap2/Makefile
Auto-merging MAINTAINERS
Automatic merge failed; fix conflicts and then commit the result.
$ git rm -f arch/arm/mach-omap2/cclock3xxx_data.c
arch/arm/mach-omap2/cclock3xxx_data.c: needs merge
rm 'arch/arm/mach-omap2/cclock3xxx_data.c'
$ git commit -v -a
Recorded resolution for 'arch/powerpc/configs/corenet32_smp_defconfig'.
[master 3988c3921df7] Merge remote-tracking branch 'clk/clk-next'
$ git diff -M --stat --summary HEAD^..
 Documentation/clk.txt                              |    2 +
 .../devicetree/bindings/clock/exynos7-clock.txt    |   15 +
 .../bindings/clock/nvidia,tegra124-car.txt         |   10 +-
 .../devicetree/bindings/clock/qcom,lcc.txt         |   21 +
 .../devicetree/bindings/clock/qoriq-clock.txt      |    5 +-
 .../bindings/clock/renesas,cpg-mstp-clocks.txt     |    1 +
 .../bindings/clock/renesas,r8a73a4-cpg-clocks.txt  |   33 +
 .../clock/renesas,rcar-gen2-cpg-clocks.txt         |   12 +-
 .../devicetree/bindings/clock/ti,cdce706.txt       |   42 +
 .../devicetree/bindings/clock/ti/fapll.txt         |   33 +
 MAINTAINERS                                        |    5 +
 arch/arm/mach-omap2/Makefile                       |    2 +-
 arch/arm/mach-omap2/cclock3xxx_data.c              | 3688 ----------------
 arch/arm/mach-omap2/clock.c                        |   16 -
 arch/arm/mach-omap2/clock.h                        |   14 +-
 arch/arm/mach-omap2/clock_common_data.c            |   11 -
 arch/arm/mach-omap2/dpll3xxx.c                     |   13 +-
 arch/arm/mach-omap2/dpll44xx.c                     |    2 +
 arch/arm/mach-omap2/io.c                           |   26 +-
 arch/arm/mach-omap2/prm.h                          |    1 +
 arch/arm/mach-omap2/prm_common.c                   |   11 +
 arch/arm/mach-tegra/tegra.c                        |    2 -
 arch/mips/alchemy/common/clock.c                   |    6 +
 arch/powerpc/configs/corenet32_smp_defconfig       |    1 +
 arch/powerpc/configs/corenet64_smp_defconfig       |    1 +
 arch/powerpc/kernel/time.c                         |    5 +
 arch/powerpc/platforms/512x/clock-commonclk.c      |   11 +-
 drivers/clk/Kconfig                                |   18 +-
 drivers/clk/Makefile                               |    4 +-
 drivers/clk/at91/clk-programmable.c                |    2 +
 drivers/clk/bcm/clk-kona.c                         |    2 +
 drivers/clk/clk-asm9260.c                          |  348 ++
 drivers/clk/clk-cdce706.c                          |  700 +++
 drivers/clk/clk-composite.c                        |   29 +-
 drivers/clk/clk-divider.c                          |  228 +-
 drivers/clk/clk-gate.c                             |   18 +-
 drivers/clk/clk-mux.c                              |   16 +
 drivers/clk/{clk-ppc-corenet.c => clk-qoriq.c}     |  178 +-
 drivers/clk/clk.c                                  | 1006 +++--
 drivers/clk/clk.h                                  |   24 +-
 drivers/clk/clkdev.c                               |  110 +-
 drivers/clk/hisilicon/clk-hi3620.c                 |    2 +
 drivers/clk/mmp/clk-mix.c                          |    2 +
 drivers/clk/pxa/Makefile                           |    1 +
 drivers/clk/pxa/clk-pxa.c                          |    2 +-
 drivers/clk/pxa/clk-pxa3xx.c                       |  364 ++
 drivers/clk/qcom/Kconfig                           |   18 +
 drivers/clk/qcom/Makefile                          |    4 +
 drivers/clk/qcom/clk-pll.c                         |    1 +
 drivers/clk/qcom/clk-rcg.c                         |   10 +-
 drivers/clk/qcom/clk-rcg2.c                        |    6 +
 drivers/clk/qcom/clk-regmap-divider.c              |   70 +
 drivers/clk/qcom/clk-regmap-divider.h              |   29 +
 drivers/clk/qcom/clk-regmap-mux.c                  |   59 +
 drivers/clk/qcom/clk-regmap-mux.h                  |   29 +
 drivers/clk/qcom/gcc-ipq806x.c                     |   12 +
 drivers/clk/qcom/lcc-ipq806x.c                     |  473 ++
 drivers/clk/qcom/lcc-msm8960.c                     |  585 +++
 drivers/clk/rockchip/clk-rk3288.c                  |   48 +-
 drivers/clk/samsung/clk-exynos-audss.c             |   32 +-
 drivers/clk/samsung/clk-exynos3250.c               |  217 +-
 drivers/clk/samsung/clk-exynos4.c                  |   10 +-
 drivers/clk/samsung/clk-exynos4415.c               |  216 +-
 drivers/clk/samsung/clk-exynos7.c                  |  408 +-
 drivers/clk/samsung/clk.c                          |   13 +-
 drivers/clk/samsung/clk.h                          |    3 +-
 drivers/clk/shmobile/Makefile                      |    2 +
 drivers/clk/shmobile/clk-div6.c                    |   18 +-
 drivers/clk/shmobile/clk-r8a73a4.c                 |  241 +
 drivers/clk/shmobile/clk-rcar-gen2.c               |   88 +
 drivers/clk/st/clk-flexgen.c                       |   39 +-
 drivers/clk/st/clkgen-mux.c                        |   14 +-
 drivers/clk/sunxi/clk-factors.c                    |    2 +
 drivers/clk/sunxi/clk-sun6i-ar100.c                |    2 +
 drivers/clk/sunxi/clk-sun9i-core.c                 |   57 +-
 drivers/clk/sunxi/clk-sunxi.c                      |    3 +
 drivers/clk/tegra/Makefile                         |    1 +
 drivers/clk/tegra/clk-id.h                         |    2 -
 drivers/clk/tegra/clk-periph.c                     |   14 +-
 drivers/clk/tegra/clk-pll.c                        |   18 +-
 drivers/clk/tegra/clk-tegra-periph.c               |   18 +-
 drivers/clk/tegra/clk-tegra114.c                   |   10 +-
 drivers/clk/tegra/clk-tegra124.c                   |  168 +-
 drivers/clk/tegra/clk.c                            |    7 +-
 drivers/clk/ti/Makefile                            |    8 +-
 drivers/clk/ti/clk-3xxx-legacy.c                   | 4653 ++++++++++++++++++++
 drivers/clk/ti/clk-3xxx.c                          |    8 +-
 drivers/clk/ti/clk-44xx.c                          |    2 +-
 drivers/clk/ti/clk-54xx.c                          |    2 +-
 drivers/clk/ti/clk-7xx.c                           |    2 +-
 drivers/clk/ti/clk-816x.c                          |   53 +
 drivers/clk/ti/clk.c                               |  127 +
 drivers/clk/ti/clock.h                             |  172 +
 drivers/clk/ti/composite.c                         |   48 +-
 drivers/clk/ti/divider.c                           |  132 +-
 drivers/clk/ti/dpll.c                              |  121 +-
 drivers/clk/ti/fapll.c                             |  410 ++
 drivers/clk/ti/gate.c                              |  163 +-
 drivers/clk/ti/interface.c                         |   98 +-
 drivers/clk/ti/mux.c                               |   70 +-
 drivers/clk/ux500/clk-prcc.c                       |    1 -
 drivers/clk/ux500/clk-prcmu.c                      |    1 -
 drivers/clk/zynq/clkc.c                            |    1 +
 drivers/cpufreq/Kconfig.powerpc                    |    2 +-
 include/dt-bindings/clock/alphascale,asm9260.h     |   97 +
 include/dt-bindings/clock/exynos4.h                |    7 +-
 include/dt-bindings/clock/exynos7-clk.h            |   88 +-
 include/dt-bindings/clock/qcom,gcc-ipq806x.h       |    1 -
 include/dt-bindings/clock/qcom,lcc-ipq806x.h       |   30 +
 include/dt-bindings/clock/qcom,lcc-msm8960.h       |   50 +
 include/dt-bindings/clock/tegra124-car-common.h    |  345 ++
 include/dt-bindings/clock/tegra124-car.h           |  345 +-
 include/linux/clk-private.h                        |  220 -
 include/linux/clk-provider.h                       |   58 +-
 include/linux/clk.h                                |   45 +
 include/linux/clk/tegra.h                          |    2 -
 include/linux/clk/ti.h                             |   25 +
 117 files changed, 11975 insertions(+), 5402 deletions(-)
 create mode 100644 Documentation/devicetree/bindings/clock/qcom,lcc.txt
 create mode 100644 Documentation/devicetree/bindings/clock/renesas,r8a73a4-cpg-clocks.txt
 create mode 100644 Documentation/devicetree/bindings/clock/ti,cdce706.txt
 create mode 100644 Documentation/devicetree/bindings/clock/ti/fapll.txt
 delete mode 100644 arch/arm/mach-omap2/cclock3xxx_data.c
 create mode 100644 drivers/clk/clk-asm9260.c
 create mode 100644 drivers/clk/clk-cdce706.c
 rename drivers/clk/{clk-ppc-corenet.c => clk-qoriq.c} (59%)
 create mode 100644 drivers/clk/pxa/clk-pxa3xx.c
 create mode 100644 drivers/clk/qcom/clk-regmap-divider.c
 create mode 100644 drivers/clk/qcom/clk-regmap-divider.h
 create mode 100644 drivers/clk/qcom/clk-regmap-mux.c
 create mode 100644 drivers/clk/qcom/clk-regmap-mux.h
 create mode 100644 drivers/clk/qcom/lcc-ipq806x.c
 create mode 100644 drivers/clk/qcom/lcc-msm8960.c
 create mode 100644 drivers/clk/shmobile/clk-r8a73a4.c
 create mode 100644 drivers/clk/ti/clk-3xxx-legacy.c
 create mode 100644 drivers/clk/ti/clk-816x.c
 create mode 100644 drivers/clk/ti/clock.h
 create mode 100644 drivers/clk/ti/fapll.c
 create mode 100644 include/dt-bindings/clock/alphascale,asm9260.h
 create mode 100644 include/dt-bindings/clock/qcom,lcc-ipq806x.h
 create mode 100644 include/dt-bindings/clock/qcom,lcc-msm8960.h
 create mode 100644 include/dt-bindings/clock/tegra124-car-common.h
 delete mode 100644 include/linux/clk-private.h
Merging random/dev (7185ad2672a7 crypto: memzero_explicit - make sure to clear out sensitive data)
$ git merge random/dev
Already up-to-date.
Merging aio/master (5f785de58873 aio: Skip timer for io_getevents if timeout=0)
$ git merge aio/master
Already up-to-date.
Merging llvmlinux/for-next (25d4aee23af2 arm: LLVMLinux: Use global stack register variable for percpu)
$ git merge llvmlinux/for-next
Merge made by the 'recursive' strategy.
Merging kselftest/next (6ddf898c23d6 selftests/exec: Check if the syscall exists and bail if not)
$ git merge kselftest/next
Auto-merging tools/testing/selftests/vm/Makefile
Auto-merging tools/testing/selftests/exec/execveat.c
Auto-merging Makefile
Merge made by the 'recursive' strategy.
 Makefile                                           | 14 +++++-
 tools/testing/selftests/Makefile                   | 54 +++++++++++++++++++++-
 tools/testing/selftests/breakpoints/Makefile       | 19 +++++++-
 tools/testing/selftests/cpu-hotplug/Makefile       | 14 +++++-
 .../{on-off-test.sh => cpu-on-off-test.sh}         |  0
 tools/testing/selftests/efivarfs/Makefile          | 16 ++++++-
 tools/testing/selftests/exec/execveat.c            | 10 +++-
 tools/testing/selftests/firmware/Makefile          | 43 ++++++++++-------
 tools/testing/selftests/ftrace/Makefile            | 13 +++++-
 tools/testing/selftests/ipc/Makefile               | 19 +++++++-
 tools/testing/selftests/kcmp/Makefile              | 13 +++++-
 tools/testing/selftests/memfd/Makefile             | 17 +++++--
 tools/testing/selftests/memory-hotplug/Makefile    | 14 +++++-
 .../{on-off-test.sh => mem-on-off-test.sh}         |  0
 tools/testing/selftests/mount/Makefile             | 12 ++++-
 tools/testing/selftests/mqueue/Makefile            | 18 ++++++--
 tools/testing/selftests/net/Makefile               | 20 ++++++--
 tools/testing/selftests/ptrace/Makefile            | 16 +++++--
 tools/testing/selftests/size/Makefile              | 12 ++++-
 tools/testing/selftests/sysctl/Makefile            | 17 ++++++-
 tools/testing/selftests/timers/Makefile            | 12 ++++-
 tools/testing/selftests/user/Makefile              | 12 ++++-
 tools/testing/selftests/vm/Makefile                | 11 ++++-
 23 files changed, 326 insertions(+), 50 deletions(-)
 rename tools/testing/selftests/cpu-hotplug/{on-off-test.sh => cpu-on-off-test.sh} (100%)
 rename tools/testing/selftests/memory-hotplug/{on-off-test.sh => mem-on-off-test.sh} (100%)
Merging y2038/y2038 (ed8c2241c1ae coredump: Use 64bit time for unix time of coredump)
$ git merge y2038/y2038
Auto-merging kernel/cpuset.c
Auto-merging drivers/staging/media/lirc/lirc_serial.c
Auto-merging drivers/staging/ft1000/ft1000-usb/ft1000_hw.c
Auto-merging drivers/staging/ft1000/ft1000-pcmcia/ft1000_hw.c
Merge made by the 'recursive' strategy.
 drivers/staging/ft1000/ft1000-pcmcia/ft1000_hw.c |  4 +-
 drivers/staging/ft1000/ft1000-usb/ft1000_debug.c |  4 +-
 drivers/staging/ft1000/ft1000-usb/ft1000_hw.c    |  4 +-
 drivers/staging/ft1000/ft1000.h                  |  4 +-
 drivers/staging/gdm72xx/gdm_sdio.c               | 13 +++---
 drivers/staging/gdm72xx/gdm_sdio.h               |  4 +-
 drivers/staging/media/lirc/lirc_parallel.c       | 35 +++++++----------
 drivers/staging/media/lirc/lirc_sasem.c          | 20 +++++-----
 drivers/staging/media/lirc/lirc_serial.c         | 50 ++++++++----------------
 fs/coredump.c                                    |  8 ++--
 kernel/cpuset.c                                  | 12 ++++--
 11 files changed, 68 insertions(+), 90 deletions(-)
Merging luto-misc/next (188c901941ef Merge branch 'leds-fixes-for-3.19' of git://git.kernel.org/pub/scm/linux/kernel/git/cooloney/linux-leds)
$ git merge luto-misc/next
Already up-to-date.
Merging access_once/linux-next (c5b19946eb76 kernel: Fix sparse warning for ACCESS_ONCE)
$ git merge access_once/linux-next
Already up-to-date.
Merging livepatching/for-next (0937e3b025f7 livepatch: simplify disable error path)
$ git merge livepatching/for-next
Merge made by the 'recursive' strategy.
 arch/x86/include/asm/livepatch.h |  4 +--
 include/linux/livepatch.h        |  8 ++---
 kernel/livepatch/core.c          | 67 ++++++++++------------------------------
 3 files changed, 23 insertions(+), 56 deletions(-)
Merging akpm-current/current (d07b956c650a scripts/gdb: Add infrastructure)
$ git merge --no-ff akpm-current/current
Resolved 'Documentation/kasan.txt' using previous resolution.
Resolved 'arch/powerpc/kernel/time.c' using previous resolution.
Resolved 'arch/x86/Kconfig' using previous resolution.
Resolved 'drivers/block/zram/zram_drv.c' using previous resolution.
Resolved 'drivers/rtc/Makefile' using previous resolution.
Resolved 'include/linux/mm.h' using previous resolution.
Resolved 'init/Kconfig' using previous resolution.
Resolved 'kernel/fork.c' using previous resolution.
Resolved 'lib/Makefile' using previous resolution.
Resolved 'mm/slab_common.c' using previous resolution.
Resolved 'mm/slub.c' using previous resolution.
Resolved 'mm/swap.c' using previous resolution.
Resolved 'mm/vmscan.c' using previous resolution.
Resolved 'scripts/Makefile.kasan' using previous resolution.
Resolved 'scripts/module-common.lds' using previous resolution.
Auto-merging scripts/module-common.lds
CONFLICT (content): Merge conflict in scripts/module-common.lds
Auto-merging scripts/Makefile.kasan
CONFLICT (add/add): Merge conflict in scripts/Makefile.kasan
Auto-merging mm/vmstat.c
Auto-merging mm/vmscan.c
CONFLICT (content): Merge conflict in mm/vmscan.c
Auto-merging mm/util.c
Auto-merging mm/swap.c
CONFLICT (content): Merge conflict in mm/swap.c
Auto-merging mm/slub.c
CONFLICT (content): Merge conflict in mm/slub.c
Auto-merging mm/slab_common.c
CONFLICT (content): Merge conflict in mm/slab_common.c
Auto-merging mm/rmap.c
Auto-merging mm/memory.c
Auto-merging mm/madvise.c
Auto-merging mm/huge_memory.c
CONFLICT (modify/delete): mm/filemap_xip.c deleted in HEAD and modified in akpm-current/current. Version akpm-current/current of mm/filemap_xip.c left in tree.
Auto-merging lib/vsprintf.c
Auto-merging lib/Makefile
CONFLICT (content): Merge conflict in lib/Makefile
Auto-merging lib/Kconfig
Auto-merging kernel/fork.c
CONFLICT (content): Merge conflict in kernel/fork.c
Auto-merging init/Kconfig
CONFLICT (content): Merge conflict in init/Kconfig
Auto-merging include/linux/string.h
Auto-merging include/linux/rtc.h
Auto-merging include/linux/rmap.h
Auto-merging include/linux/mm.h
CONFLICT (content): Merge conflict in include/linux/mm.h
Auto-merging include/linux/kexec.h
Auto-merging include/linux/huge_mm.h
Auto-merging fs/proc/task_mmu.c
Auto-merging fs/ocfs2/aops.c
Auto-merging fs/fat/inode.c
Auto-merging drivers/rtc/interface.c
Auto-merging drivers/rtc/Makefile
CONFLICT (content): Merge conflict in drivers/rtc/Makefile
Auto-merging drivers/leds/Kconfig
Auto-merging drivers/input/input.c
Auto-merging drivers/block/zram/zram_drv.c
CONFLICT (content): Merge conflict in drivers/block/zram/zram_drv.c
Auto-merging arch/x86/include/asm/pgtable.h
Auto-merging arch/x86/Kconfig
CONFLICT (content): Merge conflict in arch/x86/Kconfig
Auto-merging arch/sparc/include/asm/pgtable_64.h
Auto-merging arch/powerpc/kernel/time.c
CONFLICT (content): Merge conflict in arch/powerpc/kernel/time.c
Auto-merging arch/powerpc/include/asm/pgtable-ppc64.h
Auto-merging arch/arm64/include/asm/pgtable.h
Auto-merging arch/arm/include/asm/pgtable-3level.h
Auto-merging Documentation/kasan.txt
CONFLICT (add/add): Merge conflict in Documentation/kasan.txt
Automatic merge failed; fix conflicts and then commit the result.
$ git rm -f mm/filemap_xip.c
mm/filemap_xip.c: needs merge
rm 'mm/filemap_xip.c'
$ git commit -v -a
[master fd46bcc61ca9] Merge branch 'akpm-current/current'
$ git diff -M --stat --summary HEAD^..
 Documentation/filesystems/vfat.txt       |  10 +
 Documentation/leds/leds-class.txt        |   3 -
 Documentation/printk-formats.txt         |   6 +
 arch/alpha/include/uapi/asm/mman.h       |   1 +
 arch/arm/include/asm/pgtable-3level.h    |   1 +
 arch/arm64/include/asm/pgtable.h         |   2 +
 arch/mips/include/uapi/asm/mman.h        |   1 +
 arch/parisc/include/uapi/asm/mman.h      |   1 +
 arch/powerpc/include/asm/pgtable-ppc64.h |   2 +
 arch/sparc/include/asm/pgtable_64.h      |   9 +
 arch/x86/include/asm/pgtable.h           |   5 +
 arch/x86/kernel/machine_kexec_64.c       |   1 +
 arch/xtensa/include/uapi/asm/mman.h      |   1 +
 block/genhd.c                            |   2 +-
 drivers/input/Kconfig                    |   9 +
 drivers/input/Makefile                   |   3 +
 drivers/input/input.c                    |   9 +
 drivers/input/leds.c                     | 272 ++++++++++++++++++++++++
 drivers/leds/Kconfig                     |   3 -
 drivers/rtc/class.c                      |  24 +++
 drivers/rtc/interface.c                  |  13 +-
 drivers/tty/Kconfig                      |   4 +
 drivers/tty/vt/keyboard.c                | 110 +++++++---
 fs/ext4/fsync.c                          |   5 +-
 fs/fat/cache.c                           |  79 ++++---
 fs/fat/dir.c                             |   2 +-
 fs/fat/fat.h                             |   6 +-
 fs/fat/file.c                            |  61 ++++++
 fs/fat/inode.c                           |  75 ++++++-
 fs/mpage.c                               |  23 ++-
 fs/ocfs2/aops.c                          |  21 +-
 fs/ocfs2/dlm/dlmmaster.c                 |  10 -
 fs/ocfs2/dlm/dlmthread.c                 |  10 +
 fs/proc/task_mmu.c                       |   4 +-
 include/linux/crc64_ecma.h               |  56 +++++
 include/linux/huge_mm.h                  |   4 +
 include/linux/input.h                    |  28 +++
 include/linux/kexec.h                    |   2 +
 include/linux/rmap.h                     |   9 +-
 include/linux/rtc.h                      |   4 +
 include/linux/string.h                   |   1 +
 include/linux/vm_event_item.h            |   1 +
 include/uapi/asm-generic/mman-common.h   |   1 +
 lib/Kconfig                              |   7 +
 lib/Makefile                             |   1 +
 lib/crc64_ecma.c                         | 341 +++++++++++++++++++++++++++++++
 lib/vsprintf.c                           |  20 +-
 mm/huge_memory.c                         |  35 ++++
 mm/madvise.c                             | 150 ++++++++++++++
 mm/memory.c                              |   1 +
 mm/memory_hotplug.c                      |  11 +-
 mm/page_isolation.c                      |   7 +-
 mm/rmap.c                                |  46 ++++-
 mm/slub.c                                |   2 +
 mm/util.c                                |  30 +++
 mm/vmscan.c                              | 115 ++++++++---
 mm/vmstat.c                              |   1 +
 57 files changed, 1514 insertions(+), 147 deletions(-)
 create mode 100644 drivers/input/leds.c
 create mode 100644 include/linux/crc64_ecma.h
 create mode 100644 lib/crc64_ecma.c
$ git am -3 ../patches/0001-fix-bad-merge-in-akpm-current.patch
Applying: fix bad merge in akpm-current
$ git reset HEAD^
Unstaged changes after reset:
M	mm/slub.c
$ git add -A .
$ git commit -v -a --amend
[master 6e99ee3acbc5] Merge branch 'akpm-current/current'
 Date: Fri Feb 20 11:50:36 2015 +1100
$ git am -3 ../patches/0001-fix-another-bad-merge-in-akpm-current.patch
Applying: fix another bad merge in akpm-current
$ git reset HEAD^
Unstaged changes after reset:
M	mm/memory.c
$ git add -A .
$ git commit -v -a --amend
[master 57f827200d1c] Merge branch 'akpm-current/current'
 Date: Fri Feb 20 11:50:36 2015 +1100
$ git clone -s -l -n -q . ../rebase-tmp
$ cd ../rebase-tmp
$ git checkout -b akpm remotes/origin/akpm/master
Switched to a new branch 'akpm'
$ git rebase --onto master remotes/origin/akpm/master-base
First, rewinding head to replay your work on top of it...
Applying: ocfs2: use 64bit variables to track heartbeat time
Applying: lib/Kconfig: fix up HAVE_ARCH_BITREVERSE help text
Applying: drivers/w1/w1_int.c: call put_device if device_register fails
Applying: mm: add strictlimit knob
$ cd ../next
$ git fetch -f ../rebase-tmp akpm:akpm/master
From ../rebase-tmp
 + fba6bf96784b...afa33b6144b2 akpm       -> akpm/master  (forced update)
$ rm -rf ../rebase-tmp
Merging akpm/master (afa33b6144b2 mm: add strictlimit knob)
$ git merge --no-ff akpm/master
Merge made by the 'recursive' strategy.
 Documentation/ABI/testing/sysfs-class-bdi |  8 +++++
 drivers/w1/w1_int.c                       |  3 +-
 fs/ocfs2/cluster/heartbeat.c              | 49 ++++++-------------------------
 lib/Kconfig                               |  5 ++--
 mm/backing-dev.c                          | 35 ++++++++++++++++++++++
 5 files changed, 55 insertions(+), 45 deletions(-)
