$ date
Monday 27 April  09:24:38 AEST 2015
$ git checkout master
Already on 'master'
$ git reset --hard stable
HEAD is now at 27cf3a16b253 Merge branch 'upstream' of git://git.infradead.org/users/pcmoore/audit
Merging origin/master (c8b3fd0ce313 Merge tag 'pm+acpi-4.1-rc1-2' of git://git.kernel.org/pub/scm/linux/kernel/git/rafael/linux-pm)
$ git merge origin/master
Updating 27cf3a16b253..c8b3fd0ce313
Fast-forward
 .../ABI/testing/sysfs-driver-toshiba_acpi          |   93 +-
 .../ABI/testing/sysfs-platform-dell-laptop         |   69 +
 Documentation/arm64/acpi_object_usage.txt          |  593 ++++++
 Documentation/arm64/arm-acpi.txt                   |  505 +++++
 Documentation/devicetree/bindings/arc/pct.txt      |   20 +
 Documentation/devicetree/bindings/arc/pmu.txt      |   24 -
 Documentation/devicetree/bindings/arm/altera.txt   |   14 +
 .../devicetree/bindings/arm/arch_timer.txt         |    8 +-
 .../devicetree/bindings/common-properties.txt      |   60 +
 Documentation/devicetree/bindings/cris/axis.txt    |    9 +
 Documentation/devicetree/bindings/cris/boards.txt  |    8 +
 .../devicetree/bindings/cris/interrupts.txt        |   23 +
 .../devicetree/bindings/dma/apm-xgene-dma.txt      |   47 +
 .../devicetree/bindings/dma/jz4780-dma.txt         |   56 +
 .../devicetree/bindings/dma/qcom_bam_dma.txt       |    1 +
 .../devicetree/bindings/dma/rcar-audmapp.txt       |   29 -
 .../devicetree/bindings/dma/renesas,usb-dmac.txt   |   37 +
 Documentation/devicetree/bindings/pwm/imx-pwm.txt  |   12 +-
 .../devicetree/bindings/vendor-prefixes.txt        |    1 +
 Documentation/dma-buf-sharing.txt                  |   23 +-
 Documentation/filesystems/xfs.txt                  |   29 +-
 Documentation/ioctl/ioctl-number.txt               |    1 +
 Documentation/kernel-parameters.txt                |    3 +-
 Documentation/laptops/thinkpad-acpi.txt            |   18 +
 Documentation/md-cluster.txt                       |  176 ++
 Documentation/target/tcm_mod_builder.py            |   79 +-
 Documentation/target/tcmu-design.txt               |   43 +-
 Documentation/virtual/kvm/api.txt                  |   17 +
 MAINTAINERS                                        |   33 +-
 arch/arc/boot/dts/angel4.dts                       |    2 +-
 arch/arc/configs/nsimosci_defconfig                |   19 +-
 arch/arc/include/asm/arcregs.h                     |   14 +-
 arch/arc/include/asm/bitops.h                      |   31 +-
 arch/arc/include/asm/perf_event.h                  |   70 +-
 arch/arc/kernel/perf_event.c                       |   73 +-
 arch/arc/kernel/process.c                          |    9 +-
 arch/arc/kernel/setup.c                            |    5 +-
 arch/arc/kernel/traps.c                            |    4 +-
 arch/arc/mm/init.c                                 |    9 +-
 arch/arm/include/uapi/asm/kvm.h                    |    8 +-
 arch/arm/kernel/head-nommu.S                       |   12 +-
 arch/arm/kvm/arm.c                                 |    3 +-
 arch/arm/mach-shmobile/board-armadillo800eva.c     |   20 +-
 arch/arm/mach-shmobile/board-bockw.c               |   14 +-
 arch/arm/mach-shmobile/board-kzm9g.c               |   20 +-
 arch/arm/mach-shmobile/board-marzen.c              |   10 +-
 arch/arm/mm/Kconfig                                |    2 +-
 arch/arm/vdso/.gitignore                           |    2 +
 arch/arm/vdso/Makefile                             |    4 +-
 arch/arm64/Kconfig                                 |    4 +
 arch/arm64/boot/dts/apm/apm-storm.dtsi             |   26 +
 arch/arm64/include/asm/acenv.h                     |   18 +
 arch/arm64/include/asm/acpi.h                      |   96 +
 arch/arm64/include/asm/cpu_ops.h                   |    1 +
 arch/arm64/include/asm/fixmap.h                    |    3 +
 arch/arm64/include/asm/irq.h                       |   13 +
 arch/arm64/include/asm/pci.h                       |    6 +
 arch/arm64/include/asm/psci.h                      |    3 +-
 arch/arm64/include/asm/smp.h                       |    5 +-
 arch/arm64/include/uapi/asm/kvm.h                  |    8 +-
 arch/arm64/kernel/Makefile                         |    1 +
 arch/arm64/kernel/acpi.c                           |  345 ++++
 arch/arm64/kernel/cpu_ops.c                        |    2 +-
 arch/arm64/kernel/pci.c                            |   25 +
 arch/arm64/kernel/psci.c                           |  112 +-
 arch/arm64/kernel/setup.c                          |   21 +-
 arch/arm64/kernel/smp.c                            |    2 +-
 arch/arm64/kernel/time.c                           |    7 +
 arch/blackfin/configs/BF518F-EZBRD_defconfig       |    1 -
 arch/blackfin/configs/BF527-TLL6527M_defconfig     |    1 -
 arch/blackfin/configs/BF533-EZKIT_defconfig        |    1 -
 arch/blackfin/configs/BF533-STAMP_defconfig        |    1 -
 arch/blackfin/configs/BF537-STAMP_defconfig        |    3 +-
 arch/blackfin/configs/BF538-EZKIT_defconfig        |    1 -
 arch/blackfin/configs/BF561-ACVILON_defconfig      |    1 -
 arch/blackfin/configs/BF561-EZKIT-SMP_defconfig    |    1 -
 arch/blackfin/configs/BF561-EZKIT_defconfig        |    1 -
 arch/blackfin/configs/BF609-EZKIT_defconfig        |    1 +
 arch/blackfin/configs/CM-BF527_defconfig           |    1 -
 arch/blackfin/configs/CM-BF533_defconfig           |    1 -
 arch/blackfin/configs/CM-BF537E_defconfig          |    1 -
 arch/blackfin/configs/CM-BF537U_defconfig          |    1 -
 arch/blackfin/configs/CM-BF548_defconfig           |    1 -
 arch/blackfin/configs/CM-BF561_defconfig           |    1 -
 arch/blackfin/configs/DNP5370_defconfig            |    1 -
 arch/blackfin/configs/IP0X_defconfig               |    1 -
 arch/blackfin/configs/PNAV-10_defconfig            |    1 -
 arch/blackfin/configs/SRV1_defconfig               |    1 -
 arch/blackfin/configs/TCM-BF518_defconfig          |    1 -
 arch/blackfin/configs/TCM-BF537_defconfig          |    1 -
 arch/blackfin/include/asm/io.h                     |   35 +-
 arch/blackfin/include/uapi/asm/unistd.h            |   12 +-
 arch/blackfin/kernel/debug-mmrs.c                  |    1 -
 arch/blackfin/kernel/kgdb.c                        |   25 +-
 arch/blackfin/kernel/setup.c                       |    2 +-
 arch/blackfin/mach-bf527/include/mach/cdefBF525.h  |    5 -
 arch/blackfin/mach-bf527/include/mach/defBF525.h   |    4 -
 arch/blackfin/mach-bf548/include/mach/cdefBF542.h  |    4 -
 arch/blackfin/mach-bf548/include/mach/cdefBF547.h  |    4 -
 arch/blackfin/mach-bf548/include/mach/defBF542.h   |    3 -
 arch/blackfin/mach-bf548/include/mach/defBF547.h   |    3 -
 arch/blackfin/mach-bf609/boards/ezkit.c            |   90 +-
 arch/blackfin/mach-bf609/clock.c                   |    7 +
 arch/blackfin/mach-common/entry.S                  |   10 +
 arch/blackfin/mach-common/pm.c                     |    2 +
 arch/cris/Kconfig                                  |   12 +-
 arch/cris/Makefile                                 |    4 +
 arch/cris/arch-v32/kernel/Makefile                 |    1 -
 arch/cris/arch-v32/kernel/entry.S                  |   42 +-
 arch/cris/arch-v32/kernel/head.S                   |   32 -
 arch/cris/arch-v32/kernel/irq.c                    |   31 +-
 arch/cris/arch-v32/kernel/setup.c                  |    5 -
 arch/cris/arch-v32/kernel/signal.c                 |    5 +
 arch/cris/arch-v32/kernel/smp.c                    |  358 ----
 arch/cris/arch-v32/kernel/time.c                   |  180 +-
 arch/cris/arch-v32/lib/Makefile                    |    2 +-
 arch/cris/arch-v32/lib/spinlock.S                  |   40 -
 arch/cris/arch-v32/mm/init.c                       |   11 -
 arch/cris/arch-v32/mm/mmu.S                        |    4 -
 arch/cris/boot/dts/Makefile                        |    6 +
 arch/cris/boot/dts/dev88.dts                       |   18 +
 arch/cris/boot/dts/etraxfs.dtsi                    |   38 +
 arch/cris/include/arch-v10/arch/atomic.h           |    7 -
 arch/cris/include/arch-v10/arch/system.h           |    8 -
 arch/cris/include/arch-v32/arch/atomic.h           |   36 -
 arch/cris/include/arch-v32/arch/processor.h        |    3 +-
 arch/cris/include/arch-v32/arch/spinlock.h         |  131 --
 arch/cris/include/asm/Kbuild                       |   15 +-
 arch/cris/include/asm/atomic.h                     |  149 --
 arch/cris/include/asm/bitops.h                     |  111 +-
 arch/cris/include/asm/cmpxchg.h                    |   53 -
 arch/cris/include/asm/device.h                     |    7 -
 arch/cris/include/asm/div64.h                      |    1 -
 arch/cris/include/asm/elf.h                        |    2 +-
 arch/cris/include/asm/emergency-restart.h          |    6 -
 arch/cris/include/asm/futex.h                      |    6 -
 arch/cris/include/asm/hardirq.h                    |    7 -
 arch/cris/include/asm/irq_regs.h                   |    1 -
 arch/cris/include/asm/kdebug.h                     |    1 -
 arch/cris/include/asm/kmap_types.h                 |   10 -
 arch/cris/include/asm/local.h                      |    1 -
 arch/cris/include/asm/local64.h                    |    1 -
 arch/cris/include/asm/percpu.h                     |    6 -
 arch/cris/include/asm/smp.h                        |   10 -
 arch/cris/include/asm/spinlock.h                   |    1 -
 arch/cris/include/asm/tlbflush.h                   |    7 -
 arch/cris/include/asm/topology.h                   |    6 -
 arch/cris/kernel/Makefile                          |    1 +
 arch/cris/kernel/devicetree.c                      |   14 +
 arch/cris/kernel/ptrace.c                          |   23 +
 arch/cris/kernel/setup.c                           |   15 +
 arch/cris/kernel/time.c                            |    2 +
 arch/frv/include/asm/io.h                          |    5 +
 arch/ia64/Kconfig                                  |    1 +
 arch/ia64/kernel/acpi.c                            |    2 +-
 arch/metag/kernel/process.c                        |   10 +-
 arch/mn10300/include/asm/io.h                      |    5 +
 arch/nios2/include/asm/Kbuild                      |    1 -
 arch/nios2/include/asm/shmparam.h                  |   21 +
 arch/nios2/include/uapi/asm/ptrace.h               |    2 +
 arch/nios2/kernel/entry.S                          |   71 +-
 arch/nios2/kernel/traps.c                          |   34 +-
 arch/nios2/mm/cacheflush.c                         |   55 +-
 arch/powerpc/include/asm/archrandom.h              |   11 +-
 arch/powerpc/include/asm/kvm_book3s.h              |    3 +
 arch/powerpc/include/asm/kvm_book3s_64.h           |   35 +-
 arch/powerpc/include/asm/kvm_host.h                |   47 +-
 arch/powerpc/include/asm/kvm_ppc.h                 |    2 +
 arch/powerpc/include/asm/pgtable.h                 |   28 +-
 arch/powerpc/include/asm/time.h                    |    3 +
 arch/powerpc/kernel/asm-offsets.c                  |   20 +-
 arch/powerpc/kernel/eeh.c                          |    6 +-
 arch/powerpc/kernel/io-workarounds.c               |   10 +-
 arch/powerpc/kernel/time.c                         |    6 +
 arch/powerpc/kvm/Kconfig                           |   16 +-
 arch/powerpc/kvm/book3s.c                          |   76 +
 arch/powerpc/kvm/book3s_64_mmu_hv.c                |  203 +-
 arch/powerpc/kvm/book3s_hv.c                       |  435 ++--
 arch/powerpc/kvm/book3s_hv_builtin.c               |  100 +-
 arch/powerpc/kvm/book3s_hv_rm_mmu.c                |  111 +-
 arch/powerpc/kvm/book3s_hv_rm_xics.c               |  238 ++-
 arch/powerpc/kvm/book3s_hv_rmhandlers.S            |  559 ++++--
 arch/powerpc/kvm/book3s_pr_papr.c                  |   28 +
 arch/powerpc/kvm/book3s_xics.c                     |  105 +-
 arch/powerpc/kvm/book3s_xics.h                     |   13 +-
 arch/powerpc/kvm/e500_mmu_host.c                   |   32 +-
 arch/powerpc/kvm/powerpc.c                         |    3 +
 arch/powerpc/mm/hash_utils_64.c                    |    3 +-
 arch/powerpc/mm/hugetlbpage.c                      |   32 +-
 arch/powerpc/perf/callchain.c                      |   24 +-
 arch/powerpc/platforms/powernv/rng.c               |   29 +
 arch/s390/kvm/kvm-s390.c                           |    2 +-
 arch/sh/boards/board-sh7757lcr.c                   |    9 +-
 arch/sh/boards/mach-ap325rxa/setup.c               |    9 +-
 arch/sh/boards/mach-ecovec24/setup.c               |   20 +-
 arch/sh/boards/mach-kfr2r09/setup.c                |   10 +-
 arch/sh/boards/mach-migor/setup.c                  |    9 +-
 arch/sh/boards/mach-se/7724/setup.c                |   17 +-
 arch/x86/Kconfig                                   |    1 +
 arch/x86/crypto/sha512-avx2-asm.S                  |    2 +-
 arch/x86/kernel/acpi/boot.c                        |    2 +-
 arch/x86/kvm/lapic.c                               |   11 +-
 arch/x86/kvm/mmu.c                                 |   20 +-
 arch/x86/kvm/vmx.c                                 |   12 +-
 arch/x86/kvm/x86.c                                 |   10 +-
 arch/x86/lib/usercopy_64.c                         |    2 +-
 crypto/async_tx/async_pq.c                         |   19 +-
 drivers/acpi/Kconfig                               |   10 +-
 drivers/acpi/Makefile                              |    3 +-
 drivers/acpi/acpi_processor.c                      |    7 +-
 drivers/acpi/bus.c                                 |    3 +
 drivers/acpi/ec.c                                  |    2 +-
 drivers/acpi/gsi.c                                 |  105 +
 drivers/acpi/internal.h                            |    4 +
 drivers/acpi/osl.c                                 |    6 +-
 drivers/acpi/processor_core.c                      |   60 +-
 drivers/acpi/scan.c                                |   39 +-
 drivers/acpi/tables.c                              |   52 +-
 drivers/clocksource/arm_arch_timer.c               |  132 +-
 drivers/cpufreq/intel_pstate.c                     |   14 +-
 drivers/crypto/Kconfig                             |    3 +-
 drivers/dma-buf/dma-buf.c                          |   47 +-
 drivers/dma/Kconfig                                |   29 +
 drivers/dma/Makefile                               |    3 +
 drivers/dma/amba-pl08x.c                           |   11 -
 drivers/dma/at_hdmac.c                             |  175 +-
 drivers/dma/at_xdmac.c                             |    4 +-
 drivers/dma/bestcomm/bestcomm.c                    |    4 +-
 drivers/dma/dma-jz4740.c                           |   12 +-
 drivers/dma/dma-jz4780.c                           |  877 ++++++++
 drivers/dma/dmaengine.c                            |   18 -
 drivers/dma/dw/Kconfig                             |    2 +-
 drivers/dma/dw/core.c                              |   18 +-
 drivers/dma/edma.c                                 |    2 +-
 drivers/dma/fsl_raid.c                             |  904 +++++++++
 drivers/dma/fsl_raid.h                             |  306 +++
 drivers/dma/img-mdc-dma.c                          |    6 -
 drivers/dma/imx-sdma.c                             |    4 +
 drivers/dma/ioat/dca.c                             |    4 -
 drivers/dma/ioat/dma.c                             |    4 -
 drivers/dma/ioat/dma.h                             |    4 -
 drivers/dma/ioat/dma_v2.c                          |    4 -
 drivers/dma/ioat/dma_v2.h                          |    4 -
 drivers/dma/ioat/dma_v3.c                          |    4 -
 drivers/dma/ioat/hw.h                              |    4 -
 drivers/dma/ioat/pci.c                             |    4 -
 drivers/dma/ioat/registers.h                       |    4 -
 drivers/dma/iop-adma.c                             |    4 -
 drivers/dma/k3dma.c                                |    8 +-
 drivers/dma/mmp_pdma.c                             |    2 +-
 drivers/dma/mmp_tdma.c                             |    2 +-
 drivers/dma/mpc512x_dma.c                          |    6 +-
 drivers/dma/mv_xor.c                               |    6 +-
 drivers/dma/mv_xor.h                               |    4 -
 drivers/dma/pch_dma.c                              |    1 +
 drivers/dma/pl330.c                                |   26 +-
 drivers/dma/ppc4xx/adma.c                          |    4 -
 drivers/dma/qcom_bam_dma.c                         |   44 +-
 drivers/dma/s3c24xx-dma.c                          |   13 +-
 drivers/dma/sa11x0-dma.c                           |   12 +-
 drivers/dma/sh/Kconfig                             |   15 +-
 drivers/dma/sh/Makefile                            |    2 +-
 drivers/dma/sh/rcar-audmapp.c                      |  376 ----
 drivers/dma/sh/shdma-base.c                        |   73 +-
 drivers/dma/sh/shdmac.c                            |    4 +-
 drivers/dma/sh/usb-dmac.c                          |  910 +++++++++
 drivers/dma/sirf-dma.c                             |    2 +-
 drivers/dma/ste_dma40.c                            |    6 +-
 drivers/dma/sun6i-dma.c                            |    8 +-
 drivers/dma/xgene-dma.c                            | 2089 ++++++++++++++++++++
 drivers/dma/xilinx/xilinx_vdma.c                   |    2 +-
 drivers/gpu/drm/armada/armada_gem.c                |   10 +-
 drivers/gpu/drm/drm_prime.c                        |   12 +-
 drivers/gpu/drm/exynos/exynos_drm_dmabuf.c         |    9 +-
 drivers/gpu/drm/i915/i915_gem_dmabuf.c             |   10 +-
 drivers/gpu/drm/omapdrm/omap_gem_dmabuf.c          |    9 +-
 drivers/gpu/drm/tegra/gem.c                        |   10 +-
 drivers/gpu/drm/ttm/ttm_object.c                   |    9 +-
 drivers/gpu/drm/udl/udl_dmabuf.c                   |    9 +-
 drivers/i2c/busses/i2c-cros-ec-tunnel.c            |   51 +-
 drivers/infiniband/ulp/isert/ib_isert.c            |  691 ++++---
 drivers/infiniband/ulp/isert/ib_isert.h            |   37 +-
 drivers/infiniband/ulp/srpt/ib_srpt.c              |   49 +-
 drivers/input/keyboard/cros_ec_keyb.c              |   13 +-
 drivers/irqchip/irq-gic.c                          |  104 +
 drivers/irqchip/irqchip.c                          |    3 +
 drivers/md/Kconfig                                 |   16 +
 drivers/md/Makefile                                |    1 +
 drivers/md/bitmap.c                                |  189 +-
 drivers/md/bitmap.h                                |   10 +-
 drivers/md/md-cluster.c                            |  965 +++++++++
 drivers/md/md-cluster.h                            |   29 +
 drivers/md/md.c                                    |  382 +++-
 drivers/md/md.h                                    |   26 +-
 drivers/md/raid0.c                                 |   48 +-
 drivers/md/raid1.c                                 |   29 +-
 drivers/md/raid10.c                                |    8 +-
 drivers/md/raid5.c                                 |  826 ++++++--
 drivers/md/raid5.h                                 |   59 +-
 drivers/media/platform/xilinx/xilinx-dma.c         |    2 +-
 drivers/media/v4l2-core/videobuf2-dma-contig.c     |    8 +-
 drivers/media/v4l2-core/videobuf2-dma-sg.c         |    8 +-
 drivers/media/v4l2-core/videobuf2-vmalloc.c        |    8 +-
 drivers/mfd/cros_ec.c                              |   19 +-
 drivers/mmc/host/sh_mmcif.c                        |   13 +-
 drivers/mmc/host/sh_mobile_sdhi.c                  |   26 +-
 drivers/mmc/host/tmio_mmc.h                        |    4 -
 drivers/mmc/host/tmio_mmc_dma.c                    |   10 +-
 drivers/mtd/nand/sh_flctl.c                        |    2 -
 drivers/of/Kconfig                                 |    2 +-
 drivers/of/base.c                                  |   28 +-
 drivers/of/fdt.c                                   |   24 +-
 drivers/of/unittest.c                              |   62 +
 drivers/platform/chrome/Kconfig                    |   26 +-
 drivers/platform/chrome/Makefile                   |    3 +
 drivers/platform/chrome/chromeos_laptop.c          |   35 +-
 drivers/platform/chrome/cros_ec_dev.c              |  274 +++
 drivers/platform/chrome/cros_ec_dev.h              |   53 +
 drivers/platform/chrome/cros_ec_lightbar.c         |  367 ++++
 drivers/platform/chrome/cros_ec_lpc.c              |  319 +++
 drivers/platform/chrome/cros_ec_sysfs.c            |  271 +++
 drivers/platform/x86/Kconfig                       |    1 +
 drivers/platform/x86/apple-gmux.c                  |   48 +-
 drivers/platform/x86/dell-laptop.c                 | 1089 +++++++++-
 drivers/platform/x86/intel_oaktrail.c              |    2 +-
 drivers/platform/x86/thinkpad_acpi.c               |  320 ++-
 drivers/platform/x86/toshiba_acpi.c                |  256 ++-
 drivers/platform/x86/toshiba_bluetooth.c           |  133 +-
 drivers/platform/x86/wmi.c                         |    5 +-
 drivers/powercap/intel_rapl.c                      |    1 +
 drivers/pwm/core.c                                 |    2 +-
 drivers/pwm/pwm-atmel-hlcdc.c                      |    4 +
 drivers/pwm/pwm-mxs.c                              |    8 +-
 drivers/pwm/pwm-pca9685.c                          |    2 +-
 drivers/pwm/pwm-samsung.c                          |   32 +-
 drivers/scsi/qla2xxx/qla_target.c                  |    2 +-
 drivers/scsi/qla2xxx/tcm_qla2xxx.c                 |  174 +-
 drivers/scsi/qla2xxx/tcm_qla2xxx.h                 |    1 +
 drivers/spi/spi-rspi.c                             |    1 -
 drivers/spi/spi-sh-msiof.c                         |    1 -
 drivers/staging/android/ion/ion.c                  |    9 +-
 drivers/target/Kconfig                             |    5 +-
 drivers/target/Makefile                            |    2 +-
 drivers/target/iscsi/Makefile                      |    1 -
 drivers/target/iscsi/iscsi_target.c                |  131 +-
 drivers/target/iscsi/iscsi_target.h                |    2 +-
 drivers/target/iscsi/iscsi_target_configfs.c       |  208 +-
 drivers/target/iscsi/iscsi_target_configfs.h       |    7 -
 drivers/target/iscsi/iscsi_target_erl0.c           |   14 +-
 drivers/target/iscsi/iscsi_target_login.c          |   60 +-
 drivers/target/iscsi/iscsi_target_tpg.c            |   25 +-
 drivers/target/iscsi/iscsi_target_tpg.h            |    1 +
 drivers/target/iscsi/iscsi_target_tq.c             |  495 -----
 drivers/target/iscsi/iscsi_target_tq.h             |   84 -
 drivers/target/iscsi/iscsi_target_util.c           |    1 -
 drivers/target/loopback/tcm_loop.c                 |  242 +--
 drivers/target/loopback/tcm_loop.h                 |    1 +
 drivers/target/sbp/sbp_target.c                    |   68 +-
 drivers/target/target_core_configfs.c              |  192 +-
 drivers/target/target_core_fabric_configfs.c       |   38 +-
 drivers/target/target_core_file.c                  |  261 ++-
 drivers/target/target_core_iblock.c                |    4 +-
 drivers/target/target_core_internal.h              |    6 +
 drivers/target/target_core_pr.c                    |   48 +-
 drivers/target/target_core_rd.c                    |  137 +-
 drivers/target/target_core_sbc.c                   |  109 +-
 drivers/target/target_core_spc.c                   |   16 +-
 drivers/target/target_core_tmr.c                   |    4 +-
 drivers/target/target_core_tpg.c                   |    2 +-
 drivers/target/target_core_transport.c             |  162 +-
 drivers/target/target_core_user.c                  |   52 +-
 drivers/target/target_core_xcopy.c                 |   46 +-
 drivers/target/tcm_fc/tcm_fc.h                     |    1 -
 drivers/target/tcm_fc/tfc_conf.c                   |   89 +-
 drivers/tty/serial/8250/8250_core.c                |   20 +
 drivers/tty/serial/8250/8250_early.c               |    5 +
 drivers/tty/serial/of_serial.c                     |    3 +-
 drivers/usb/gadget/legacy/tcm_usb_gadget.c         |   57 +-
 drivers/vhost/scsi.c                               |  126 +-
 drivers/xen/Kconfig                                |    4 +
 drivers/xen/Makefile                               |    2 +-
 drivers/xen/xen-scsiback.c                         |   74 +-
 fs/btrfs/async-thread.c                            |    4 +-
 fs/btrfs/async-thread.h                            |    2 +-
 fs/btrfs/backref.c                                 |    4 +-
 fs/btrfs/btrfs_inode.h                             |   14 +-
 fs/btrfs/check-integrity.c                         |    9 +-
 fs/btrfs/compression.c                             |    4 +-
 fs/btrfs/compression.h                             |    4 +-
 fs/btrfs/ctree.c                                   |   62 +-
 fs/btrfs/ctree.h                                   |   46 +-
 fs/btrfs/delayed-inode.c                           |    9 +-
 fs/btrfs/delayed-ref.c                             |   22 +-
 fs/btrfs/delayed-ref.h                             |   10 +
 fs/btrfs/dev-replace.c                             |    6 +-
 fs/btrfs/disk-io.c                                 |  570 +++---
 fs/btrfs/disk-io.h                                 |    4 +-
 fs/btrfs/extent-tree.c                             |  476 ++++-
 fs/btrfs/extent_io.c                               |    5 +-
 fs/btrfs/extent_io.h                               |    2 +-
 fs/btrfs/file-item.c                               |    6 +-
 fs/btrfs/file.c                                    |   65 +-
 fs/btrfs/free-space-cache.c                        |  301 ++-
 fs/btrfs/free-space-cache.h                        |    9 +-
 fs/btrfs/inode-map.c                               |    2 +-
 fs/btrfs/inode.c                                   |  146 +-
 fs/btrfs/ioctl.c                                   |   33 +-
 fs/btrfs/lzo.c                                     |    2 +-
 fs/btrfs/math.h                                    |    6 +-
 fs/btrfs/props.c                                   |    2 +
 fs/btrfs/qgroup.c                                  |  348 +++-
 fs/btrfs/qgroup.h                                  |    3 +-
 fs/btrfs/raid56.c                                  |   16 +-
 fs/btrfs/relocation.c                              |   11 +-
 fs/btrfs/scrub.c                                   |   25 +-
 fs/btrfs/send.c                                    |   83 +-
 fs/btrfs/super.c                                   |   23 +-
 fs/btrfs/sysfs.c                                   |    2 +-
 fs/btrfs/sysfs.h                                   |   22 +-
 fs/btrfs/tests/qgroup-tests.c                      |    4 +-
 fs/btrfs/transaction.c                             |   54 +-
 fs/btrfs/transaction.h                             |   12 +
 fs/btrfs/tree-log.c                                |  382 +++-
 fs/btrfs/tree-log.h                                |    2 +
 fs/btrfs/volumes.c                                 |  140 +-
 fs/btrfs/volumes.h                                 |    3 +-
 fs/btrfs/xattr.c                                   |   53 +-
 fs/btrfs/zlib.c                                    |    2 +-
 fs/lockd/svcsubs.c                                 |    2 +-
 fs/nfsd/Kconfig                                    |    2 +-
 fs/nfsd/export.c                                   |    4 +-
 fs/nfsd/nfs4acl.c                                  |   50 +-
 fs/nfsd/nfs4proc.c                                 |   12 +-
 fs/nfsd/nfs4state.c                                |    5 +-
 fs/nfsd/nfs4xdr.c                                  |   16 +-
 fs/nfsd/nfsctl.c                                   |   16 +-
 fs/nfsd/nfsd.h                                     |    2 +-
 fs/nfsd/xdr4.h                                     |    3 +-
 fs/open.c                                          |    8 +-
 fs/xfs/libxfs/xfs_alloc.c                          |  104 +-
 fs/xfs/libxfs/xfs_attr_leaf.c                      |  150 +-
 fs/xfs/libxfs/xfs_attr_leaf.h                      |    6 +-
 fs/xfs/libxfs/xfs_bmap.c                           |  554 ++++--
 fs/xfs/libxfs/xfs_bmap.h                           |   13 +-
 fs/xfs/libxfs/xfs_btree.c                          |   24 +-
 fs/xfs/libxfs/xfs_da_btree.c                       |    8 +-
 fs/xfs/libxfs/xfs_da_format.h                      |   14 +-
 fs/xfs/libxfs/xfs_dir2_data.c                      |   39 +-
 fs/xfs/libxfs/xfs_format.h                         |   62 -
 fs/xfs/libxfs/xfs_ialloc.c                         |   48 +-
 fs/xfs/libxfs/xfs_sb.c                             |   20 +-
 fs/xfs/xfs_aops.c                                  |  270 ++-
 fs/xfs/xfs_attr_inactive.c                         |    3 +-
 fs/xfs/xfs_attr_list.c                             |    9 +-
 fs/xfs/xfs_bmap_util.c                             |  164 +-
 fs/xfs/xfs_bmap_util.h                             |    2 +
 fs/xfs/xfs_buf_item.c                              |    4 +-
 fs/xfs/xfs_discard.c                               |    2 +-
 fs/xfs/xfs_error.c                                 |    2 +-
 fs/xfs/xfs_error.h                                 |    8 +-
 fs/xfs/xfs_file.c                                  |  161 +-
 fs/xfs/xfs_filestream.c                            |    2 +-
 fs/xfs/xfs_fsops.c                                 |   20 +-
 fs/xfs/xfs_icache.c                                |    4 +-
 fs/xfs/xfs_inode.c                                 |  558 ++++--
 fs/xfs/xfs_inode.h                                 |   49 +-
 fs/xfs/xfs_ioctl.c                                 |    7 +-
 fs/xfs/xfs_iomap.c                                 |    3 +-
 fs/xfs/xfs_iops.c                                  |   91 +-
 fs/xfs/xfs_iops.h                                  |    2 -
 fs/xfs/xfs_itable.c                                |    2 +-
 fs/xfs/xfs_linux.h                                 |    9 -
 fs/xfs/xfs_log_recover.c                           |    4 +-
 fs/xfs/xfs_mount.c                                 |  918 +--------
 fs/xfs/xfs_mount.h                                 |   95 +-
 fs/xfs/xfs_mru_cache.c                             |    2 +-
 fs/xfs/xfs_pnfs.c                                  |    7 +-
 fs/xfs/xfs_pnfs.h                                  |    5 +-
 fs/xfs/xfs_qm.c                                    |   13 +-
 fs/xfs/xfs_super.c                                 |  132 +-
 fs/xfs/xfs_super.h                                 |    2 +
 fs/xfs/xfs_symlink.c                               |   58 +-
 fs/xfs/xfs_trace.h                                 |   29 +-
 fs/xfs/xfs_trans.c                                 |  234 ++-
 include/acpi/acpi_io.h                             |    4 +
 include/acpi/processor.h                           |    6 +-
 include/dt-bindings/dma/jz4780-dma.h               |   49 +
 include/linux/acpi.h                               |    8 +-
 include/linux/acpi_irq.h                           |   10 +
 include/linux/async_tx.h                           |    3 +
 include/linux/clocksource.h                        |    6 +
 include/linux/dma-buf.h                            |   34 +-
 include/linux/{amba => dma}/xilinx_dma.h           |    0
 include/linux/dmaengine.h                          |   36 -
 include/linux/falloc.h                             |    6 +
 include/linux/irqchip/arm-gic-acpi.h               |   31 +
 include/linux/mfd/cros_ec.h                        |   23 +-
 include/linux/mfd/tmio.h                           |    2 +
 include/linux/mmc/sh_mobile_sdhi.h                 |   10 -
 include/linux/nfs4.h                               |    7 +
 include/linux/of.h                                 |    6 +
 include/linux/of_fdt.h                             |    2 +
 include/linux/of_irq.h                             |    9 +-
 include/linux/platform_data/dma-imx-sdma.h         |    3 +
 include/linux/raid/pq.h                            |    1 +
 include/linux/shdma-base.h                         |    1 +
 include/target/iscsi/iscsi_target_core.h           |   15 +-
 include/target/target_core_base.h                  |   10 +-
 include/target/target_core_configfs.h              |    6 -
 include/target/target_core_fabric.h                |   33 +-
 include/target/target_core_fabric_configfs.h       |    5 +
 include/uapi/linux/falloc.h                        |   17 +
 include/uapi/linux/kvm.h                           |    1 +
 include/uapi/linux/nfs4.h                          |    7 -
 include/uapi/linux/nfsd/debug.h                    |    8 -
 include/uapi/linux/nfsd/export.h                   |    3 +
 include/uapi/linux/raid/md_p.h                     |    7 +
 include/uapi/linux/raid/md_u.h                     |    1 +
 include/uapi/linux/target_core_user.h              |   44 +-
 include/uapi/sound/asound.h                        |    2 +-
 lib/raid6/algos.c                                  |   41 +-
 lib/raid6/altivec.uc                               |    1 +
 lib/raid6/avx2.c                                   |    3 +
 lib/raid6/int.uc                                   |   41 +-
 lib/raid6/mmx.c                                    |    2 +
 lib/raid6/neon.c                                   |    1 +
 lib/raid6/sse1.c                                   |    2 +
 lib/raid6/sse2.c                                   |  227 +++
 lib/raid6/test/test.c                              |   51 +-
 lib/raid6/tilegx.uc                                |    1 +
 sound/oss/sequencer.c                              |   12 +-
 sound/pci/hda/hda_codec.c                          |    2 +-
 sound/pci/hda/hda_controller.h                     |    2 +-
 sound/pci/hda/hda_i915.c                           |    6 +
 sound/pci/hda/hda_intel.c                          |    5 +-
 sound/pci/hda/hda_proc.c                           |    4 +-
 sound/pci/hda/patch_realtek.c                      |   47 +-
 sound/pci/intel8x0.c                               |    4 +-
 sound/soc/sh/fsi.c                                 |   18 +-
 sound/usb/format.c                                 |    5 +-
 sound/usb/quirks-table.h                           |   30 +-
 tools/power/cpupower/utils/helpers/pci.c           |   11 +-
 virt/kvm/arm/vgic.c                                |    5 +-
 virt/kvm/kvm_main.c                                |    1 +
 544 files changed, 23022 insertions(+), 8811 deletions(-)
 create mode 100644 Documentation/ABI/testing/sysfs-platform-dell-laptop
 create mode 100644 Documentation/arm64/acpi_object_usage.txt
 create mode 100644 Documentation/arm64/arm-acpi.txt
 create mode 100644 Documentation/devicetree/bindings/arc/pct.txt
 delete mode 100644 Documentation/devicetree/bindings/arc/pmu.txt
 create mode 100644 Documentation/devicetree/bindings/arm/altera.txt
 create mode 100644 Documentation/devicetree/bindings/common-properties.txt
 create mode 100644 Documentation/devicetree/bindings/cris/axis.txt
 create mode 100644 Documentation/devicetree/bindings/cris/boards.txt
 create mode 100644 Documentation/devicetree/bindings/cris/interrupts.txt
 create mode 100644 Documentation/devicetree/bindings/dma/apm-xgene-dma.txt
 create mode 100644 Documentation/devicetree/bindings/dma/jz4780-dma.txt
 delete mode 100644 Documentation/devicetree/bindings/dma/rcar-audmapp.txt
 create mode 100644 Documentation/devicetree/bindings/dma/renesas,usb-dmac.txt
 create mode 100644 Documentation/md-cluster.txt
 create mode 100644 arch/arm64/include/asm/acenv.h
 create mode 100644 arch/arm64/include/asm/acpi.h
 create mode 100644 arch/arm64/kernel/acpi.c
 delete mode 100644 arch/cris/arch-v32/kernel/smp.c
 delete mode 100644 arch/cris/arch-v32/lib/spinlock.S
 create mode 100644 arch/cris/boot/dts/Makefile
 create mode 100644 arch/cris/boot/dts/dev88.dts
 create mode 100644 arch/cris/boot/dts/etraxfs.dtsi
 delete mode 100644 arch/cris/include/arch-v10/arch/atomic.h
 delete mode 100644 arch/cris/include/arch-v32/arch/atomic.h
 delete mode 100644 arch/cris/include/arch-v32/arch/spinlock.h
 delete mode 100644 arch/cris/include/asm/atomic.h
 delete mode 100644 arch/cris/include/asm/cmpxchg.h
 delete mode 100644 arch/cris/include/asm/device.h
 delete mode 100644 arch/cris/include/asm/div64.h
 delete mode 100644 arch/cris/include/asm/emergency-restart.h
 delete mode 100644 arch/cris/include/asm/futex.h
 delete mode 100644 arch/cris/include/asm/hardirq.h
 delete mode 100644 arch/cris/include/asm/irq_regs.h
 delete mode 100644 arch/cris/include/asm/kdebug.h
 delete mode 100644 arch/cris/include/asm/kmap_types.h
 delete mode 100644 arch/cris/include/asm/local.h
 delete mode 100644 arch/cris/include/asm/local64.h
 delete mode 100644 arch/cris/include/asm/percpu.h
 delete mode 100644 arch/cris/include/asm/smp.h
 delete mode 100644 arch/cris/include/asm/spinlock.h
 delete mode 100644 arch/cris/include/asm/topology.h
 create mode 100644 arch/cris/kernel/devicetree.c
 create mode 100644 arch/nios2/include/asm/shmparam.h
 create mode 100644 drivers/acpi/gsi.c
 create mode 100644 drivers/dma/dma-jz4780.c
 create mode 100644 drivers/dma/fsl_raid.c
 create mode 100644 drivers/dma/fsl_raid.h
 delete mode 100644 drivers/dma/sh/rcar-audmapp.c
 create mode 100644 drivers/dma/sh/usb-dmac.c
 create mode 100755 drivers/dma/xgene-dma.c
 create mode 100644 drivers/md/md-cluster.c
 create mode 100644 drivers/md/md-cluster.h
 create mode 100644 drivers/platform/chrome/cros_ec_dev.c
 create mode 100644 drivers/platform/chrome/cros_ec_dev.h
 create mode 100644 drivers/platform/chrome/cros_ec_lightbar.c
 create mode 100644 drivers/platform/chrome/cros_ec_lpc.c
 create mode 100644 drivers/platform/chrome/cros_ec_sysfs.c
 delete mode 100644 drivers/target/iscsi/iscsi_target_configfs.h
 delete mode 100644 drivers/target/iscsi/iscsi_target_tq.c
 delete mode 100644 drivers/target/iscsi/iscsi_target_tq.h
 create mode 100644 include/dt-bindings/dma/jz4780-dma.h
 create mode 100644 include/linux/acpi_irq.h
 rename include/linux/{amba => dma}/xilinx_dma.h (100%)
 create mode 100644 include/linux/irqchip/arm-gic-acpi.h
Merging fixes/master (b94d525e58dc Merge git://git.kernel.org/pub/scm/linux/kernel/git/davem/net)
$ git merge fixes/master
Already up-to-date.
Merging kbuild-current/rc-fixes (c517d838eb7d Linux 4.0-rc1)
$ git merge kbuild-current/rc-fixes
Already up-to-date.
Merging arc-current/for-curr (e4140819dadc ARC: signal handling robustify)
$ git merge arc-current/for-curr
Already up-to-date.
Merging arm-current/fixes (6c5c2a01fcfd ARM: proc-arm94*.S: fix setup function)
$ git merge arm-current/fixes
Already up-to-date.
Merging m68k-current/for-linus (b24f670b7f5b m68k/mac: Fix out-of-bounds array index in OSS IRQ source initialization)
$ git merge m68k-current/for-linus
Already up-to-date.
Merging metag-fixes/fixes (0164a711c97b metag: Fix ioremap_wc/ioremap_cached build errors)
$ git merge metag-fixes/fixes
Already up-to-date.
Merging mips-fixes/mips-fixes (1795cd9b3a91 Linux 3.16-rc5)
$ git merge mips-fixes/mips-fixes
Already up-to-date.
Merging powerpc-merge-mpe/fixes (2e826695d87c powerpc/mm: Fix build error with CONFIG_PPC_TRANSACTIONAL_MEM disabled)
$ git merge powerpc-merge-mpe/fixes
Already up-to-date.
Merging powerpc-merge/merge (c517d838eb7d Linux 4.0-rc1)
$ git merge powerpc-merge/merge
Already up-to-date.
Merging sparc/master (acc455cffa75 sparc64: Setup sysfs to mark LDOM sockets, cores and threads correctly)
$ git merge sparc/master
Merge made by the 'recursive' strategy.
 arch/sparc/include/asm/cpudata_64.h  |   3 +-
 arch/sparc/include/asm/topology_64.h |   3 +-
 arch/sparc/kernel/mdesc.c            | 136 ++++++++++++++++++++++++++++-------
 arch/sparc/kernel/smp_64.c           |  13 ++++
 4 files changed, 127 insertions(+), 28 deletions(-)
Merging net/master (a31196b07f80 net: rfs: fix crash in get_rps_cpus())
$ git merge net/master
Merge made by the 'recursive' strategy.
 Documentation/networking/mpls-sysctl.txt           |   9 ++
 Documentation/networking/scaling.txt               |   2 +-
 drivers/net/can/Kconfig                            |   2 +-
 drivers/net/ethernet/altera/altera_msgdmahw.h      |   5 +-
 drivers/net/ethernet/altera/altera_tse_main.c      |  37 ++++--
 drivers/net/ethernet/amd/Kconfig                   |   2 +-
 drivers/net/ethernet/arc/Kconfig                   |   5 +-
 drivers/net/ethernet/broadcom/bgmac.c              |   2 +-
 drivers/net/ethernet/broadcom/bnx2x/bnx2x_cmn.c    |  43 +++++--
 .../net/ethernet/broadcom/bnx2x/bnx2x_ethtool.c    |  17 +++
 drivers/net/ethernet/broadcom/tg3.c                |   4 +-
 drivers/net/ethernet/cadence/macb.c                |   4 +-
 drivers/net/ethernet/ibm/ehea/ehea_main.c          |   6 +-
 drivers/net/ethernet/ibm/ibmveth.c                 |   4 +-
 drivers/net/ethernet/marvell/pxa168_eth.c          |  16 +--
 drivers/net/ethernet/myricom/myri10ge/myri10ge.c   |  38 ++-----
 drivers/net/phy/mdio-gpio.c                        |  14 ++-
 drivers/net/vxlan.c                                |   6 +-
 include/linux/netdevice.h                          |  10 +-
 include/linux/rhashtable.h                         |   3 +-
 include/linux/skbuff.h                             |   1 +
 include/net/inet_connection_sock.h                 |  20 +---
 include/net/request_sock.h                         |  18 ---
 lib/rhashtable.c                                   |  11 +-
 net/core/dev.c                                     |  12 +-
 net/core/skbuff.c                                  |  30 ++++-
 net/dccp/ipv4.c                                    |   3 +-
 net/dccp/ipv6.c                                    |   3 +-
 net/dccp/minisocks.c                               |   3 +-
 net/ipv4/inet_connection_sock.c                    |  34 ++++++
 net/ipv4/tcp_ipv4.c                                |   3 +-
 net/ipv4/tcp_minisocks.c                           |   7 +-
 net/ipv4/tcp_output.c                              |  64 +++++++----
 net/ipv6/ip6_gre.c                                 |   9 +-
 net/ipv6/tcp_ipv6.c                                |   3 +-
 net/mpls/af_mpls.c                                 | 125 ++++++++++++++++++++-
 net/mpls/internal.h                                |   6 +
 net/netlink/af_netlink.c                           |   6 +-
 net/tipc/link.c                                    |   1 -
 net/tipc/server.c                                  |   9 +-
 net/tipc/socket.c                                  |   3 +-
 net/unix/garbage.c                                 |  70 +++++-------
 42 files changed, 436 insertions(+), 234 deletions(-)
Merging ipsec/master (092a29a40bab vti6: fix uninit when using x-netns)
$ git merge ipsec/master
Already up-to-date.
Merging sound-current/for-linus (e8191a8e4755 ALSA: hda - fix headset mic detection problem for one more machine)
$ git merge sound-current/for-linus
Already up-to-date.
Merging pci-current/for-linus (9fbbda5c8e0a ia64/PCI: Treat all host bridge Address Space Descriptors (even consumers) as windows)
$ git merge pci-current/for-linus
Already up-to-date.
Merging wireless-drivers/master (69628cd0652a Merge tag 'iwlwifi-for-kalle-2015-03-30' of https://git.kernel.org/pub/scm/linux/kernel/git/iwlwifi/iwlwifi-fixes)
$ git merge wireless-drivers/master
Already up-to-date.
Merging driver-core.current/driver-core-linus (bc465aa9d045 Linux 4.0-rc5)
$ git merge driver-core.current/driver-core-linus
Already up-to-date.
Merging tty.current/tty-linus (f22e6e847115 Linux 4.0-rc7)
$ git merge tty.current/tty-linus
Already up-to-date.
Merging usb.current/usb-linus (f22e6e847115 Linux 4.0-rc7)
$ git merge usb.current/usb-linus
Already up-to-date.
Merging usb-gadget-fixes/fixes (65582a7f4ce5 usb: isp1760: fix spin unlock in the error path of isp1760_udc_start)
$ git merge usb-gadget-fixes/fixes
Already up-to-date.
Merging usb-serial-fixes/usb-linus (39a8804455fb Linux 4.0)
$ git merge usb-serial-fixes/usb-linus
Already up-to-date.
Merging staging.current/staging-linus (f22e6e847115 Linux 4.0-rc7)
$ git merge staging.current/staging-linus
Already up-to-date.
Merging char-misc.current/char-misc-linus (bc465aa9d045 Linux 4.0-rc5)
$ git merge char-misc.current/char-misc-linus
Already up-to-date.
Merging input-current/for-linus (48853389f206 Merge branch 'next' into for-linus)
$ git merge input-current/for-linus
Already up-to-date.
Merging crypto-current/master (8c98ebd7a6ff crypto: img-hash - CRYPTO_DEV_IMGTEC_HASH should depend on HAS_DMA)
$ git merge crypto-current/master
Already up-to-date.
Merging ide/master (d681f1166919 ide: remove deprecated use of pci api)
$ git merge ide/master
Already up-to-date.
Merging devicetree-current/devicetree/merge (41d9489319f2 drivers/of: Add empty ranges quirk for PA-Semi)
$ git merge devicetree-current/devicetree/merge
Already up-to-date.
Merging rr-fixes/fixes (f47689345931 lguest: update help text.)
$ git merge rr-fixes/fixes
Already up-to-date.
Merging vfio-fixes/for-linus (ec76f4007079 vfio-pci: Add missing break to enable VFIO_PCI_ERR_IRQ_INDEX)
$ git merge vfio-fixes/for-linus
Already up-to-date.
Merging kselftest-fixes/fixes (67d8712dcc70 selftests: Fix build failures when invoked from kselftest target)
$ git merge kselftest-fixes/fixes
Already up-to-date.
Merging drm-intel-fixes/for-linux-next-fixes (39a8804455fb Linux 4.0)
$ git merge drm-intel-fixes/for-linux-next-fixes
Already up-to-date.
Merging asm-generic/master (643165c8bbc8 Merge tag 'uaccess_for_upstream' of git://git.kernel.org/pub/scm/linux/kernel/git/mst/vhost into asm-generic)
$ git merge asm-generic/master
Already up-to-date.
Merging arc/for-next (d8f6ad85cbb7 ARC: perf: don't add code for impossible case)
$ git merge arc/for-next
Already up-to-date.
Merging arm/for-next (6b7acae74fc2 Merge branches 'misc' and 'vdso' into for-next)
$ git merge arm/for-next
Already up-to-date.
Merging arm-perf/for-next/perf (39a8804455fb Linux 4.0)
$ git merge arm-perf/for-next/perf
Already up-to-date.
Merging arm-soc/for-next (0f0175702e2e arm-soc: document merges)
$ git merge arm-soc/for-next
Resolved 'MAINTAINERS' using previous resolution.
Resolved 'drivers/bus/Makefile' using previous resolution.
Auto-merging drivers/bus/Makefile
CONFLICT (content): Merge conflict in drivers/bus/Makefile
Auto-merging MAINTAINERS
CONFLICT (content): Merge conflict in MAINTAINERS
Automatic merge failed; fix conflicts and then commit the result.
$ git commit -v -a
[master 7722c67d9f6f] Merge remote-tracking branch 'arm-soc/for-next'
$ git diff -M --stat --summary HEAD^..
 arch/arm/arm-soc-for-next-contents.txt | 243 +++++++++++++++++++++++++++++++++
 1 file changed, 243 insertions(+)
 create mode 100644 arch/arm/arm-soc-for-next-contents.txt
Merging at91/at91-next (d8a291a11778 Merge tag 'at91-dt2' into at91-next)
$ git merge at91/at91-next
Already up-to-date!
Merge made by the 'recursive' strategy.
Merging bcm2835/for-next (b2776bf7149b Linux 3.18)
$ git merge bcm2835/for-next
Already up-to-date.
Merging rpi/for-rpi-next (9a5a3543e168 ARM: bcm2835: Fix i2c0 node name)
$ git merge rpi/for-rpi-next
Auto-merging Documentation/devicetree/bindings/vendor-prefixes.txt
Auto-merging Documentation/devicetree/bindings/arm/bcm/brcm,bcm2835.txt
Merge made by the 'recursive' strategy.
 .../devicetree/bindings/arm/bcm/brcm,bcm2835.txt   | 31 ++++++++++++++++++++--
 .../devicetree/bindings/vendor-prefixes.txt        |  1 +
 arch/arm/boot/dts/bcm2835-rpi-b-plus.dts           |  4 +--
 arch/arm/boot/dts/bcm2835-rpi-b.dts                |  4 +--
 arch/arm/boot/dts/bcm2835-rpi.dtsi                 |  8 +++---
 arch/arm/boot/dts/bcm2835.dtsi                     |  5 ++--
 include/dt-bindings/pinctrl/bcm2835.h              | 27 +++++++++++++++++++
 7 files changed, 68 insertions(+), 12 deletions(-)
 create mode 100644 include/dt-bindings/pinctrl/bcm2835.h
Merging berlin/berlin/for-next (c517d838eb7d Linux 4.0-rc1)
$ git merge berlin/berlin/for-next
Already up-to-date.
Merging cortex-m/for-next (e799b6f37e6c ARM: zImage: add support for ARMv7-M)
$ git merge cortex-m/for-next
Merge made by the 'recursive' strategy.
Merging imx-mxs/for-next (33e156f34c26 Merge branch 'imx/defconfig' into for-next)
$ git merge imx-mxs/for-next
Already up-to-date!
Merge made by the 'recursive' strategy.
Merging keystone/next (b17275a4a6cc Merge branch 'for_3.19/soc' into next)
$ git merge keystone/next
Already up-to-date!
Merge made by the 'recursive' strategy.
Merging mvebu/for-next (02577ca1b7e4 Merge branch 'mvebu/dt' into mvebu/for-next)
$ git merge mvebu/for-next
Already up-to-date!
Merge made by the 'recursive' strategy.
Merging omap/for-next (23aa6c6f4bed Merge branch 'omap-for-v4.0/fixes' into for-next)
$ git merge omap/for-next
Auto-merging arch/arm/boot/dts/omap3-n900.dts
Merge made by the 'recursive' strategy.
 arch/arm/boot/dts/omap3-n900.dts | 4 ++++
 1 file changed, 4 insertions(+)
Merging omap-pending/for-next (30aa18d3bea5 MAINTAINERS: add maintainer for OMAP hwmod data)
$ git merge omap-pending/for-next
Resolved 'arch/arm/mach-omap2/omap_hwmod_43xx_data.c' using previous resolution.
Auto-merging arch/arm/mach-omap2/omap_hwmod_43xx_data.c
CONFLICT (content): Merge conflict in arch/arm/mach-omap2/omap_hwmod_43xx_data.c
Automatic merge failed; fix conflicts and then commit the result.
$ git commit -v -a
[master 9abd30eb91f5] Merge remote-tracking branch 'omap-pending/for-next'
$ git diff -M --stat --summary HEAD^..
Merging renesas/next (53a6e5250291 Merge branch 'heads/soc-cleanup-for-v4.1' into next)
$ git merge renesas/next
Merge made by the 'recursive' strategy.
Merging samsung/for-next (5d5443b9c3ba Merge branch 'v4.1-next/mach-samsung' into for-next)
$ git merge samsung/for-next
Resolved 'arch/arm/mach-exynos/platsmp.c' using previous resolution.
Auto-merging arch/arm/mach-exynos/platsmp.c
CONFLICT (content): Merge conflict in arch/arm/mach-exynos/platsmp.c
Auto-merging Documentation/devicetree/bindings/arm/samsung/pmu.txt
Automatic merge failed; fix conflicts and then commit the result.
$ git commit -v -a
[master e1ba7e6b8057] Merge remote-tracking branch 'samsung/for-next'
$ git diff -M --stat --summary HEAD^..
 .../devicetree/bindings/arm/samsung/pmu.txt        |   1 +
 arch/arm64/boot/dts/exynos/exynos5433-pinctrl.dtsi | 698 +++++++++++++++
 .../dts/exynos/exynos5433-tmu-sensor-conf.dtsi     |  22 +
 arch/arm64/boot/dts/exynos/exynos5433-tmu.dtsi     | 231 +++++
 arch/arm64/boot/dts/exynos/exynos5433.dtsi         | 931 +++++++++++++++++++++
 5 files changed, 1883 insertions(+)
 create mode 100644 arch/arm64/boot/dts/exynos/exynos5433-pinctrl.dtsi
 create mode 100644 arch/arm64/boot/dts/exynos/exynos5433-tmu-sensor-conf.dtsi
 create mode 100644 arch/arm64/boot/dts/exynos/exynos5433-tmu.dtsi
 create mode 100644 arch/arm64/boot/dts/exynos/exynos5433.dtsi
Merging sunxi/sunxi/for-next (5a04c6a64b01 Merge branches 'sunxi/clocks-for-4.1', 'sunxi/dt-for-4.1', 'sunxi/core-for-4.1' and 'sunxi/drivers-for-4.1', tag 'sunxi-defconfig-for-4.1' into sunxi/for-next)
$ git merge sunxi/sunxi/for-next
Auto-merging drivers/soc/Makefile
Auto-merging drivers/soc/Kconfig
Auto-merging arch/arm/boot/dts/Makefile
Auto-merging Documentation/devicetree/bindings/vendor-prefixes.txt
Auto-merging Documentation/devicetree/bindings/arm/cpus.txt
Merge made by the 'recursive' strategy.
 Documentation/devicetree/bindings/arm/cpus.txt     |   1 +
 .../devicetree/bindings/soc/sunxi/sram.txt         |  64 +++
 .../devicetree/bindings/vendor-prefixes.txt        |   2 +
 arch/arm/boot/dts/Makefile                         |  21 +-
 arch/arm/boot/dts/sun4i-a10-a1000.dts              | 202 +++----
 arch/arm/boot/dts/sun4i-a10-ba10-tvbox.dts         | 176 +++---
 arch/arm/boot/dts/sun4i-a10-chuwi-v7-cw0825.dts    |  35 ++
 arch/arm/boot/dts/sun4i-a10-cubieboard.dts         | 216 +++----
 arch/arm/boot/dts/sun4i-a10-gemei-g9.dts           | 176 ++++++
 arch/arm/boot/dts/sun4i-a10-hackberry.dts          | 191 +++----
 arch/arm/boot/dts/sun4i-a10-hyundai-a7hd.dts       |   8 +
 arch/arm/boot/dts/sun4i-a10-inet97fv2.dts          | 118 ++--
 arch/arm/boot/dts/sun4i-a10-marsboard.dts          |   8 +
 arch/arm/boot/dts/sun4i-a10-mini-xplus.dts         | 144 ++---
 arch/arm/boot/dts/sun4i-a10-mk802.dts              |   8 +
 arch/arm/boot/dts/sun4i-a10-mk802ii.dts            |   8 +
 arch/arm/boot/dts/sun4i-a10-olinuxino-lime.dts     | 219 ++++----
 arch/arm/boot/dts/sun4i-a10-pcduino.dts            | 180 +++---
 arch/arm/boot/dts/sun4i-a10.dtsi                   |  88 ++-
 arch/arm/boot/dts/sun5i-a10s-auxtek-t004.dts       | 159 ++++++
 arch/arm/boot/dts/sun5i-a10s-mk802.dts             |   8 +
 arch/arm/boot/dts/sun5i-a10s-olinuxino-micro.dts   | 319 +++++------
 arch/arm/boot/dts/sun5i-a10s-r7-tv-dongle.dts      | 134 ++---
 arch/arm/boot/dts/sun5i-a10s.dtsi                  | 620 +++------------------
 arch/arm/boot/dts/sun5i-a13-hsg-h702.dts           | 138 ++---
 arch/arm/boot/dts/sun5i-a13-olinuxino-micro.dts    | 150 ++---
 arch/arm/boot/dts/sun5i-a13-olinuxino.dts          | 240 ++++----
 arch/arm/boot/dts/sun5i-a13-utoo-p66.dts           | 209 +++++++
 arch/arm/boot/dts/sun5i-a13.dtsi                   | 594 +++-----------------
 arch/arm/boot/dts/sun5i.dtsi                       | 611 ++++++++++++++++++++
 arch/arm/boot/dts/sun6i-a31-app4-evb1.dts          |  58 +-
 arch/arm/boot/dts/sun6i-a31-colombus.dts           | 140 ++---
 arch/arm/boot/dts/sun6i-a31-hummingbird.dts        | 103 +++-
 arch/arm/boot/dts/sun6i-a31-i7.dts                 | 154 +++++
 arch/arm/boot/dts/sun6i-a31-m9.dts                 | 154 ++---
 arch/arm/boot/dts/sun6i-a31.dtsi                   |  84 ++-
 arch/arm/boot/dts/sun6i-a31s-cs908.dts             |  43 +-
 arch/arm/boot/dts/sun7i-a20-bananapi.dts           | 264 ++++-----
 arch/arm/boot/dts/sun7i-a20-bananapro.dts          |  10 +
 arch/arm/boot/dts/sun7i-a20-cubieboard2.dts        | 200 +++----
 arch/arm/boot/dts/sun7i-a20-cubietruck.dts         | 326 +++++------
 arch/arm/boot/dts/sun7i-a20-hummingbird.dts        | 430 +++++++-------
 arch/arm/boot/dts/sun7i-a20-i12-tvbox.dts          | 262 ++++-----
 arch/arm/boot/dts/sun7i-a20-m3.dts                 | 186 ++++---
 arch/arm/boot/dts/sun7i-a20-olinuxino-lime.dts     | 192 +++----
 arch/arm/boot/dts/sun7i-a20-olinuxino-lime2.dts    | 296 +++++-----
 arch/arm/boot/dts/sun7i-a20-olinuxino-micro.dts    | 414 +++++++-------
 arch/arm/boot/dts/sun7i-a20-orangepi-mini.dts      | 255 +++++++++
 arch/arm/boot/dts/sun7i-a20-orangepi.dts           | 233 ++++++++
 arch/arm/boot/dts/sun7i-a20-pcduino3-nano.dts      | 199 +++++++
 arch/arm/boot/dts/sun7i-a20-pcduino3.dts           | 212 +++----
 arch/arm/boot/dts/sun7i-a20-wexler-tab7200.dts     | 188 +++++++
 arch/arm/boot/dts/sun7i-a20.dtsi                   |  44 +-
 arch/arm/boot/dts/sun8i-a23-ippo-q8h-v5.dts        | 112 ++--
 arch/arm/boot/dts/sun8i-a23.dtsi                   |  22 +
 arch/arm/boot/dts/sun9i-a80-cubieboard4.dts        |  99 ++++
 arch/arm/boot/dts/sun9i-a80-optimus.dts            |  67 ++-
 arch/arm/boot/dts/sun9i-a80.dtsi                   | 132 +++++
 arch/arm/mach-sunxi/platsmp.c                      |  69 +++
 drivers/soc/Kconfig                                |   1 +
 drivers/soc/Makefile                               |   1 +
 drivers/soc/sunxi/Kconfig                          |  10 +
 drivers/soc/sunxi/Makefile                         |   1 +
 drivers/soc/sunxi/sunxi_sram.c                     | 235 ++++++++
 include/linux/soc/sunxi/sunxi_sram.h               |  24 +
 65 files changed, 6421 insertions(+), 3846 deletions(-)
 create mode 100644 Documentation/devicetree/bindings/soc/sunxi/sram.txt
 create mode 100644 arch/arm/boot/dts/sun4i-a10-gemei-g9.dts
 create mode 100644 arch/arm/boot/dts/sun5i-a10s-auxtek-t004.dts
 create mode 100644 arch/arm/boot/dts/sun5i-a13-utoo-p66.dts
 create mode 100644 arch/arm/boot/dts/sun5i.dtsi
 create mode 100644 arch/arm/boot/dts/sun6i-a31-i7.dts
 create mode 100644 arch/arm/boot/dts/sun7i-a20-orangepi-mini.dts
 create mode 100644 arch/arm/boot/dts/sun7i-a20-orangepi.dts
 create mode 100644 arch/arm/boot/dts/sun7i-a20-pcduino3-nano.dts
 create mode 100644 arch/arm/boot/dts/sun7i-a20-wexler-tab7200.dts
 create mode 100644 arch/arm/boot/dts/sun9i-a80-cubieboard4.dts
 create mode 100644 drivers/soc/sunxi/Kconfig
 create mode 100644 drivers/soc/sunxi/Makefile
 create mode 100644 drivers/soc/sunxi/sunxi_sram.c
 create mode 100644 include/linux/soc/sunxi/sunxi_sram.h
Merging tegra/for-next (47ee17a644f4 Merge branch for-4.1/dt into for-next)
$ git merge tegra/for-next
Auto-merging include/linux/clk-provider.h
Auto-merging drivers/clk/tegra/clk.h
Auto-merging drivers/clk/tegra/clk-tegra124.c
Auto-merging drivers/clk/clk.c
Auto-merging drivers/clk/Kconfig
Auto-merging arch/arm/mach-tegra/tegra.c
Auto-merging arch/arm/mach-tegra/cpuidle-tegra20.c
Merge made by the 'recursive' strategy.
 .../bindings/clock/nvidia,tegra124-car.txt         |   44 +-
 .../memory-controllers/nvidia,tegra-mc.txt         |   84 +-
 .../bindings/memory-controllers/tegra-emc.txt      |  374 +++++++
 .../bindings/misc/nvidia,tegra20-apbmisc.txt       |    2 +
 arch/arm/mach-tegra/cpuidle-tegra20.c              |    5 +-
 arch/arm/mach-tegra/reset-handler.S                |   10 +-
 arch/arm/mach-tegra/reset.h                        |    4 +
 arch/arm/mach-tegra/sleep-tegra20.S                |   37 +-
 arch/arm/mach-tegra/sleep.h                        |    4 +
 arch/arm/mach-tegra/tegra.c                        |    1 -
 drivers/clk/Kconfig                                |    1 +
 drivers/clk/clk.c                                  |    8 +
 drivers/clk/tegra/Kconfig                          |    3 +
 drivers/clk/tegra/Makefile                         |    1 +
 drivers/clk/tegra/clk-emc.c                        |  539 ++++++++++
 drivers/clk/tegra/clk-tegra124.c                   |   18 +-
 drivers/clk/tegra/clk.h                            |   12 +
 drivers/gpio/gpio-tegra.c                          |    4 +-
 drivers/memory/tegra/Kconfig                       |   10 +
 drivers/memory/tegra/Makefile                      |    2 +
 drivers/memory/tegra/mc.c                          |  140 ++-
 drivers/memory/tegra/tegra114.c                    |   32 +-
 drivers/memory/tegra/tegra124-emc.c                | 1137 ++++++++++++++++++++
 drivers/memory/tegra/tegra124.c                    |   90 +-
 drivers/memory/tegra/tegra30.c                     |   32 +-
 drivers/soc/tegra/fuse/fuse-tegra20.c              |    6 +-
 drivers/soc/tegra/fuse/tegra-apbmisc.c             |   21 +
 drivers/soc/tegra/pmc.c                            |   23 +-
 include/linux/clk-provider.h                       |    1 +
 include/soc/tegra/emc.h                            |   19 +
 include/soc/tegra/fuse.h                           |    1 +
 include/soc/tegra/mc.h                             |   15 +-
 include/soc/tegra/pmc.h                            |    2 -
 33 files changed, 2572 insertions(+), 110 deletions(-)
 create mode 100644 Documentation/devicetree/bindings/memory-controllers/tegra-emc.txt
 create mode 100644 drivers/clk/tegra/Kconfig
 create mode 100644 drivers/clk/tegra/clk-emc.c
 create mode 100644 drivers/memory/tegra/tegra124-emc.c
 create mode 100644 include/soc/tegra/emc.h
Merging arm64/for-next/core (6d1966dfd6e0 arm64: fix midr range for Cortex-A57 erratum 832075)
$ git merge arm64/for-next/core
Already up-to-date.
Merging arm64-acpi/for-next/acpi (7676fa70feb2 ARM64 / ACPI: make acpi_map_gic_cpu_interface() as void function)
$ git merge arm64-acpi/for-next/acpi
Already up-to-date.
Merging blackfin/for-linus (d91e14b3b9e1 eth: bf609 eth clock: add pclk clock for stmmac driver probe)
$ git merge blackfin/for-linus
Already up-to-date.
Merging c6x/for-linux-next (3083ca2376a7 c6x: platforms: cache: Export symbol L1P_cache_block_invalidate and L1D_cache_block_writeback)
$ git merge c6x/for-linux-next
Already up-to-date.
Merging cris/for-next (d939b52abe0c cris: fix integer overflow in ELF_ET_DYN_BASE)
$ git merge cris/for-next
Already up-to-date.
Merging hexagon/linux-next (8914d7e85780 Hexagon: fix signal delivery for debug traps)
$ git merge hexagon/linux-next
Already up-to-date.
Merging ia64/next (62f269ef8191 pstore: Fix the ramoops module parameters update)
$ git merge ia64/next
Already up-to-date.
Merging m68k/for-next (b24f670b7f5b m68k/mac: Fix out-of-bounds array index in OSS IRQ source initialization)
$ git merge m68k/for-next
Already up-to-date.
Merging m68knommu/for-next (6e4206136faa m68knommu: fix fec setup warning for ColdFire 5271 builds)
$ git merge m68knommu/for-next
Already up-to-date.
Merging metag/for-next (40346a0327fe metag: copy_thread(): rename 'arg' argument to 'kthread_arg')
$ git merge metag/for-next
Already up-to-date.
Merging microblaze/next (c2219eda5478 microblaze: Fix syscall error recovery for invalid syscall IDs)
$ git merge microblaze/next
Already up-to-date.
Merging mips/mips-for-linux-next (3e20a26b02bd Merge branch '4.0-fixes' into mips-for-linux-next)
$ git merge mips/mips-for-linux-next
Already up-to-date.
Merging nios2/nios2-next (1a70db49a735 nios2: rework cache)
$ git merge nios2/nios2-next
Already up-to-date.
Merging parisc-hd/for-next (5fec97d0e3d9 parisc: copy_thread(): rename 'arg' argument to 'kthread_arg')
$ git merge parisc-hd/for-next
Merge made by the 'recursive' strategy.
 arch/parisc/kernel/process.c | 10 ++++++----
 drivers/parisc/superio.c     |  2 +-
 2 files changed, 7 insertions(+), 5 deletions(-)
Merging powerpc-mpe/next (2fe0753d4940 powerpc/powermac: Fix build error seen with powermac smp builds)
$ git merge powerpc-mpe/next
Already up-to-date.
Merging powerpc/next (65e7bb2a34fe Merge branch 'next-sriov' into next)
$ git merge powerpc/next
Already up-to-date!
Merge made by the 'recursive' strategy.
Merging fsl/next (d41444daba1f powerpc/corenet: enable CONFIG_I2C_MUX and CONFIG_I2C_MUX_PCA954x)
$ git merge fsl/next
Already up-to-date.
Merging mpc5xxx/next (9e813308a5c1 powerpc/thp: Add tracepoints to track hugepage invalidate)
$ git merge mpc5xxx/next
Already up-to-date.
Merging s390/features (57127645d79d s390/zcrypt: Introduce new SHA-512 based Pseudo Random Generator.)
$ git merge s390/features
Merge made by the 'recursive' strategy.
 arch/s390/Kconfig                   |   2 +-
 arch/s390/crypto/crypt_s390.h       | 122 ++++--
 arch/s390/crypto/prng.c             | 850 +++++++++++++++++++++++++++++++++---
 arch/s390/include/asm/kexec.h       |   3 +
 arch/s390/include/asm/mmu.h         |   4 +-
 arch/s390/include/asm/mmu_context.h |   3 +
 arch/s390/include/asm/pgalloc.h     |   1 +
 arch/s390/include/asm/pgtable.h     | 167 +++----
 arch/s390/mm/hugetlbpage.c          |  66 +--
 arch/s390/mm/pgtable.c              | 142 ++----
 drivers/s390/char/con3215.c         |   2 +
 include/linux/kexec.h               |   4 +
 kernel/kexec.c                      |   2 +-
 13 files changed, 1039 insertions(+), 329 deletions(-)
Merging sparc-next/master (9f935675d41a Merge branch 'for-linus' of git://git.kernel.org/pub/scm/linux/kernel/git/dtor/input)
$ git merge sparc-next/master
Already up-to-date.
Merging tile/master (128f3cb9398b tile: nohz: warn if nohz_full uses hypervisor shared cores)
$ git merge tile/master
Already up-to-date.
Merging uml/linux-next (fe205bdd1321 um: Print minimum physical memory requirement)
$ git merge uml/linux-next
Already up-to-date.
Merging unicore32/unicore32 (d670878e2c9a unicore32: Remove ARCH_HAS_CPUFREQ config option)
$ git merge unicore32/unicore32
Already up-to-date.
Merging xtensa/for_next (2ba9268dd603 Merge tag 'xtensa-for-next-20150413' of git://github.com/jcmvbkbc/linux-xtensa into for_next)
$ git merge xtensa/for_next
Already up-to-date.
Merging btrfs/next (e082f56313f3 btrfs: quota: Update quota tree after qgroup relationship change.)
$ git merge btrfs/next
Already up-to-date.
Merging ceph/master (84b54fefaa05 libceph: announce support for straw2 buckets)
$ git merge ceph/master
Merge made by the 'recursive' strategy.
Merging cifs/for-next (be4a8e38d68f Update negotiate protocol for SMB3.1 dialect)
$ git merge cifs/for-next
Auto-merging fs/cifs/file.c
Auto-merging fs/cifs/connect.c
Auto-merging fs/cifs/cifsfs.c
Merge made by the 'recursive' strategy.
 fs/cifs/Kconfig        |  9 +++++++
 fs/cifs/cifs_dfs_ref.c |  3 ++-
 fs/cifs/cifsfs.c       |  2 ++
 fs/cifs/cifsglob.h     |  7 ++++++
 fs/cifs/cifsproto.h    |  4 ++--
 fs/cifs/cifssmb.c      | 21 +++++++++--------
 fs/cifs/connect.c      | 10 ++++++++
 fs/cifs/dir.c          |  3 +--
 fs/cifs/file.c         |  3 +--
 fs/cifs/inode.c        |  6 ++---
 fs/cifs/link.c         |  3 ++-
 fs/cifs/readdir.c      |  2 ++
 fs/cifs/smb1ops.c      |  3 ++-
 fs/cifs/smb2ops.c      | 22 +++++++++++++++++
 fs/cifs/smb2pdu.c      | 64 +++++++++++++++++++++++++++++++++++++++++++++++---
 fs/cifs/smb2pdu.h      | 50 ++++++++++++++++++++++++++++++++-------
 16 files changed, 178 insertions(+), 34 deletions(-)
Merging ecryptfs/next (6d65261a09ad eCryptfs: don't pass fs-specific ioctl commands through)
$ git merge ecryptfs/next
Already up-to-date.
Merging ext3/for_next (3adc12e96482 udf: Update ctime and mtime when directory is modified)
$ git merge ext3/for_next
Already up-to-date.
Merging ext4/dev (6ddb2447846a ext4 crypto: enable encryption feature flag)
$ git merge ext4/dev
Already up-to-date.
Merging f2fs/dev (10027551ccf5 f2fs: pass checkpoint reason on roll-forward recovery)
$ git merge f2fs/dev
Already up-to-date.
Merging fscache/fscache (b00c2ae2ed3c FS-Cache: Don't override netfs's primary_index if registering failed)
$ git merge fscache/fscache
Auto-merging fs/cachefiles/namei.c
Merge made by the 'recursive' strategy.
 Documentation/filesystems/caching/backend-api.txt |  23 ++
 Documentation/filesystems/caching/fscache.txt     |   7 +-
 fs/cachefiles/internal.h                          |   1 -
 fs/cachefiles/namei.c                             |  33 ++-
 fs/fscache/cookie.c                               |   8 +-
 fs/fscache/internal.h                             |  12 +-
 fs/fscache/netfs.c                                |  38 ++--
 fs/fscache/object.c                               |  69 +++++-
 fs/fscache/operation.c                            | 254 ++++++++++++++--------
 fs/fscache/page.c                                 |  86 ++++----
 fs/fscache/stats.c                                |  14 +-
 include/linux/fscache-cache.h                     |  55 +++--
 12 files changed, 396 insertions(+), 204 deletions(-)
Merging fuse/for-next (94e4fe2cab3d fuse: explicitly set /dev/fuse file's private_data)
$ git merge fuse/for-next
Already up-to-date.
Merging gfs2/for-next (0166b197c2ed GFS2: Average in only non-zero round-trip times for congestion stats)
$ git merge gfs2/for-next
Merge made by the 'recursive' strategy.
 fs/gfs2/rgrp.c | 17 +++++++++++++----
 1 file changed, 13 insertions(+), 4 deletions(-)
Merging jfs/jfs-next (7d2ac45611b0 jfs: %pf is only for function pointers)
$ git merge jfs/jfs-next
Already up-to-date.
Merging nfs/linux-next (c73239d54de6 Merge branch 'nfs-for-next')
$ git merge nfs/linux-next
Auto-merging fs/nfs/nfs4idmap.h
Auto-merging fs/nfs/nfs4idmap.c
Merge made by the 'recursive' strategy.
 fs/nfs/Makefile                                 |   2 +-
 fs/nfs/blocklayout/blocklayout.c                |   1 +
 fs/nfs/blocklayout/dev.c                        |   2 +-
 fs/nfs/callback.c                               |   6 +-
 fs/nfs/client.c                                 |   1 -
 fs/nfs/delegation.c                             |   4 +-
 fs/nfs/dir.c                                    |   4 +
 fs/nfs/direct.c                                 |  39 +-
 fs/nfs/file.c                                   |   3 +-
 fs/nfs/filelayout/filelayout.c                  |  10 +-
 fs/nfs/filelayout/filelayoutdev.c               |   2 +-
 fs/nfs/flexfilelayout/flexfilelayout.c          |  12 +-
 fs/nfs/flexfilelayout/flexfilelayoutdev.c       |   2 +-
 fs/nfs/inode.c                                  |  36 +-
 fs/nfs/nfs42proc.c                              |  31 +-
 fs/nfs/nfs42xdr.c                               |  20 +-
 fs/nfs/nfs4client.c                             |   2 +-
 fs/nfs/nfs4file.c                               |  20 +-
 fs/nfs/{idmap.c => nfs4idmap.c}                 |   2 +-
 include/linux/nfs_idmap.h => fs/nfs/nfs4idmap.h |  13 +-
 fs/nfs/nfs4proc.c                               |  23 +-
 fs/nfs/nfs4state.c                              |   2 +-
 fs/nfs/nfs4super.c                              |   7 +-
 fs/nfs/nfs4sysctl.c                             |   2 +-
 fs/nfs/nfs4xdr.c                                |  22 +-
 fs/nfs/nfstrace.c                               |   3 +
 fs/nfs/objlayout/objio_osd.c                    |   4 +-
 fs/nfs/pnfs.c                                   |  68 +--
 fs/nfs/pnfs.h                                   |  24 +-
 fs/nfs/pnfs_dev.c                               |  21 +-
 fs/nfs/pnfs_nfs.c                               |  12 +-
 fs/nfs/read.c                                   |   2 +-
 fs/nfs/super.c                                  |   4 +-
 fs/nfs/write.c                                  |  15 +-
 include/linux/nfs_fs.h                          |   1 +
 include/linux/nfs_xdr.h                         |   6 +
 include/linux/sunrpc/msg_prot.h                 |   8 +-
 include/linux/sunrpc/xprtrdma.h                 |   5 -
 include/uapi/linux/nfs_idmap.h                  |   2 +-
 net/sunrpc/sched.c                              |   4 +-
 net/sunrpc/xprt.c                               |  22 +-
 net/sunrpc/xprtrdma/Makefile                    |   3 +-
 net/sunrpc/xprtrdma/fmr_ops.c                   | 208 +++++++
 net/sunrpc/xprtrdma/frwr_ops.c                  | 353 ++++++++++++
 net/sunrpc/xprtrdma/physical_ops.c              |  94 ++++
 net/sunrpc/xprtrdma/rpc_rdma.c                  |  87 ++-
 net/sunrpc/xprtrdma/transport.c                 |  61 ++-
 net/sunrpc/xprtrdma/verbs.c                     | 699 ++----------------------
 net/sunrpc/xprtrdma/xprt_rdma.h                 |  90 ++-
 49 files changed, 1150 insertions(+), 914 deletions(-)
 rename fs/nfs/{idmap.c => nfs4idmap.c} (99%)
 rename include/linux/nfs_idmap.h => fs/nfs/nfs4idmap.h (94%)
 create mode 100644 net/sunrpc/xprtrdma/fmr_ops.c
 create mode 100644 net/sunrpc/xprtrdma/frwr_ops.c
 create mode 100644 net/sunrpc/xprtrdma/physical_ops.c
Merging nfsd/nfsd-next (bff175238a24 uapi: Remove kernel internal declaration)
$ git merge nfsd/nfsd-next
Already up-to-date.
Merging overlayfs/overlayfs-next (71cbad7e694e ovl: upper fs should not be R/O)
$ git merge overlayfs/overlayfs-next
Already up-to-date.
Merging squashfs/master (62421645bb70 Squashfs: Add LZ4 compression configuration option)
$ git merge squashfs/master
Already up-to-date.
Merging v9fs/for-next (f569d3ef8254 net/9p: add a privport option for RDMA transport.)
$ git merge v9fs/for-next
Already up-to-date.
Merging ubifs/linux-next (502690674281 UBI: power cut emulation for testing)
$ git merge ubifs/linux-next
Already up-to-date.
Merging xfs/for-next (542c311813d5 Merge branch 'xfs-dio-extend-fix' into for-next)
$ git merge xfs/for-next
Already up-to-date.
Merging file-locks/linux-next (7505256626b0 Merge tag 'devicetree-for-linus' of git://git.kernel.org/pub/scm/linux/kernel/git/glikely/linux)
$ git merge file-locks/linux-next
Already up-to-date.
Merging vfs/for-next (6d3b3d3367cb direct-io: only inc/dec inode->i_dio_count for file systems)
$ git merge vfs/for-next
Auto-merging security/smack/smackfs.c
Auto-merging security/smack/smack_lsm.c
Auto-merging security/lsm_audit.c
Auto-merging kernel/trace/trace_uprobe.c
Auto-merging kernel/trace/trace_events.c
Auto-merging kernel/trace/trace.c
CONFLICT (content): Merge conflict in kernel/trace/trace.c
Auto-merging kernel/auditsc.c
Auto-merging kernel/audit_tree.c
Auto-merging kernel/audit.c
Auto-merging ipc/shm.c
Auto-merging include/trace/events/ext4.h
Auto-merging include/trace/events/ext3.h
Auto-merging include/trace/events/btrfs.h
Auto-merging include/linux/fs.h
Auto-merging fs/xfs/xfs_super.c
Auto-merging fs/xfs/xfs_iops.c
CONFLICT (content): Merge conflict in fs/xfs/xfs_iops.c
Auto-merging fs/xfs/xfs_ioctl.c
Auto-merging fs/xfs/xfs_filestream.c
Auto-merging fs/udf/namei.c
Auto-merging fs/udf/file.c
Auto-merging fs/ubifs/xattr.c
Auto-merging fs/ubifs/journal.c
Auto-merging fs/ubifs/file.c
Auto-merging fs/ubifs/dir.c
Auto-merging fs/reiserfs/super.c
Auto-merging fs/quota/dquot.c
Auto-merging fs/pstore/inode.c
Auto-merging fs/proc/fd.c
Auto-merging fs/proc/base.c
Auto-merging fs/ocfs2/xattr.c
Auto-merging fs/ocfs2/refcounttree.c
Auto-merging fs/ocfs2/namei.c
Auto-merging fs/ocfs2/inode.c
Auto-merging fs/ocfs2/export.c
Auto-merging fs/nilfs2/super.c
Auto-merging fs/nilfs2/inode.c
Auto-merging fs/nfsd/xdr4.h
Auto-merging fs/nfsd/nfs4xdr.c
Auto-merging fs/nfsd/nfs4state.c
Auto-merging fs/nfsd/nfs4proc.c
Auto-merging fs/nfsd/nfs4acl.c
Auto-merging fs/nfsd/export.c
Auto-merging fs/nfs/write.c
Auto-merging fs/nfs/super.c
Auto-merging fs/nfs/read.c
Auto-merging fs/nfs/pnfs.h
Auto-merging fs/nfs/nfs4state.c
Auto-merging fs/nfs/nfs4proc.c
Auto-merging fs/nfs/nfs4file.c
Auto-merging fs/nfs/nfs4client.c
Auto-merging fs/nfs/inode.c
Auto-merging fs/nfs/direct.c
Auto-merging fs/nfs/dir.c
Auto-merging fs/jffs2/xattr.c
Auto-merging fs/hugetlbfs/inode.c
Auto-merging fs/hostfs/hostfs_kern.c
Auto-merging fs/hfsplus/xattr.h
CONFLICT (content): Merge conflict in fs/hfsplus/xattr.h
Auto-merging fs/hfsplus/xattr.c
Auto-merging fs/hfsplus/ioctl.c
Auto-merging fs/hfsplus/inode.c
Auto-merging fs/hfsplus/dir.c
Auto-merging fs/hfs/dir.c
Auto-merging fs/gfs2/xattr.c
Auto-merging fs/gfs2/inode.c
Auto-merging fs/fat/namei_vfat.c
Auto-merging fs/fat/namei_msdos.c
Auto-merging fs/fat/file.c
Auto-merging fs/f2fs/xattr.c
Auto-merging fs/f2fs/namei.c
Auto-merging fs/f2fs/file.c
Auto-merging fs/f2fs/f2fs.h
CONFLICT (content): Merge conflict in fs/f2fs/f2fs.h
Auto-merging fs/ext4/xattr.c
Auto-merging fs/ext4/symlink.c
CONFLICT (content): Merge conflict in fs/ext4/symlink.c
Auto-merging fs/ext4/super.c
Auto-merging fs/ext4/namei.c
CONFLICT (content): Merge conflict in fs/ext4/namei.c
Auto-merging fs/ext4/inode.c
Auto-merging fs/ext4/inline.c
Auto-merging fs/ext4/ialloc.c
Auto-merging fs/ext4/fsync.c
Auto-merging fs/ext3/xattr.c
Auto-merging fs/ext3/super.c
Auto-merging fs/ext2/namei.c
Auto-merging fs/ext2/inode.c
Auto-merging fs/debugfs/inode.c
Auto-merging fs/dax.c
Auto-merging fs/cifs/smb2ops.c
Auto-merging fs/cifs/smb1ops.c
Auto-merging fs/cifs/readdir.c
Auto-merging fs/cifs/link.c
Auto-merging fs/cifs/inode.c
Auto-merging fs/cifs/file.c
Auto-merging fs/cifs/dir.c
Auto-merging fs/cifs/cifssmb.c
Auto-merging fs/cifs/cifsfs.c
Auto-merging fs/cifs/cifs_dfs_ref.c
Auto-merging fs/ceph/xattr.c
Auto-merging fs/ceph/super.c
Auto-merging fs/ceph/mds_client.c
Auto-merging fs/ceph/dir.c
Auto-merging fs/ceph/caps.c
Auto-merging fs/cachefiles/namei.c
Auto-merging fs/btrfs/xattr.c
CONFLICT (content): Merge conflict in fs/btrfs/xattr.c
Auto-merging fs/btrfs/tree-log.c
Auto-merging fs/btrfs/super.c
Auto-merging fs/btrfs/ioctl.c
Auto-merging fs/btrfs/inode.c
Auto-merging fs/btrfs/file.c
Auto-merging fs/binfmt_misc.c
Auto-merging fs/bfs/dir.c
Auto-merging fs/befs/linuxvfs.c
CONFLICT (content): Merge conflict in fs/befs/linuxvfs.c
Auto-merging fs/affs/namei.c
Auto-merging fs/affs/inode.c
Auto-merging fs/affs/amigaffs.c
CONFLICT (content): Merge conflict in fs/affs/amigaffs.c
Auto-merging fs/9p/v9fs.h
Auto-merging drivers/staging/lustre/lustre/llite/statahead.c
Auto-merging drivers/staginResolved 'fs/affs/amigaffs.c' using previous resolution.
Resolved 'fs/befs/linuxvfs.c' using previous resolution.
Resolved 'fs/btrfs/xattr.c' using previous resolution.
Resolved 'fs/ext4/namei.c' using previous resolution.
Resolved 'fs/ext4/symlink.c' using previous resolution.
Resolved 'fs/f2fs/f2fs.h' using previous resolution.
Resolved 'fs/hfsplus/xattr.h' using previous resolution.
Resolved 'fs/xfs/xfs_iops.c' using previous resolution.
Resolved 'kernel/trace/trace.c' using previous resolution.
g/lustre/lustre/llite/namei.c
Auto-merging drivers/staging/lustre/lustre/llite/llite_lib.c
Auto-merging drivers/staging/lustre/lustre/llite/file.c
Auto-merging drivers/staging/lustre/lustre/llite/dcache.c
Auto-merging drivers/mtd/ubi/build.c
Automatic merge failed; fix conflicts and then commit the result.
$ git commit -v -a
[master a7bd1b4a9567] Merge remote-tracking branch 'vfs/for-next'
$ git diff -M --stat --summary HEAD^..
 arch/ia64/kernel/perfmon.c                         |   2 +-
 arch/powerpc/platforms/cell/spufs/inode.c          |  22 +--
 arch/s390/hypfs/inode.c                            |  18 +--
 arch/x86/kvm/assigned-dev.c                        |   2 +-
 drivers/base/devtmpfs.c                            |  32 ++--
 drivers/block/drbd/drbd_debugfs.c                  |   8 +-
 drivers/infiniband/hw/ipath/ipath_fs.c             |  16 +-
 drivers/infiniband/hw/qib/qib_fs.c                 |  20 +--
 drivers/mtd/ubi/build.c                            |   6 +-
 drivers/mtd/ubi/kapi.c                             |   2 +-
 drivers/net/ethernet/chelsio/cxgb4/cxgb4_debugfs.c |  21 +--
 drivers/net/ethernet/chelsio/cxgb4/cxgb4_debugfs.h |   2 -
 drivers/oprofile/oprofilefs.c                      |  16 +-
 drivers/staging/lustre/lustre/llite/dcache.c       |  14 +-
 drivers/staging/lustre/lustre/llite/file.c         |  16 +-
 .../staging/lustre/lustre/llite/llite_internal.h   |   2 +-
 drivers/staging/lustre/lustre/llite/llite_lib.c    |   6 +-
 drivers/staging/lustre/lustre/llite/llite_nfs.c    |   6 +-
 drivers/staging/lustre/lustre/llite/namei.c        |  20 +--
 drivers/staging/lustre/lustre/llite/statahead.c    |  28 ++--
 drivers/staging/lustre/lustre/llite/symlink.c      |   2 +-
 drivers/staging/lustre/lustre/llite/xattr.c        |   8 +-
 drivers/usb/gadget/legacy/inode.c                  |   2 +-
 fs/9p/acl.c                                        |   4 +-
 fs/9p/v9fs.h                                       |   2 -
 fs/9p/vfs_dentry.c                                 |   4 +-
 fs/9p/vfs_inode.c                                  | 153 +++++--------------
 fs/9p/vfs_inode_dotl.c                             |  47 ++----
 fs/9p/vfs_super.c                                  |   8 +-
 fs/adfs/inode.c                                    |   2 +-
 fs/affs/amigaffs.c                                 |   8 +-
 fs/affs/inode.c                                    |   2 +-
 fs/affs/namei.c                                    |  10 +-
 fs/afs/dir.c                                       |  42 +++---
 fs/afs/inode.c                                     |   4 +-
 fs/afs/mntpt.c                                     |   8 +-
 fs/afs/super.c                                     |   2 +-
 fs/autofs4/autofs_i.h                              |   4 +-
 fs/autofs4/expire.c                                |   2 +-
 fs/autofs4/inode.c                                 |   6 +-
 fs/autofs4/root.c                                  |  18 +--
 fs/autofs4/symlink.c                               |   2 +-
 fs/autofs4/waitq.c                                 |   4 +-
 fs/befs/linuxvfs.c                                 |   4 +-
 fs/bfs/dir.c                                       |   8 +-
 fs/binfmt_misc.c                                   |  16 +-
 fs/block_dev.c                                     |   5 +-
 fs/btrfs/export.c                                  |   6 +-
 fs/btrfs/file.c                                    |   2 +-
 fs/btrfs/inode.c                                   |  36 ++---
 fs/btrfs/ioctl.c                                   |  22 +--
 fs/btrfs/super.c                                   |   8 +-
 fs/btrfs/tree-log.c                                |  14 +-
 fs/btrfs/xattr.c                                   |  16 +-
 fs/cachefiles/bind.c                               |  10 +-
 fs/cachefiles/interface.c                          |   6 +-
 fs/cachefiles/namei.c                              | 122 +++++++--------
 fs/cachefiles/rdwr.c                               |  14 +-
 fs/cachefiles/security.c                           |   6 +-
 fs/cachefiles/xattr.c                              |  22 +--
 fs/ceph/caps.c                                     |   2 +-
 fs/ceph/debugfs.c                                  |   2 +-
 fs/ceph/dir.c                                      |  60 ++++----
 fs/ceph/export.c                                   |  28 ++--
 fs/ceph/file.c                                     |   4 +-
 fs/ceph/inode.c                                    |  52 +++----
 fs/ceph/mds_client.c                               |  24 +--
 fs/ceph/super.c                                    |   4 +-
 fs/ceph/xattr.c                                    |  16 +-
 fs/cifs/cifs_dfs_ref.c                             |   2 +-
 fs/cifs/cifsfs.c                                   |   2 +-
 fs/cifs/cifssmb.c                                  |   4 +-
 fs/cifs/dir.c                                      |   8 +-
 fs/cifs/file.c                                     |  48 +++---
 fs/cifs/inode.c                                    |  32 ++--
 fs/cifs/link.c                                     |  12 +-
 fs/cifs/misc.c                                     |   2 +-
 fs/cifs/readdir.c                                  |   4 +-
 fs/cifs/smb1ops.c                                  |   2 +-
 fs/cifs/smb2file.c                                 |   4 +-
 fs/cifs/smb2misc.c                                 |   4 +-
 fs/cifs/smb2ops.c                                  |  10 +-
 fs/cifs/xattr.c                                    |  22 +--
 fs/coda/cache.c                                    |   4 +-
 fs/coda/dir.c                                      |  22 +--
 fs/coda/inode.c                                    |   6 +-
 fs/coda/pioctl.c                                   |   2 +-
 fs/coda/upcall.c                                   |   4 +-
 fs/configfs/dir.c                                  |  70 ++++-----
 fs/configfs/file.c                                 |   4 +-
 fs/configfs/inode.c                                |  16 +-
 fs/dax.c                                           |   4 +-
 fs/debugfs/file.c                                  |   2 +-
 fs/debugfs/inode.c                                 |  56 +++----
 fs/devpts/inode.c                                  |  16 +-
 fs/direct-io.c                                     |   7 +-
 fs/ecryptfs/crypto.c                               |   4 +-
 fs/ecryptfs/dentry.c                               |   6 +-
 fs/ecryptfs/file.c                                 |   2 +-
 fs/ecryptfs/inode.c                                | 164 ++++++++++-----------
 fs/ecryptfs/kthread.c                              |   2 +-
 fs/ecryptfs/main.c                                 |   6 +-
 fs/ecryptfs/mmap.c                                 |   2 +-
 fs/efivarfs/inode.c                                |   4 +-
 fs/efivarfs/super.c                                |   2 +-
 fs/efs/namei.c                                     |   4 +-
 fs/exofs/dir.c                                     |   4 +-
 fs/exofs/inode.c                                   |   2 +-
 fs/exofs/namei.c                                   |  10 +-
 fs/exofs/super.c                                   |   2 +-
 fs/exofs/symlink.c                                 |   2 +-
 fs/ext2/dir.c                                      |   2 +-
 fs/ext2/ialloc.c                                   |   2 +-
 fs/ext2/inode.c                                    |   2 +-
 fs/ext2/namei.c                                    |  14 +-
 fs/ext2/symlink.c                                  |   2 +-
 fs/ext2/xattr.c                                    |   4 +-
 fs/ext2/xattr_security.c                           |   4 +-
 fs/ext2/xattr_trusted.c                            |   4 +-
 fs/ext2/xattr_user.c                               |   4 +-
 fs/ext3/ialloc.c                                   |   2 +-
 fs/ext3/inode.c                                    |   2 +-
 fs/ext3/namei.c                                    |  34 ++---
 fs/ext3/super.c                                    |   6 +-
 fs/ext3/symlink.c                                  |   2 +-
 fs/ext3/xattr.c                                    |  10 +-
 fs/ext3/xattr_security.c                           |   4 +-
 fs/ext3/xattr_trusted.c                            |   4 +-
 fs/ext3/xattr_user.c                               |   4 +-
 fs/ext4/fsync.c                                    |   2 +-
 fs/ext4/ialloc.c                                   |   2 +-
 fs/ext4/indirect.c                                 |   6 +-
 fs/ext4/inline.c                                   |   4 +-
 fs/ext4/inode.c                                    |   8 +-
 fs/ext4/migrate.c                                  |   2 +-
 fs/ext4/namei.c                                    |  34 ++---
 fs/ext4/super.c                                    |   6 +-
 fs/ext4/symlink.c                                  |   8 +-
 fs/ext4/xattr.c                                    |  10 +-
 fs/ext4/xattr_security.c                           |   4 +-
 fs/ext4/xattr_trusted.c                            |   4 +-
 fs/ext4/xattr_user.c                               |   4 +-
 fs/f2fs/f2fs.h                                     |   2 +-
 fs/f2fs/file.c                                     |   4 +-
 fs/f2fs/namei.c                                    |  18 +--
 fs/f2fs/xattr.c                                    |  10 +-
 fs/fat/file.c                                      |   4 +-
 fs/fat/namei_msdos.c                               |   8 +-
 fs/fat/namei_vfat.c                                |  14 +-
 fs/fat/nfs.c                                       |   4 +-
 fs/freevxfs/vxfs_immed.c                           |   2 +-
 fs/fuse/control.c                                  |   6 +-
 fs/fuse/dir.c                                      |  60 ++++----
 fs/fuse/inode.c                                    |   4 +-
 fs/gfs2/dentry.c                                   |  12 +-
 fs/gfs2/export.c                                   |   8 +-
 fs/gfs2/inode.c                                    |  34 ++---
 fs/gfs2/ops_fstype.c                               |   8 +-
 fs/gfs2/super.c                                    |   2 +-
 fs/gfs2/xattr.c                                    |   6 +-
 fs/hfs/attr.c                                      |   6 +-
 fs/hfs/dir.c                                       |   8 +-
 fs/hfs/inode.c                                     |   2 +-
 fs/hfs/sysdep.c                                    |   2 +-
 fs/hfsplus/dir.c                                   |  12 +-
 fs/hfsplus/inode.c                                 |   2 +-
 fs/hfsplus/ioctl.c                                 |   2 +-
 fs/hfsplus/xattr.c                                 |   4 +-
 fs/hostfs/hostfs_kern.c                            |   2 +-
 fs/hpfs/inode.c                                    |   2 +-
 fs/hpfs/namei.c                                    |   8 +-
 fs/hppfs/hppfs.c                                   |  20 +--
 fs/hugetlbfs/inode.c                               |   4 +-
 fs/inode.c                                         |  20 +--
 fs/isofs/export.c                                  |   2 +-
 fs/jffs2/dir.c                                     |  40 ++---
 fs/jffs2/fs.c                                      |   2 +-
 fs/jffs2/security.c                                |   4 +-
 fs/jffs2/super.c                                   |   4 +-
 fs/jffs2/symlink.c                                 |   2 +-
 fs/jffs2/xattr.c                                   |   2 +-
 fs/jffs2/xattr_trusted.c                           |   4 +-
 fs/jffs2/xattr_user.c                              |   4 +-
 fs/jfs/file.c                                      |   2 +-
 fs/jfs/namei.c                                     |  18 +--
 fs/jfs/symlink.c                                   |   2 +-
 fs/jfs/xattr.c                                     |  12 +-
 fs/kernfs/dir.c                                    |   2 +-
 fs/kernfs/inode.c                                  |   8 +-
 fs/libfs.c                                         |  26 ++--
 fs/logfs/dir.c                                     |  14 +-
 fs/logfs/file.c                                    |   2 +-
 fs/minix/dir.c                                     |   4 +-
 fs/minix/file.c                                    |   2 +-
 fs/minix/inode.c                                   |   4 +-
 fs/minix/namei.c                                   |  10 +-
 fs/ncpfs/dir.c                                     |  48 +++---
 fs/ncpfs/inode.c                                   |   6 +-
 fs/ncpfs/ioctl.c                                   |   8 +-
 fs/ncpfs/ncplib_kernel.c                           |   2 +-
 fs/ncpfs/symlink.c                                 |   2 +-
 fs/nfs/dir.c                                       |  59 ++++----
 fs/nfs/direct.c                                    |  14 +-
 fs/nfs/getroot.c                                   |   4 +-
 fs/nfs/inode.c                                     |  18 +--
 fs/nfs/namespace.c                                 |  10 +-
 fs/nfs/nfs3acl.c                                   |   2 +-
 fs/nfs/nfs3proc.c                                  |  12 +-
 fs/nfs/nfs4client.c                                |   2 +-
 fs/nfs/nfs4file.c                                  |   4 +-
 fs/nfs/nfs4namespace.c                             |   4 +-
 fs/nfs/nfs4proc.c                                  |  60 ++++----
 fs/nfs/nfs4state.c                                 |   4 +-
 fs/nfs/nfs4trace.h                                 |   4 +-
 fs/nfs/pagelist.c                                  |   2 +-
 fs/nfs/pnfs.h                                      |   4 +-
 fs/nfs/proc.c                                      |   4 +-
 fs/nfs/read.c                                      |   2 +-
 fs/nfs/super.c                                     |   6 +-
 fs/nfs/symlink.c                                   |   2 +-
 fs/nfs/unlink.c                                    |  20 +--
 fs/nfs/write.c                                     |   8 +-
 fs/nfsd/export.c                                   |   4 +-
 fs/nfsd/nfs2acl.c                                  |   8 +-
 fs/nfsd/nfs3acl.c                                  |   8 +-
 fs/nfsd/nfs3proc.c                                 |   6 +-
 fs/nfsd/nfs3xdr.c                                  |  16 +-
 fs/nfsd/nfs4acl.c                                  |   4 +-
 fs/nfsd/nfs4proc.c                                 |  12 +-
 fs/nfsd/nfs4recover.c                              |  22 +--
 fs/nfsd/nfs4state.c                                |   4 +-
 fs/nfsd/nfs4xdr.c                                  |  10 +-
 fs/nfsd/nfsfh.c                                    |  20 +--
 fs/nfsd/nfsfh.h                                    |   6 +-
 fs/nfsd/nfsproc.c                                  |   4 +-
 fs/nfsd/nfsxdr.c                                   |   2 +-
 fs/nfsd/vfs.c                                      |  62 ++++----
 fs/nfsd/xdr4.h                                     |   2 +-
 fs/nilfs2/dir.c                                    |   2 +-
 fs/nilfs2/inode.c                                  |   2 +-
 fs/nilfs2/namei.c                                  |  18 +--
 fs/nilfs2/super.c                                  |   6 +-
 fs/nsfs.c                                          |   4 +-
 fs/ntfs/inode.c                                    |   2 +-
 fs/ntfs/namei.c                                    |   4 +-
 fs/ocfs2/dcache.c                                  |  14 +-
 fs/ocfs2/dir.h                                     |   2 +-
 fs/ocfs2/dlmfs/dlmfs.c                             |   4 +-
 fs/ocfs2/export.c                                  |   2 +-
 fs/ocfs2/file.c                                    |   8 +-
 fs/ocfs2/inode.c                                   |   2 +-
 fs/ocfs2/namei.c                                   |  14 +-
 fs/ocfs2/refcounttree.c                            |  10 +-
 fs/ocfs2/xattr.c                                   |  22 +--
 fs/omfs/dir.c                                      |  10 +-
 fs/omfs/file.c                                     |   2 +-
 fs/pipe.c                                          |   2 +-
 fs/posix_acl.c                                     |   8 +-
 fs/proc/base.c                                     |  32 ++--
 fs/proc/fd.c                                       |   6 +-
 fs/proc/generic.c                                  |   4 +-
 fs/proc/inode.c                                    |   2 +-
 fs/proc/namespaces.c                               |   4 +-
 fs/proc/proc_net.c                                 |   2 +-
 fs/proc/proc_sysctl.c                              |  12 +-
 fs/proc/root.c                                     |   2 +-
 fs/proc/self.c                                     |   2 +-
 fs/proc/thread_self.c                              |   2 +-
 fs/pstore/inode.c                                  |  10 +-
 fs/qnx6/inode.c                                    |   2 +-
 fs/quota/dquot.c                                   |  10 +-
 fs/ramfs/file-nommu.c                              |   2 +-
 fs/reiserfs/dir.c                                  |   4 +-
 fs/reiserfs/inode.c                                |   2 +-
 fs/reiserfs/namei.c                                |  12 +-
 fs/reiserfs/super.c                                |   4 +-
 fs/reiserfs/xattr.c                                | 126 ++++++++--------
 fs/reiserfs/xattr.h                                |   2 +-
 fs/reiserfs/xattr_security.c                       |  10 +-
 fs/reiserfs/xattr_trusted.c                        |  10 +-
 fs/reiserfs/xattr_user.c                           |   4 +-
 fs/squashfs/export.c                               |   2 +-
 fs/squashfs/xattr.c                                |   8 +-
 fs/stat.c                                          |   4 +-
 fs/sysv/dir.c                                      |   4 +-
 fs/sysv/file.c                                     |   2 +-
 fs/sysv/itree.c                                    |   2 +-
 fs/sysv/namei.c                                    |  10 +-
 fs/sysv/symlink.c                                  |   2 +-
 fs/ubifs/dir.c                                     |  14 +-
 fs/ubifs/file.c                                    |   4 +-
 fs/ubifs/journal.c                                 |   4 +-
 fs/ubifs/xattr.c                                   |  10 +-
 fs/udf/file.c                                      |   2 +-
 fs/udf/namei.c                                     |  16 +-
 fs/ufs/dir.c                                       |   2 +-
 fs/ufs/namei.c                                     |  10 +-
 fs/ufs/super.c                                     |   4 +-
 fs/ufs/symlink.c                                   |   2 +-
 fs/ufs/truncate.c                                  |   2 +-
 fs/xfs/xfs_export.c                                |   2 +-
 fs/xfs/xfs_filestream.c                            |   2 +-
 fs/xfs/xfs_ioctl.c                                 |  18 +--
 fs/xfs/xfs_ioctl32.c                               |  12 +-
 fs/xfs/xfs_iops.c                                  |  20 +--
 fs/xfs/xfs_super.c                                 |   2 +-
 fs/xfs/xfs_xattr.c                                 |   6 +-
 include/linux/fs.h                                 |  29 +++-
 include/trace/events/btrfs.h                       |   4 +-
 include/trace/events/ext3.h                        |  16 +-
 include/trace/events/ext4.h                        |  16 +-
 ipc/mqueue.c                                       |  22 +--
 ipc/shm.c                                          |   2 +-
 kernel/audit.c                                     |   2 +-
 kernel/audit_tree.c                                |   4 +-
 kernel/audit_watch.c                               |  14 +-
 kernel/auditsc.c                                   |   6 +-
 kernel/relay.c                                     |   4 +-
 kernel/trace/trace.c                               |   2 +-
 kernel/trace/trace_events.c                        |   4 +-
 kernel/trace/trace_uprobe.c                        |   2 +-
 mm/shmem.c                                         |  30 ++--
 net/socket.c                                       |   6 +-
 net/sunrpc/rpc_pipe.c                              |  32 ++--
 net/unix/af_unix.c                                 |   8 +-
 net/unix/diag.c                                    |   2 +-
 security/apparmor/apparmorfs.c                     |   2 +-
 security/apparmor/file.c                           |   6 +-
 security/apparmor/lsm.c                            |  18 +--
 security/commoncap.c                               |   6 +-
 security/inode.c                                   |  18 +--
 security/integrity/evm/evm_crypto.c                |   4 +-
 security/integrity/evm/evm_main.c                  |  18 +--
 security/integrity/ima/ima_appraise.c              |  10 +-
 security/lsm_audit.c                               |   4 +-
 security/security.c                                |  50 +++----
 security/selinux/hooks.c                           |  36 ++---
 security/selinux/selinuxfs.c                       |   2 +-
 security/smack/smack_lsm.c                         |  46 +++---
 security/smack/smackfs.c                           |   2 +-
 security/tomoyo/condition.c                        |   2 +-
 security/tomoyo/realpath.c                         |  10 +-
 342 files changed, 1897 insertions(+), 1980 deletions(-)
$ git am -3 ../patches/0001-fs-hfsplus-merge-fix-for-d_inode-annotation.patch
Applying: fs/hfsplus: merge fix for d_inode() annotation
$ git reset HEAD^
Unstaged changes after reset:
M	fs/hfsplus/xattr.c
$ git add -A .
$ git commit -v -a --amend
[master 6d3e658321dc] Merge remote-tracking branch 'vfs/for-next'
 Date: Mon Apr 27 10:01:50 2015 +1000
Merging pci/next (5468d5a64bf1 Merge branch 'pci/misc' into next)
$ git merge pci/next
Already up-to-date.
Merging hid/for-next (e7f236eb0af9 Merge branch 'for-4.1/sensor-hub' into for-next)
$ git merge hid/for-next
Merge made by the 'recursive' strategy.
Merging i2c/i2c/for-next (fcdd5f09c03b i2c: st: add include for pinctrl)
$ git merge i2c/i2c/for-next
Merge made by the 'recursive' strategy.
 drivers/i2c/busses/i2c-digicolor.c    |  3 +--
 drivers/i2c/busses/i2c-mxs.c          |  2 +-
 drivers/i2c/busses/i2c-pca-platform.c |  2 +-
 drivers/i2c/busses/i2c-rk3x.c         |  2 +-
 drivers/i2c/busses/i2c-st.c           | 13 +++++++------
 drivers/i2c/i2c-core.c                |  2 ++
 drivers/i2c/i2c-mux.c                 |  8 +++++---
 7 files changed, 18 insertions(+), 14 deletions(-)
Merging jdelvare-hwmon/master (26bc420b59a3 Linux 3.19-rc6)
$ git merge jdelvare-hwmon/master
Already up-to-date.
Merging hwmon-staging/hwmon-next (f354169e0f7d hwmon: (pwm-fan) Update the duty cycle inorder to control the pwm-fan)
$ git merge hwmon-staging/hwmon-next
Already up-to-date.
Merging v4l-dvb/master (bfb4e26f2532 Merge branch 'patchwork' into to_next)
$ git merge v4l-dvb/master
Already up-to-date!
Merge made by the 'recursive' strategy.
Merging kbuild/for-next (1be735fc0329 Merge branch 'kbuild/misc' into kbuild/for-next)
$ git merge kbuild/for-next
Auto-merging lib/Kconfig.debug
Auto-merging init/Kconfig
Auto-merging arch/x86/Kconfig
Auto-merging Makefile
Merge made by the 'recursive' strategy.
 Documentation/lto-build  | 173 +++++++++++++++++++++++++++++++++++++++++++++++
 Makefile                 |  19 +++++-
 arch/x86/Kconfig         |   2 +-
 init/Kconfig             |  73 ++++++++++++++++++++
 kernel/gcov/Kconfig      |   2 +-
 lib/Kconfig.debug        |   2 +-
 scripts/Makefile.lto     |  84 +++++++++++++++++++++++
 scripts/Makefile.modpost |   7 +-
 scripts/link-vmlinux.sh  |   2 +-
 9 files changed, 356 insertions(+), 8 deletions(-)
 create mode 100644 Documentation/lto-build
 create mode 100644 scripts/Makefile.lto
Merging kconfig/for-next (bfa76d495765 Linux 3.19)
$ git merge kconfig/for-next
Already up-to-date.
Merging libata/for-next (09c5b4803a80 libata: Ignore spurious PHY event on LPM policy change)
$ git merge libata/for-next
Removing drivers/ide/scc_pata.c
Removing drivers/ata/pata_scc.c
Merge made by the 'recursive' strategy.
 drivers/ata/Kconfig       |    9 -
 drivers/ata/Makefile      |    1 -
 drivers/ata/ahci_st.c     |   49 +-
 drivers/ata/libahci.c     |    3 +-
 drivers/ata/libata-core.c |   32 ++
 drivers/ata/libata-eh.c   |    3 +
 drivers/ata/pata_scc.c    | 1110 ---------------------------------------------
 drivers/ide/Kconfig       |    9 -
 drivers/ide/Makefile      |    1 -
 drivers/ide/scc_pata.c    |  887 ------------------------------------
 include/linux/libata.h    |   10 +
 11 files changed, 70 insertions(+), 2044 deletions(-)
 delete mode 100644 drivers/ata/pata_scc.c
 delete mode 100644 drivers/ide/scc_pata.c
Merging pm/linux-next (e0155a99b28f Merge branches 'acpi-dock', 'acpi-ec' and 'acpi-scan')
$ git merge pm/linux-next
Already up-to-date.
Merging idle/next (9d72137b1930 Merge branch 'cpu-online-next' into next)
$ git merge idle/next
Auto-merging arch/x86/kernel/smpboot.c
Auto-merging arch/x86/Kconfig
Auto-merging Documentation/kernel-parameters.txt
Merge made by the 'recursive' strategy.
 Documentation/kernel-parameters.txt |  7 +++++++
 arch/x86/Kconfig                    | 16 ++++++++++++++++
 arch/x86/kernel/smpboot.c           | 16 +++++++++++++++-
 3 files changed, 38 insertions(+), 1 deletion(-)
Merging apm/for-next (53675abbd1e5 x86, apm: Remove unused variable)
$ git merge apm/for-next
Already up-to-date.
Merging thermal/next (75229df63655 Merge branches 'thermal-fix', 'thermal-intel' and 'thermal-soc' of .git into next)
$ git merge thermal/next
Auto-merging drivers/thermal/thermal_core.c
Merge made by the 'recursive' strategy.
 .../bindings/thermal/qcom-spmi-temp-alarm.txt      |  57 ++
 .../devicetree/bindings/thermal/thermal.txt        |   9 +
 Documentation/thermal/cpu-cooling-api.txt          | 156 +++++-
 Documentation/thermal/power_allocator.txt          | 247 +++++++++
 Documentation/thermal/sysfs-api.txt                |  83 ++-
 drivers/acpi/thermal.c                             |   9 +-
 drivers/platform/x86/acerhdf.c                     |   3 +-
 drivers/thermal/Kconfig                            |  60 ++-
 drivers/thermal/Makefile                           |   4 +
 drivers/thermal/cpu_cooling.c                      | 585 ++++++++++++++++++++-
 drivers/thermal/db8500_thermal.c                   |   2 +-
 drivers/thermal/fair_share.c                       |  41 +-
 drivers/thermal/imx_thermal.c                      |   3 +-
 .../int340x_thermal/processor_thermal_device.c     |  55 +-
 drivers/thermal/intel_powerclamp.c                 |   9 +-
 drivers/thermal/intel_quark_dts_thermal.c          | 473 +++++++++++++++++
 drivers/thermal/intel_soc_dts_iosf.c               | 483 +++++++++++++++++
 drivers/thermal/intel_soc_dts_iosf.h               |  62 +++
 drivers/thermal/intel_soc_dts_thermal.c            | 430 +--------------
 drivers/thermal/of-thermal.c                       |  15 +-
 drivers/thermal/power_allocator.c                  | 538 +++++++++++++++++++
 drivers/thermal/qcom-spmi-temp-alarm.c             | 309 +++++++++++
 drivers/thermal/samsung/exynos_tmu.c               | 187 ++++++-
 drivers/thermal/samsung/exynos_tmu.h               |   1 +
 drivers/thermal/thermal_core.c                     | 310 ++++++++++-
 drivers/thermal/thermal_core.h                     |  13 +-
 drivers/thermal/ti-soc-thermal/ti-bandgap.c        | 104 ++--
 drivers/thermal/ti-soc-thermal/ti-thermal-common.c |   5 +-
 drivers/thermal/user_space.c                       |  13 +-
 drivers/thermal/x86_pkg_temp_thermal.c             |   2 +-
 include/linux/cpu_cooling.h                        |  39 ++
 include/linux/thermal.h                            |  86 ++-
 include/trace/events/thermal.h                     |  58 ++
 include/trace/events/thermal_power_allocator.h     |  87 +++
 34 files changed, 3986 insertions(+), 552 deletions(-)
 create mode 100644 Documentation/devicetree/bindings/thermal/qcom-spmi-temp-alarm.txt
 create mode 100644 Documentation/thermal/power_allocator.txt
 create mode 100644 drivers/thermal/intel_quark_dts_thermal.c
 create mode 100644 drivers/thermal/intel_soc_dts_iosf.c
 create mode 100644 drivers/thermal/intel_soc_dts_iosf.h
 create mode 100644 drivers/thermal/power_allocator.c
 create mode 100644 drivers/thermal/qcom-spmi-temp-alarm.c
 create mode 100644 include/trace/events/thermal_power_allocator.h
Merging thermal-soc/next (62d0817a0aca Merge branch 'work-linus' into work-next)
$ git merge thermal-soc/next
Merge made by the 'recursive' strategy.
Merging ieee1394/for-next (d71e6a11737f firewire: core: use correct vendor/model IDs)
$ git merge ieee1394/for-next
Already up-to-date.
Merging dlm/next (2ab4bd8ea3a6 dlm: adopt orphan locks)
$ git merge dlm/next
Already up-to-date.
Merging swiotlb/linux-next (8e0629c1d4ce swiotlb: don't assume PA 0 is invalid)
$ git merge swiotlb/linux-next
Already up-to-date.
Merging slave-dma/next (a49d0296b726 Merge branch 'for-linus' into next)
$ git merge slave-dma/next
Already up-to-date!
Merge made by the 'recursive' strategy.
Merging net-next/master (04b7fe6a4a23 Merge git://git.kernel.org/pub/scm/linux/kernel/git/davem/ide)
$ git merge net-next/master
Already up-to-date.
Merging ipsec-next/master (04b7fe6a4a23 Merge git://git.kernel.org/pub/scm/linux/kernel/git/davem/ide)
$ git merge ipsec-next/master
Already up-to-date.
Merging wireless-drivers-next/master (f56d9e23b78e ssb: add delay after PCI reset to fix SoC reboots)
$ git merge wireless-drivers-next/master
Already up-to-date.
Merging bluetooth/master (35ef6e90d198 Bluetooth: btusb: off by one in rtl8723b_parse_firmware())
$ git merge bluetooth/master
Merge made by the 'recursive' strategy.
 drivers/bluetooth/bt3c_cs.c |   3 -
 drivers/bluetooth/btbcm.c   | 148 ++++++++--------
 drivers/bluetooth/btbcm.h   |   6 +
 drivers/bluetooth/btusb.c   | 403 +++++++++++++++++++++++++++++++++++++++++++-
 drivers/bluetooth/hci_ath.c |  98 +++++++----
 5 files changed, 549 insertions(+), 109 deletions(-)
Merging infiniband/for-next (c1c2fef6cfb0 Merge branches 'cve-fixup', 'ipoib', 'iser', 'misc-4.1', 'or-mlx4' and 'srp' into for-4.1)
$ git merge infiniband/for-next
Already up-to-date.
Merging mtd/master (3e550d2396d9 Merge MTD fixes from 4.0 into -next)
$ git merge mtd/master
Already up-to-date.
Merging l2-mtd/master (3e550d2396d9 Merge MTD fixes from 4.0 into -next)
$ git merge l2-mtd/master
Already up-to-date.
Merging crypto/master (10d87b730e1d crypto: nx - Fixing SHA update bug)
$ git merge crypto/master
Auto-merging drivers/crypto/Kconfig
Merge made by the 'recursive' strategy.
 .../devicetree/bindings/crypto/fsl-sec2.txt        |   6 +-
 arch/arm64/crypto/aes-ce-ccm-glue.c                |   2 +-
 arch/x86/crypto/sha-mb/sha1_mb.c                   |   3 +-
 crypto/ablkcipher.c                                |   2 +-
 crypto/aead.c                                      |   2 +-
 crypto/algapi.c                                    |  14 +-
 crypto/algif_aead.c                                |   1 +
 crypto/algif_rng.c                                 |   2 +-
 crypto/ansi_cprng.c                                |  88 ++-
 crypto/drbg.c                                      | 380 ++++-------
 crypto/fips.c                                      |  53 +-
 crypto/internal.h                                  |   3 +-
 crypto/krng.c                                      |  33 +-
 crypto/pcompress.c                                 |   7 +-
 crypto/proc.c                                      |  41 --
 crypto/rng.c                                       | 105 ++-
 crypto/shash.c                                     |   7 +-
 crypto/tcrypt.c                                    |   9 +-
 crypto/testmgr.c                                   |   2 +
 drivers/crypto/Kconfig                             |  18 +
 drivers/crypto/caam/caamalg.c                      |   4 -
 drivers/crypto/mv_cesa.c                           |   2 +-
 drivers/crypto/nx/nx-sha256.c                      |  84 ++-
 drivers/crypto/nx/nx-sha512.c                      |  85 ++-
 drivers/crypto/nx/nx.c                             |  69 +-
 drivers/crypto/nx/nx.h                             |   2 -
 drivers/crypto/talitos.c                           | 727 +++++++++++++++------
 drivers/crypto/talitos.h                           | 153 +++--
 include/crypto/drbg.h                              |  54 +-
 include/crypto/internal/rng.h                      |  12 +-
 include/crypto/rng.h                               | 100 ++-
 include/linux/crypto.h                             |  42 --
 include/linux/module.h                             |  12 +
 net/mac80211/aes_ccm.c                             |   3 +-
 net/mac80211/aes_gcm.c                             |   3 +-
 net/mac80211/aes_gmac.c                            |   2 +-
 net/mac802154/llsec.c                              |   3 +-
 37 files changed, 1234 insertions(+), 901 deletions(-)
Merging drm/drm-next (cec32a470106 media-bus: Fixup RGB444_1X12, RGB565_1X16, and YUV8_1X24 media bus format)
$ git merge drm/drm-next
Already up-to-date.
Merging drm-panel/drm/panel/for-next (1c550fa193d0 drm/panel: Add support for Ampire AM-800480R3TMQW-A1H 800x480 7" panel)
$ git merge drm-panel/drm/panel/for-next
Already up-to-date.
Merging drm-intel/for-linux-next (b5f1c97f9444 drm/i915: vlv: fix save/restore of GFX_MAX_REQ_COUNT reg)
$ git merge drm-intel/for-linux-next
Auto-merging drivers/gpu/drm/i915/i915_drv.c
Merge made by the 'recursive' strategy.
 drivers/gpu/drm/i915/i915_drv.c  |  4 +--
 drivers/gpu/drm/i915/i915_gem.c  |  3 +-
 drivers/gpu/drm/i915/i915_reg.h  |  1 +
 drivers/gpu/drm/i915/intel_i2c.c | 66 ++++++++++++++++++++++++++++++++++------
 drivers/gpu/drm/i915/intel_lrc.c | 35 ++++++++++++++++++++-
 5 files changed, 95 insertions(+), 14 deletions(-)
Merging drm-tegra/drm/tegra/for-next (535a65db484f drm/tegra: sor: Reset during initialization)
$ git merge drm-tegra/drm/tegra/for-next
Already up-to-date.
Merging drm-misc/topic/drm-misc (a3c6d686443e DRM: Don't re-poll connector for disconnect)
$ git merge drm-misc/topic/drm-misc
Auto-merging drivers/gpu/drm/drm_probe_helper.c
Auto-merging drivers/gpu/drm/drm_atomic_helper.c
Merge made by the 'recursive' strategy.
 drivers/gpu/drm/drm_atomic_helper.c       |  3 ++-
 drivers/gpu/drm/drm_dp_helper.c           | 12 +++++++++---
 drivers/gpu/drm/drm_probe_helper.c        |  4 ++--
 drivers/gpu/drm/i915/intel_atomic_plane.c |  4 ----
 4 files changed, 13 insertions(+), 10 deletions(-)
Merging drm-exynos/exynos-drm/for-next (3cf711584d3e drm/exynos: Fix FIMD buffer size calculation)
$ git merge drm-exynos/exynos-drm/for-next
Merge made by the 'recursive' strategy.
Merging drm-msm/msm-next (d5af49c92a8a drm/msm/mdp5: Enable DSI connector in msm drm driver)
$ git merge drm-msm/msm-next
Already up-to-date.
Merging sound/for-next (e8191a8e4755 ALSA: hda - fix headset mic detection problem for one more machine)
$ git merge sound/for-next
Already up-to-date.
Merging sound-asoc/for-next (638b0b45b62c Merge remote-tracking branches 'asoc/fix/rt5677', 'asoc/fix/samsung' and 'asoc/fix/tfa9879' into asoc-linus)
$ git merge sound-asoc/for-next
Auto-merging include/sound/soc.h
Merge made by the 'recursive' strategy.
 include/sound/soc-dapm.h                    |  2 +-
 include/sound/soc.h                         | 12 ++++++++++++
 sound/soc/codecs/rt5645.c                   | 11 +++++++++++
 sound/soc/codecs/rt5677.c                   |  3 +++
 sound/soc/codecs/tfa9879.c                  |  4 ++--
 sound/soc/fsl/fsl_ssi.c                     |  2 +-
 sound/soc/intel/Makefile                    |  2 +-
 sound/soc/intel/baytrail/sst-baytrail-ipc.c |  1 -
 sound/soc/intel/haswell/sst-haswell-ipc.c   |  1 -
 sound/soc/qcom/lpass-cpu.c                  |  2 +-
 sound/soc/samsung/s3c24xx-i2s.c             |  4 ++--
 sound/soc/sh/rcar/dma.c                     |  1 +
 12 files changed, 35 insertions(+), 10 deletions(-)
Merging modules/modules-next (4a3893d069b7 modpost: don't emit section mismatch warnings for compiler optimizations)
$ git merge modules/modules-next
Already up-to-date.
Merging virtio/virtio-next (9abbfb486f5c virtio: drop virtio_device_is_legacy_only)
$ git merge virtio/virtio-next
Already up-to-date.
Merging input/next (c9eeb5084b27 Input: lm8333 - fix broken email address)
$ git merge input/next
Already up-to-date.
Merging block/for-next (889fa31f00b2 blk-mq: reduce unnecessary software queue looping)
$ git merge block/for-next
Already up-to-date.
Merging device-mapper/for-next (44c144f9c8e8 dm crypt: fix missing error code return from crypt_ctr error path)
$ git merge device-mapper/for-next
Already up-to-date.
Merging mmc/mmc-next (11bc9381b277 mmc: sdhci-s3c: use mmc_of_parse and remove the card_tasklet)
$ git merge mmc/mmc-next
Already up-to-date.
Merging mmc-uh/next (45c3644adb35 mmc: core: add missing pm event in mmc_pm_notify to fix hib restore)
$ git merge mmc-uh/next
Merge made by the 'recursive' strategy.
 drivers/mmc/core/core.c | 1 +
 1 file changed, 1 insertion(+)
Merging kgdb/kgdb-next (2d289f14f00a kdb: Fix handling of kallsyms_symbol_next() return value)
$ git merge kgdb/kgdb-next
Merge made by the 'recursive' strategy.
 kernel/debug/kdb/kdb_io.c | 2 +-
 1 file changed, 1 insertion(+), 1 deletion(-)
Merging md/for-next (9ffc8f7cb964 md/raid5: don't do chunk aligned read on degraded array.)
$ git merge md/for-next
Already up-to-date.
Merging mfd/for-mfd-next (e554a99ee8d0 mfd: sec: Fix RTC alarm interrupt number on S2MPS11)
$ git merge mfd/for-mfd-next
Already up-to-date.
Merging backlight/for-backlight-next (b1f85c0fec20 backlight: da9052_bl: Terminate da9052_wled_ids array with empty element)
$ git merge backlight/for-backlight-next
Already up-to-date.
Merging battery/master (5939d9dfe440 power: twl4030_madc_battery: Add missing MODULE_ALIAS)
$ git merge battery/master
Already up-to-date.
Merging omap_dss2/for-next (72fc8b7187cd Merge branches '4.1/fbdev' and '4.1/omapdss' into for-next)
$ git merge omap_dss2/for-next
Merge made by the 'recursive' strategy.
 drivers/video/fbdev/omap2/dss/hdmi4.c | 50 +++++++++++++++++++++++++++++++++++
 drivers/video/fbdev/omap2/dss/hdmi5.c | 50 +++++++++++++++++++++++++++++++++++
 2 files changed, 100 insertions(+)
Merging regulator/for-next (9bb44e072b07 Merge remote-tracking branches 'regulator/fix/doc' and 'regulator/fix/max77686' into regulator-linus)
$ git merge regulator/for-next
Merge made by the 'recursive' strategy.
 drivers/regulator/helpers.c  | 2 +-
 drivers/regulator/max77686.c | 2 +-
 2 files changed, 2 insertions(+), 2 deletions(-)
Merging security/next (5deeb5cece3f lsm: copy comm before calling audit_log to avoid race in string printing)
$ git merge security/next
Already up-to-date.
Merging integrity/next (f46131eeef79 KEYS: fix "ca_keys=" partial key matching)
$ git merge integrity/next
Auto-merging security/integrity/evm/evm_main.c
Merge made by the 'recursive' strategy.
 Documentation/ABI/testing/ima_policy     |  3 +++
 crypto/asymmetric_keys/asymmetric_keys.h |  3 +++
 crypto/asymmetric_keys/asymmetric_type.c | 20 ++++++++++++++------
 crypto/asymmetric_keys/x509_public_key.c | 29 +++++++++++++++++++++++------
 security/integrity/evm/evm_main.c        | 11 +++++++++++
 security/integrity/ima/ima_policy.c      | 16 +++++++---------
 6 files changed, 61 insertions(+), 21 deletions(-)
Merging selinux/next (cf7b6c0205f1 selinux: increase avtab max buckets)
$ git merge selinux/next
Already up-to-date.
Merging lblnet/next (b2776bf7149b Linux 3.18)
$ git merge lblnet/next
Already up-to-date.
Merging watchdog/master (fe92a2e35727 watchdog: octeon: use fixed length string for register names)
$ git merge watchdog/master
Merge made by the 'recursive' strategy.
Merging iommu/next (7f65ef01e131 Merge branches 'iommu/fixes', 'x86/vt-d', 'x86/amd', 'arm/smmu', 'arm/tegra' and 'core' into next)
$ git merge iommu/next
Already up-to-date.
Merging dwmw2-iommu/master (03ecc32c5274 iommu/vt-d: support extended root and context entries)
$ git merge dwmw2-iommu/master
Auto-merging drivers/iommu/intel_irq_remapping.c
Auto-merging drivers/iommu/intel-iommu.c
Merge made by the 'recursive' strategy.
 drivers/iommu/intel-iommu.c         | 142 +++++++++++++++++-------------------
 drivers/iommu/intel_irq_remapping.c |   5 +-
 include/linux/intel-iommu.h         |  18 ++++-
 3 files changed, 82 insertions(+), 83 deletions(-)
Merging vfio/next (5a0ff17741c1 vfio-pci: Fix use after free)
$ git merge vfio/next
Already up-to-date.
Merging osd/linux-next (1fa3a002b254 Boaz Harrosh - fix email in Documentation)
$ git merge osd/linux-next
Already up-to-date.
Merging jc_docs/docs-next (197175427a22 Documentation/memcg: update memcg/kmem status)
$ git merge jc_docs/docs-next
Already up-to-date.
Merging trivial/for-next (0e4f93e5017d goldfish: goldfish_tty_probe() is not using 'i' any more)
$ git merge trivial/for-next
Already up-to-date.
Merging audit/next (39a8804455fb Linux 4.0)
$ git merge audit/next
Already up-to-date.
Merging devicetree/devicetree/next (a2166ca5f320 Merge remote-tracking branch 'robh/for-next' into devicetree/next)
$ git merge devicetree/devicetree/next
Already up-to-date.
Merging dt-rh/for-next (04fca0e390e8 frv: add io{read,write}{16,32}be functions)
$ git merge dt-rh/for-next
Already up-to-date.
Merging mailbox/mailbox-for-next (ee23d66af921 mailbox: arm_mhu: add driver for ARM MHU controller)
$ git merge mailbox/mailbox-for-next
Already up-to-date.
Merging spi/for-next (c29133f74692 Merge remote-tracking branches 'spi/fix/bcm2835', 'spi/fix/bcm2835-code', 'spi/fix/bitbang', 'spi/fix/fsl-cpm', 'spi/fix/fsl-espi' and 'spi/fix/omap2-mcspi' into spi-linus)
$ git merge spi/for-next
Merge made by the 'recursive' strategy.
 drivers/spi/Kconfig           |  1 +
 drivers/spi/spi-bcm2835.c     |  5 ++---
 drivers/spi/spi-bitbang.c     | 17 +++++++++-------
 drivers/spi/spi-fsl-cpm.c     | 35 +++++++++++++++++----------------
 drivers/spi/spi-fsl-espi.c    | 45 +++++++++++++++++++++++++++++--------------
 drivers/spi/spi-omap2-mcspi.c | 16 +++++++++++----
 drivers/spi/spi.c             |  9 +++++++++
 7 files changed, 83 insertions(+), 45 deletions(-)
Merging tip/auto-latest (88256d924879 Merge branch 'x86/urgent')
$ git merge tip/auto-latest
Auto-merging lib/Kconfig.debug
Merge made by the 'recursive' strategy.
 arch/x86/include/asm/uaccess_32.h |  4 ++++
 arch/x86/kernel/acpi/wakeup_64.S  |  6 +++---
 arch/x86/kernel/asm-offsets.c     | 19 +++++++++++++++++++
 arch/x86/kernel/asm-offsets_32.c  | 18 ------------------
 arch/x86/kernel/asm-offsets_64.c  | 21 ---------------------
 arch/x86/mm/ioremap.c             | 14 ++++++++------
 arch/x86/power/hibernate_asm_64.S |  8 ++++----
 kernel/rcu/tree.c                 | 16 +++++++++-------
 kernel/sched/auto_group.c         |  4 ----
 lib/Kconfig.debug                 |  1 +
 10 files changed, 48 insertions(+), 63 deletions(-)
Merging clockevents/clockevents/next (4c8305221193 clocksource: Driver for Conexant Digicolor SoC timer)
$ git merge clockevents/clockevents/next
Resolved 'arch/arm/mach-rockchip/Kconfig' using previous resolution.
Resolved 'drivers/clocksource/Kconfig' using previous resolution.
Resolved 'drivers/clocksource/rockchip_timer.c' using previous resolution.
Auto-merging drivers/clocksource/rockchip_timer.c
CONFLICT (add/add): Merge conflict in drivers/clocksource/rockchip_timer.c
Auto-merging drivers/clocksource/Kconfig
CONFLICT (content): Merge conflict in drivers/clocksource/Kconfig
Auto-merging arch/arm/mach-rockchip/Kconfig
CONFLICT (content): Merge conflict in arch/arm/mach-rockchip/Kconfig
Automatic merge failed; fix conflicts and then commit the result.
$ git commit -v -a
[master 6a82c5c7eab7] Merge remote-tracking branch 'clockevents/clockevents/next'
$ git diff -M --stat --summary HEAD^..
Merging edac/linux_next (fec53af531dd sb_edac: Fix typo computing number of banks)
$ git merge edac/linux_next
Already up-to-date.
Merging edac-amd/for-next (1afaa0551521 EDAC: Constify of_device_id array)
$ git merge edac-amd/for-next
Already up-to-date.
Merging irqchip/irqchip/for-next (a8bcdc32fafb Merge branch 'irqchip/core' into irqchip/for-next)
$ git merge irqchip/irqchip/for-next
Already up-to-date!
Merge made by the 'recursive' strategy.
Merging tiny/tiny/next (f114040e3ea6 Linux 3.18-rc1)
$ git merge tiny/tiny/next
Already up-to-date.
Merging ftrace/for-next (c4b00d27e405 Merge branch 'for-next/ftrace/core' into trace/for-next)
$ git merge ftrace/for-next
Already up-to-date!
Merge made by the 'recursive' strategy.
Merging rcu/rcu/next (8d7dc9283f39 rcu: Control grace-period delays directly from value)
$ git merge rcu/rcu/next
Already up-to-date.
Merging kvm/linux-next (2fa462f82621 Merge tag 'kvm-arm-for-4.1-take2' of git://git.kernel.org/pub/scm/linux/kernel/git/kvmarm/kvmarm into kvm-master)
$ git merge kvm/linux-next
Already up-to-date.
Merging kvm-arm/next (fd1d0ddf2ae9 KVM: arm/arm64: check IRQ number on userland injection)
$ git merge kvm-arm/next
Already up-to-date.
Merging kvm-ppc/kvm-ppc-next (b79013b2449c Merge tag 'staging-4.1-rc1' of git://git.kernel.org/pub/scm/linux/kernel/git/gregkh/staging)
$ git merge kvm-ppc/kvm-ppc-next
Already up-to-date.
Merging kvms390/next (816c7667ea97 KVM: s390: migrate vcpu interrupt state)
$ git merge kvms390/next
Already up-to-date.
Merging xen-tip/linux-next (0b97b03d88b4 xen/pci: Try harder to get PXM information for Xen)
$ git merge xen-tip/linux-next
Already up-to-date.
Merging percpu/for-next (4c907baf36d8 percpu_ref: implement percpu_ref_is_dying())
$ git merge percpu/for-next
Already up-to-date.
Merging workqueues/for-next (6ba94429c8e7 workqueue: Reorder sysfs code)
$ git merge workqueues/for-next
Already up-to-date.
Merging drivers-x86/for-next (358d6a2c3eca toshiba_acpi: Do not register vendor backlight when acpi_video bl is available)
$ git merge drivers-x86/for-next
Already up-to-date.
Merging chrome-platform/for-next (96cba9b00e29 platform/chrome: chromeos_laptop - instantiate Atmel at primary address)
$ git merge chrome-platform/for-next
Already up-to-date.
Merging regmap/for-next (04b7fe6a4a23 Merge git://git.kernel.org/pub/scm/linux/kernel/git/davem/ide)
$ git merge regmap/for-next
Already up-to-date.
Merging hsi/for-next (265ef3ee9575 HSI: cmt_speech: fix error return code)
$ git merge hsi/for-next
Already up-to-date.
Merging leds/for-next (1fbaf327b79c leds: gpio: Fix error handling for led name null pointer case)
$ git merge leds/for-next
Merge made by the 'recursive' strategy.
 .../devicetree/bindings/leds/leds-tlc591xx.txt     |  40 +++
 drivers/leds/Kconfig                               |   8 +
 drivers/leds/Makefile                              |   1 +
 drivers/leds/leds-gpio.c                           |  11 +-
 drivers/leds/leds-tlc591xx.c                       | 300 +++++++++++++++++++++
 5 files changed, 356 insertions(+), 4 deletions(-)
 create mode 100644 Documentation/devicetree/bindings/leds/leds-tlc591xx.txt
 create mode 100644 drivers/leds/leds-tlc591xx.c
Merging ipmi/for-next (d0acf734d886 ipmi_ssif: Use interruptible completion for waiting in the thread)
$ git merge ipmi/for-next
Already up-to-date.
Merging driver-core/driver-core-next (c9e15f25f514 debugfs: allow bad parent pointers to be passed in)
$ git merge driver-core/driver-core-next
Already up-to-date.
Merging tty/tty-next (5dbc32a88f1e n_gsm: Drop unneeded cast on netdev_priv)
$ git merge tty/tty-next
Already up-to-date.
Merging usb/usb-next (00fe52deb45b drivers/usb/core: devio.c: Removed an uneeded space before tab)
$ git merge usb/usb-next
Already up-to-date.
Merging usb-gadget/next (bbc78c07a51f usb: core: hub: use new USB_RESUME_TIMEOUT)
$ git merge usb-gadget/next
Already up-to-date.
Merging usb-serial/usb-next (65dd82ae453f USB: f81232: fix some minor style issues)
$ git merge usb-serial/usb-next
Already up-to-date.
Merging staging/staging-next (c610f7f772aa Merge 4.0-rc7 into staging-next)
$ git merge staging/staging-next
Already up-to-date.
Merging char-misc/char-misc-next (ea5505fabd3b mei: trace: remove unused TRACE_SYSTEM_STRING)
$ git merge char-misc/char-misc-next
Already up-to-date.
Merging extcon/extcon-next (66bee35f2968 extcon: Fix missing locking when [un]registering notifiers)
$ git merge extcon/extcon-next
Already up-to-date.
Merging kdbus/kdbus (9fb9cd0f4434 kdbus: avoid the use of struct timespec)
$ git merge kdbus/kdbus
Resolved 'Documentation/Makefile' using previous resolution.
Auto-merging tools/testing/selftests/Makefile
Auto-merging init/Kconfig
Auto-merging include/uapi/linux/magic.h
Auto-merging include/uapi/linux/Kbuild
Auto-merging Makefile
Auto-merging MAINTAINERS
Auto-merging Documentation/ioctl/ioctl-number.txt
Auto-merging Documentation/Makefile
CONFLICT (content): Merge conflict in Documentation/Makefile
Automatic merge failed; fix conflicts and then commit the result.
$ git commit -v -a
[master 8479dcc7f8ab] Merge remote-tracking branch 'kdbus/kdbus'
$ git diff -M --stat --summary HEAD^..
 Documentation/Makefile                            |    2 +-
 Documentation/ioctl/ioctl-number.txt              |    1 +
 Documentation/kdbus/.gitignore                    |    2 +
 Documentation/kdbus/Makefile                      |   40 +
 Documentation/kdbus/kdbus.bus.xml                 |  359 ++++
 Documentation/kdbus/kdbus.connection.xml          | 1250 ++++++++++++
 Documentation/kdbus/kdbus.endpoint.xml            |  429 ++++
 Documentation/kdbus/kdbus.fs.xml                  |  124 ++
 Documentation/kdbus/kdbus.item.xml                |  839 ++++++++
 Documentation/kdbus/kdbus.match.xml               |  555 ++++++
 Documentation/kdbus/kdbus.message.xml             | 1276 ++++++++++++
 Documentation/kdbus/kdbus.name.xml                |  711 +++++++
 Documentation/kdbus/kdbus.policy.xml              |  406 ++++
 Documentation/kdbus/kdbus.pool.xml                |  326 +++
 Documentation/kdbus/kdbus.xml                     | 1012 ++++++++++
 Documentation/kdbus/stylesheet.xsl                |   16 +
 MAINTAINERS                                       |   13 +
 Makefile                                          |    1 +
 include/uapi/linux/Kbuild                         |    1 +
 include/uapi/linux/kdbus.h                        |  979 +++++++++
 include/uapi/linux/magic.h                        |    2 +
 init/Kconfig                                      |   13 +
 ipc/Makefile                                      |    2 +-
 ipc/kdbus/Makefile                                |   22 +
 ipc/kdbus/bus.c                                   |  560 ++++++
 ipc/kdbus/bus.h                                   |  101 +
 ipc/kdbus/connection.c                            | 2214 +++++++++++++++++++++
 ipc/kdbus/connection.h                            |  257 +++
 ipc/kdbus/domain.c                                |  296 +++
 ipc/kdbus/domain.h                                |   77 +
 ipc/kdbus/endpoint.c                              |  275 +++
 ipc/kdbus/endpoint.h                              |   67 +
 ipc/kdbus/fs.c                                    |  510 +++++
 ipc/kdbus/fs.h                                    |   28 +
 ipc/kdbus/handle.c                                |  617 ++++++
 ipc/kdbus/handle.h                                |   85 +
 ipc/kdbus/item.c                                  |  339 ++++
 ipc/kdbus/item.h                                  |   64 +
 ipc/kdbus/limits.h                                |   64 +
 ipc/kdbus/main.c                                  |  125 ++
 ipc/kdbus/match.c                                 |  559 ++++++
 ipc/kdbus/match.h                                 |   35 +
 ipc/kdbus/message.c                               |  616 ++++++
 ipc/kdbus/message.h                               |  133 ++
 ipc/kdbus/metadata.c                              | 1159 +++++++++++
 ipc/kdbus/metadata.h                              |   57 +
 ipc/kdbus/names.c                                 |  772 +++++++
 ipc/kdbus/names.h                                 |   74 +
 ipc/kdbus/node.c                                  |  910 +++++++++
 ipc/kdbus/node.h                                  |   84 +
 ipc/kdbus/notify.c                                |  248 +++
 ipc/kdbus/notify.h                                |   30 +
 ipc/kdbus/policy.c                                |  489 +++++
 ipc/kdbus/policy.h                                |   51 +
 ipc/kdbus/pool.c                                  |  728 +++++++
 ipc/kdbus/pool.h                                  |   46 +
 ipc/kdbus/queue.c                                 |  678 +++++++
 ipc/kdbus/queue.h                                 |   92 +
 ipc/kdbus/reply.c                                 |  257 +++
 ipc/kdbus/reply.h                                 |   68 +
 ipc/kdbus/util.c                                  |  201 ++
 ipc/kdbus/util.h                                  |   74 +
 samples/Kconfig                                   |    7 +
 samples/Makefile                                  |    3 +-
 samples/kdbus/.gitignore                          |    1 +
 samples/kdbus/Makefile                            |    9 +
 samples/kdbus/kdbus-api.h                         |  114 ++
 samples/kdbus/kdbus-workers.c                     | 1326 ++++++++++++
 tools/testing/selftests/Makefile                  |    1 +
 tools/testing/selftests/kdbus/.gitignore          |    1 +
 tools/testing/selftests/kdbus/Makefile            |   48 +
 tools/testing/selftests/kdbus/kdbus-enum.c        |   94 +
 tools/testing/selftests/kdbus/kdbus-enum.h        |   14 +
 tools/testing/selftests/kdbus/kdbus-test.c        |  923 +++++++++
 tools/testing/selftests/kdbus/kdbus-test.h        |   85 +
 tools/testing/selftests/kdbus/kdbus-util.c        | 1615 +++++++++++++++
 tools/testing/selftests/kdbus/kdbus-util.h        |  222 +++
 tools/testing/selftests/kdbus/test-activator.c    |  318 +++
 tools/testing/selftests/kdbus/test-attach-flags.c |  750 +++++++
 tools/testing/selftests/kdbus/test-benchmark.c    |  451 +++++
 tools/testing/selftests/kdbus/test-bus.c          |  175 ++
 tools/testing/selftests/kdbus/test-chat.c         |  122 ++
 tools/testing/selftests/kdbus/test-connection.c   |  616 ++++++
 tools/testing/selftests/kdbus/test-daemon.c       |   65 +
 tools/testing/selftests/kdbus/test-endpoint.c     |  341 ++++
 tools/testing/selftests/kdbus/test-fd.c           |  789 ++++++++
 tools/testing/selftests/kdbus/test-free.c         |   64 +
 tools/testing/selftests/kdbus/test-match.c        |  441 ++++
 tools/testing/selftests/kdbus/test-message.c      |  731 +++++++
 tools/testing/selftests/kdbus/test-metadata-ns.c  |  506 +++++
 tools/testing/selftests/kdbus/test-monitor.c      |  176 ++
 tools/testing/selftests/kdbus/test-names.c        |  194 ++
 tools/testing/selftests/kdbus/test-policy-ns.c    |  632 ++++++
 tools/testing/selftests/kdbus/test-policy-priv.c  | 1269 ++++++++++++
 tools/testing/selftests/kdbus/test-policy.c       |   80 +
 tools/testing/selftests/kdbus/test-sync.c         |  369 ++++
 tools/testing/selftests/kdbus/test-timeout.c      |   99 +
 97 files changed, 34069 insertions(+), 3 deletions(-)
 create mode 100644 Documentation/kdbus/.gitignore
 create mode 100644 Documentation/kdbus/Makefile
 create mode 100644 Documentation/kdbus/kdbus.bus.xml
 create mode 100644 Documentation/kdbus/kdbus.connection.xml
 create mode 100644 Documentation/kdbus/kdbus.endpoint.xml
 create mode 100644 Documentation/kdbus/kdbus.fs.xml
 create mode 100644 Documentation/kdbus/kdbus.item.xml
 create mode 100644 Documentation/kdbus/kdbus.match.xml
 create mode 100644 Documentation/kdbus/kdbus.message.xml
 create mode 100644 Documentation/kdbus/kdbus.name.xml
 create mode 100644 Documentation/kdbus/kdbus.policy.xml
 create mode 100644 Documentation/kdbus/kdbus.pool.xml
 create mode 100644 Documentation/kdbus/kdbus.xml
 create mode 100644 Documentation/kdbus/stylesheet.xsl
 create mode 100644 include/uapi/linux/kdbus.h
 create mode 100644 ipc/kdbus/Makefile
 create mode 100644 ipc/kdbus/bus.c
 create mode 100644 ipc/kdbus/bus.h
 create mode 100644 ipc/kdbus/connection.c
 create mode 100644 ipc/kdbus/connection.h
 create mode 100644 ipc/kdbus/domain.c
 create mode 100644 ipc/kdbus/domain.h
 create mode 100644 ipc/kdbus/endpoint.c
 create mode 100644 ipc/kdbus/endpoint.h
 create mode 100644 ipc/kdbus/fs.c
 create mode 100644 ipc/kdbus/fs.h
 create mode 100644 ipc/kdbus/handle.c
 create mode 100644 ipc/kdbus/handle.h
 create mode 100644 ipc/kdbus/item.c
 create mode 100644 ipc/kdbus/item.h
 create mode 100644 ipc/kdbus/limits.h
 create mode 100644 ipc/kdbus/main.c
 create mode 100644 ipc/kdbus/match.c
 create mode 100644 ipc/kdbus/match.h
 create mode 100644 ipc/kdbus/message.c
 create mode 100644 ipc/kdbus/message.h
 create mode 100644 ipc/kdbus/metadata.c
 create mode 100644 ipc/kdbus/metadata.h
 create mode 100644 ipc/kdbus/names.c
 create mode 100644 ipc/kdbus/names.h
 create mode 100644 ipc/kdbus/node.c
 create mode 100644 ipc/kdbus/node.h
 create mode 100644 ipc/kdbus/notify.c
 create mode 100644 ipc/kdbus/notify.h
 create mode 100644 ipc/kdbus/policy.c
 create mode 100644 ipc/kdbus/policy.h
 create mode 100644 ipc/kdbus/pool.c
 create mode 100644 ipc/kdbus/pool.h
 create mode 100644 ipc/kdbus/queue.c
 create mode 100644 ipc/kdbus/queue.h
 create mode 100644 ipc/kdbus/reply.c
 create mode 100644 ipc/kdbus/reply.h
 create mode 100644 ipc/kdbus/util.c
 create mode 100644 ipc/kdbus/util.h
 create mode 100644 samples/kdbus/.gitignore
 create mode 100644 samples/kdbus/Makefile
 create mode 100644 samples/kdbus/kdbus-api.h
 create mode 100644 samples/kdbus/kdbus-workers.c
 create mode 100644 tools/testing/selftests/kdbus/.gitignore
 create mode 100644 tools/testing/selftests/kdbus/Makefile
 create mode 100644 tools/testing/selftests/kdbus/kdbus-enum.c
 create mode 100644 tools/testing/selftests/kdbus/kdbus-enum.h
 create mode 100644 tools/testing/selftests/kdbus/kdbus-test.c
 create mode 100644 tools/testing/selftests/kdbus/kdbus-test.h
 create mode 100644 tools/testing/selftests/kdbus/kdbus-util.c
 create mode 100644 tools/testing/selftests/kdbus/kdbus-util.h
 create mode 100644 tools/testing/selftests/kdbus/test-activator.c
 create mode 100644 tools/testing/selftests/kdbus/test-attach-flags.c
 create mode 100644 tools/testing/selftests/kdbus/test-benchmark.c
 create mode 100644 tools/testing/selftests/kdbus/test-bus.c
 create mode 100644 tools/testing/selftests/kdbus/test-chat.c
 create mode 100644 tools/testing/selftests/kdbus/test-connection.c
 create mode 100644 tools/testing/selftests/kdbus/test-daemon.c
 create mode 100644 tools/testing/selftests/kdbus/test-endpoint.c
 create mode 100644 tools/testing/selftests/kdbus/test-fd.c
 create mode 100644 tools/testing/selftests/kdbus/test-free.c
 create mode 100644 tools/testing/selftests/kdbus/test-match.c
 create mode 100644 tools/testing/selftests/kdbus/test-message.c
 create mode 100644 tools/testing/selftests/kdbus/test-metadata-ns.c
 create mode 100644 tools/testing/selftests/kdbus/test-monitor.c
 create mode 100644 tools/testing/selftests/kdbus/test-names.c
 create mode 100644 tools/testing/selftests/kdbus/test-policy-ns.c
 create mode 100644 tools/testing/selftests/kdbus/test-policy-priv.c
 create mode 100644 tools/testing/selftests/kdbus/test-policy.c
 create mode 100644 tools/testing/selftests/kdbus/test-sync.c
 create mode 100644 tools/testing/selftests/kdbus/test-timeout.c
Merging cgroup/for-next (d0f702e648dc cgroup: fix some comment typos)
$ git merge cgroup/for-next
Merge made by the 'recursive' strategy.
 kernel/cgroup.c | 4 ++--
 1 file changed, 2 insertions(+), 2 deletions(-)
Merging scsi/for-next (694600bc1e55 Merge branch 'misc' into for-next)
$ git merge scsi/for-next
Already up-to-date!
Merge made by the 'recursive' strategy.
Merging target-updates/for-next (68d4cef3bab3 target: Put TCMU under a new config option)
$ git merge target-updates/for-next
Already up-to-date.
Merging target-merge/for-next-merge (b28a960c42fc Linux 3.14-rc2)
$ git merge target-merge/for-next-merge
Already up-to-date.
Merging pinctrl/for-next (b99e6fb86541 pinctrl: fix allmodconfig noise)
$ git merge pinctrl/for-next
Already up-to-date.
Merging vhost/linux-next (f4aaa799cf9a tun, macvtap: higher order allocations for skbs)
$ git merge vhost/linux-next
Auto-merging include/linux/pci.h
Auto-merging drivers/pci/quirks.c
Auto-merging drivers/pci/probe.c
Auto-merging drivers/pci/pci.h
Auto-merging drivers/pci/pci.c
Auto-merging drivers/net/tun.c
Auto-merging drivers/net/macvtap.c
Merge made by the 'recursive' strategy.
 drivers/net/macvtap.c              |  2 +-
 drivers/net/tun.c                  |  2 +-
 drivers/ntb/ntb_hw.c               |  2 --
 drivers/pci/msi.c                  | 57 ++++++++------------------------------
 drivers/pci/pci-driver.c           |  2 --
 drivers/pci/pci.c                  | 33 ----------------------
 drivers/pci/pci.h                  | 21 ++++++++++++++
 drivers/pci/probe.c                | 18 ++++++++++++
 drivers/pci/quirks.c               |  2 --
 drivers/virtio/virtio_pci_common.c |  3 --
 include/linux/pci.h                |  5 ----
 11 files changed, 53 insertions(+), 94 deletions(-)
Merging remoteproc/for-next (315491e5d6ee remoteproc: add IOMMU hardware capability flag)
$ git merge remoteproc/for-next
Already up-to-date.
Merging rpmsg/for-next (b1b9891441fa rpmsg: use less buffers when vrings are small)
$ git merge rpmsg/for-next
Already up-to-date.
Merging gpio/for-next (03daa6f82f2b Revert "gpio: sch: use uapi/linux/pci_ids.h directly")
$ git merge gpio/for-next
Already up-to-date.
Merging dma-mapping/dma-mapping-next (04abab698285 include/dma-mapping: Clarify output of dma_map_sg)
$ git merge dma-mapping/dma-mapping-next
Already up-to-date.
Merging pwm/for-next (c264f1110d27 pwm: Remove __init initializer for pwm_add_table())
$ git merge pwm/for-next
Already up-to-date.
Merging dma-buf/for-next (72449cb47b01 staging: android: ion: fix wrong init of dma_buf_export_info)
$ git merge dma-buf/for-next
Already up-to-date.
Merging userns/for-next (e0c9c0afd2fc mnt: Update detach_mounts to leave mounts connected)
$ git merge userns/for-next
Already up-to-date.
Merging ktest/for-next (7c2c49eceb79 ktest: Place quotes around item variable)
$ git merge ktest/for-next
Already up-to-date.
Merging clk/clk-next (03bc10ab5b0f clk: check ->determine/round_rate() return value in clk_calc_new_rates)
$ git merge clk/clk-next
Already up-to-date.
Merging random/dev (7185ad2672a7 crypto: memzero_explicit - make sure to clear out sensitive data)
$ git merge random/dev
Already up-to-date.
Merging aio/master (5f785de58873 aio: Skip timer for io_getevents if timeout=0)
$ git merge aio/master
Already up-to-date.
Merging llvmlinux/for-next (25d4aee23af2 arm: LLVMLinux: Use global stack register variable for percpu)
$ git merge llvmlinux/for-next
Merge made by the 'recursive' strategy.
Merging kselftest/next (2bfd4d1f8c2b ftracetest: Do not use usleep directly)
$ git merge kselftest/next
Already up-to-date.
Merging y2038/y2038 (ed8c2241c1ae coredump: Use 64bit time for unix time of coredump)
$ git merge y2038/y2038
Resolved 'drivers/staging/media/lirc/lirc_parallel.c' using previous resolution.
Auto-merging kernel/cpuset.c
Auto-merging fs/coredump.c
Auto-merging drivers/staging/media/lirc/lirc_serial.c
Auto-merging drivers/staging/media/lirc/lirc_sasem.c
Auto-merging drivers/staging/media/lirc/lirc_parallel.c
CONFLICT (content): Merge conflict in drivers/staging/media/lirc/lirc_parallel.c
Auto-merging drivers/staging/gdm72xx/gdm_sdio.c
Auto-merging drivers/staging/ft1000/ft1000-usb/ft1000_hw.c
Auto-merging drivers/staging/ft1000/ft1000-usb/ft1000_debug.c
Auto-merging drivers/staging/ft1000/ft1000-pcmcia/ft1000_hw.c
Automatic merge failed; fix conflicts and then commit the result.
$ git commit -v -a
[master c770379a931e] Merge remote-tracking branch 'y2038/y2038'
$ git diff -M --stat --summary HEAD^..
 drivers/staging/ft1000/ft1000-pcmcia/ft1000_hw.c |  4 +-
 drivers/staging/ft1000/ft1000-usb/ft1000_debug.c |  4 +-
 drivers/staging/ft1000/ft1000-usb/ft1000_hw.c    |  4 +-
 drivers/staging/ft1000/ft1000.h                  |  4 +-
 drivers/staging/gdm72xx/gdm_sdio.c               | 13 +++---
 drivers/staging/gdm72xx/gdm_sdio.h               |  4 +-
 drivers/staging/media/lirc/lirc_parallel.c       | 35 +++++++----------
 drivers/staging/media/lirc/lirc_sasem.c          | 20 +++++-----
 drivers/staging/media/lirc/lirc_serial.c         | 50 ++++++++----------------
 fs/coredump.c                                    |  8 ++--
 kernel/cpuset.c                                  | 12 ++++--
 11 files changed, 68 insertions(+), 90 deletions(-)
Merging luto-misc/next (a6c5170d1ede Merge branch 'for-4.0' of git://linux-nfs.org/~bfields/linux)
$ git merge luto-misc/next
Already up-to-date.
Merging access_once/linux-next (bc465aa9d045 Linux 4.0-rc5)
$ git merge access_once/linux-next
Already up-to-date.
Merging livepatching/for-next (075b759be1bb Merge branch 'for-4.1/core-s390' into for-next)
$ git merge livepatching/for-next
Already up-to-date!
Merge made by the 'recursive' strategy.
Merging akpm-current/current (f4b4acce5fb2 ipc/msg.c: use freezable blocking call)
$ git merge --no-ff akpm-current/current
Auto-merging mm/shmem.c
Removing lib/find_last_bit.c
Auto-merging include/linux/kexec.h
Removing include/linux/compiler-gcc5.h
Removing include/linux/compiler-gcc4.h
Removing include/linux/compiler-gcc3.h
Auto-merging fs/reiserfs/super.c
Auto-merging fs/posix_acl.c
Auto-merging fs/ocfs2/xattr.c
Auto-merging fs/ocfs2/refcounttree.c
Auto-merging fs/ocfs2/namei.c
Auto-merging fs/ocfs2/inode.c
Auto-merging fs/minix/inode.c
Auto-merging fs/fat/file.c
Auto-merging fs/ext4/fsync.c
Auto-merging fs/cifs/file.c
Auto-merging arch/x86/Kconfig
Auto-merging arch/s390/mm/hugetlbpage.c
Auto-merging arch/powerpc/mm/hugetlbpage.c
Auto-merging MAINTAINERS
Merge made by the 'recursive' strategy.
 .../devicetree/bindings/rtc/abracon,abx80x.txt     |  32 ++
 Documentation/filesystems/vfat.txt                 |  10 +
 Documentation/kasan.txt                            |   8 +-
 Documentation/printk-formats.txt                   |   8 +
 MAINTAINERS                                        |   1 +
 arch/alpha/include/asm/mm-arch-hooks.h             |  15 +
 arch/alpha/include/uapi/asm/mman.h                 |   1 +
 arch/arc/include/asm/mm-arch-hooks.h               |  15 +
 arch/arm/include/asm/mm-arch-hooks.h               |  15 +
 arch/arm/include/asm/pgtable-3level.h              |   1 +
 arch/arm/mm/hugetlbpage.c                          |   5 -
 arch/arm64/include/asm/mm-arch-hooks.h             |  15 +
 arch/arm64/include/asm/pgtable.h                   |   2 +
 arch/arm64/mm/hugetlbpage.c                        |   7 -
 arch/avr32/include/asm/mm-arch-hooks.h             |  15 +
 arch/blackfin/include/asm/mm-arch-hooks.h          |  15 +
 arch/c6x/include/asm/mm-arch-hooks.h               |  15 +
 arch/cris/include/asm/mm-arch-hooks.h              |  15 +
 arch/frv/include/asm/mm-arch-hooks.h               |  15 +
 arch/frv/include/asm/sections.h                    |   6 -
 arch/hexagon/include/asm/mm-arch-hooks.h           |  15 +
 arch/ia64/include/asm/mm-arch-hooks.h              |  15 +
 arch/ia64/mm/hugetlbpage.c                         |   5 -
 arch/m32r/include/asm/mm-arch-hooks.h              |  15 +
 arch/m68k/include/asm/mm-arch-hooks.h              |  15 +
 arch/metag/include/asm/mm-arch-hooks.h             |  15 +
 arch/metag/mm/hugetlbpage.c                        |   5 -
 arch/microblaze/include/asm/mm-arch-hooks.h        |  15 +
 arch/mips/include/asm/mm-arch-hooks.h              |  15 +
 arch/mips/include/uapi/asm/mman.h                  |   1 +
 arch/mips/mm/hugetlbpage.c                         |   5 -
 arch/mn10300/include/asm/mm-arch-hooks.h           |  15 +
 arch/nios2/include/asm/mm-arch-hooks.h             |  15 +
 arch/openrisc/include/asm/mm-arch-hooks.h          |  15 +
 arch/parisc/include/asm/mm-arch-hooks.h            |  15 +
 arch/parisc/include/uapi/asm/mman.h                |   1 +
 arch/powerpc/include/asm/mm-arch-hooks.h           |  28 ++
 arch/powerpc/include/asm/mmu_context.h             |  23 +-
 arch/powerpc/include/asm/pgtable-ppc64.h           |   2 +
 arch/powerpc/mm/hugetlbpage.c                      |   5 -
 arch/s390/include/asm/mm-arch-hooks.h              |  15 +
 arch/s390/mm/hugetlbpage.c                         |   5 -
 arch/score/include/asm/mm-arch-hooks.h             |  15 +
 arch/sh/include/asm/mm-arch-hooks.h                |  15 +
 arch/sh/mm/hugetlbpage.c                           |   5 -
 arch/sparc/include/asm/mm-arch-hooks.h             |  15 +
 arch/sparc/include/asm/pgtable_64.h                |   9 +
 arch/sparc/mm/hugetlbpage.c                        |   5 -
 arch/tile/include/asm/mm-arch-hooks.h              |  15 +
 arch/tile/mm/hugetlbpage.c                         |   5 -
 arch/um/include/asm/mm-arch-hooks.h                |  15 +
 arch/unicore32/include/asm/mm-arch-hooks.h         |  15 +
 arch/x86/Kconfig                                   |   2 +-
 arch/x86/include/asm/mm-arch-hooks.h               |  15 +
 arch/x86/include/asm/mtrr.h                        |   7 +-
 arch/x86/include/asm/pgtable.h                     |   5 +
 arch/x86/include/uapi/asm/mtrr.h                   |  12 +-
 arch/x86/kernel/cpu/mtrr/generic.c                 | 192 ++++++++----
 arch/x86/kernel/machine_kexec_64.c                 |   1 +
 arch/x86/mm/pat.c                                  |   4 +-
 arch/x86/mm/pgtable.c                              |  53 +++-
 arch/xtensa/include/asm/mm-arch-hooks.h            |  15 +
 arch/xtensa/include/uapi/asm/mman.h                |   1 +
 block/genhd.c                                      |   2 +-
 drivers/block/zram/Kconfig                         |  10 +-
 drivers/block/zram/zram_drv.c                      |  27 +-
 drivers/memstick/host/jmb38x_ms.c                  |  12 +-
 drivers/memstick/host/r592.c                       |  10 +-
 drivers/rtc/Kconfig                                |  10 +
 drivers/rtc/Makefile                               |   1 +
 drivers/rtc/class.c                                |  24 ++
 drivers/rtc/interface.c                            |  13 +-
 drivers/rtc/rtc-abx80x.c                           | 307 +++++++++++++++++++
 drivers/rtc/rtc-ds1307.c                           |  12 +-
 drivers/rtc/rtc-omap.c                             |  14 +-
 fs/adfs/super.c                                    |   2 +-
 fs/cifs/file.c                                     |   8 +-
 fs/efs/super.c                                     |   2 +-
 fs/ext4/fsync.c                                    |   5 +-
 fs/fat/cache.c                                     |  79 +++--
 fs/fat/dir.c                                       |   2 +-
 fs/fat/fat.h                                       |   6 +-
 fs/fat/file.c                                      |  61 ++++
 fs/fat/inode.c                                     |  75 ++++-
 fs/jbd2/journal.c                                  |  11 +-
 fs/jbd2/transaction.c                              |  20 +-
 fs/minix/inode.c                                   |   2 +-
 fs/mpage.c                                         |  23 +-
 fs/ocfs2/alloc.c                                   | 106 +++----
 fs/ocfs2/aops.c                                    |  37 ++-
 fs/ocfs2/buffer_head_io.c                          |   6 +
 fs/ocfs2/cluster/heartbeat.c                       |  49 +--
 fs/ocfs2/cluster/masklog.c                         |  34 ++
 fs/ocfs2/cluster/masklog.h                         |  42 +--
 fs/ocfs2/dir.c                                     |  70 ++---
 fs/ocfs2/dlm/dlmmaster.c                           |  23 +-
 fs/ocfs2/dlm/dlmthread.c                           |  10 +
 fs/ocfs2/extent_map.c                              |  22 +-
 fs/ocfs2/inode.c                                   |  40 +--
 fs/ocfs2/journal.c                                 |  49 ++-
 fs/ocfs2/localalloc.c                              |   3 +-
 fs/ocfs2/move_extents.c                            |   8 +-
 fs/ocfs2/namei.c                                   |  42 +--
 fs/ocfs2/namei.h                                   |   4 +-
 fs/ocfs2/ocfs2.h                                   |   2 +
 fs/ocfs2/quota_local.c                             |   3 +-
 fs/ocfs2/refcounttree.c                            |  81 ++---
 fs/ocfs2/suballoc.c                                |  90 +++---
 fs/ocfs2/super.c                                   |  67 ++--
 fs/ocfs2/super.h                                   |   8 +-
 fs/ocfs2/xattr.c                                   |  51 ++-
 fs/posix_acl.c                                     |  46 ++-
 fs/reiserfs/super.c                                |   3 +-
 include/linux/compiler-gcc.h                       | 207 ++++++++++---
 include/linux/compiler-gcc3.h                      |  23 --
 include/linux/compiler-gcc4.h                      |  91 ------
 include/linux/compiler-gcc5.h                      |  67 ----
 include/linux/crc64_ecma.h                         |  56 ++++
 include/linux/huge_mm.h                            |   4 +
 include/linux/kexec.h                              |   2 +
 include/linux/mm-arch-hooks.h                      |  25 ++
 include/linux/mm.h                                 |  40 ---
 include/linux/page-flags.h                         | 237 +++++++++-----
 include/linux/pagemap.h                            |  25 +-
 include/linux/poison.h                             |   4 +
 include/linux/rmap.h                               |   9 +-
 include/linux/rtc.h                                |   4 +
 include/linux/slab.h                               |  36 ++-
 include/linux/string.h                             |   1 +
 include/linux/swap.h                               |   1 +
 include/linux/vm_event_item.h                      |   1 +
 include/uapi/asm-generic/mman-common.h             |   1 +
 ipc/msg.c                                          |   3 +-
 kernel/exit.c                                      |   2 +-
 kernel/watchdog.c                                  |   2 +-
 lib/Kconfig                                        |   7 +
 lib/Kconfig.kasan                                  |   8 +-
 lib/Makefile                                       |   1 +
 lib/bitmap.c                                       |  17 +-
 lib/crc64_ecma.c                                   | 341 +++++++++++++++++++++
 lib/find_last_bit.c                                |  41 ---
 lib/test-hexdump.c                                 |   6 +-
 lib/vsprintf.c                                     |  20 +-
 mm/filemap.c                                       |  15 +-
 mm/huge_memory.c                                   |  41 ++-
 mm/hugetlb.c                                       |   5 +
 mm/hwpoison-inject.c                               |  13 +-
 mm/kasan/kasan.h                                   |   1 -
 mm/ksm.c                                           |   2 +-
 mm/madvise.c                                       | 176 +++++++++++
 mm/memory-failure.c                                |  33 +-
 mm/memory.c                                        |   2 +-
 mm/memory_hotplug.c                                |  11 +-
 mm/migrate.c                                       |   2 +-
 mm/mprotect.c                                      |  11 +
 mm/mremap.c                                        |  17 +-
 mm/page_alloc.c                                    |   7 +
 mm/page_isolation.c                                |   7 +-
 mm/rmap.c                                          |  46 ++-
 mm/shmem.c                                         |   4 +-
 mm/slab.c                                          |  14 +
 mm/slab.h                                          |  10 +
 mm/slab_common.c                                   | 121 +++++---
 mm/slob.c                                          |  13 +
 mm/slub.c                                          |  69 +++++
 mm/swap.c                                          |  44 +++
 mm/swap_state.c                                    |   4 +-
 mm/util.c                                          |  40 ++-
 mm/vmscan.c                                        | 120 +++++---
 mm/vmstat.c                                        |   1 +
 mm/zsmalloc.c                                      |   4 -
 mm/zswap.c                                         |   4 +-
 172 files changed, 3361 insertions(+), 1289 deletions(-)
 create mode 100644 Documentation/devicetree/bindings/rtc/abracon,abx80x.txt
 create mode 100644 arch/alpha/include/asm/mm-arch-hooks.h
 create mode 100644 arch/arc/include/asm/mm-arch-hooks.h
 create mode 100644 arch/arm/include/asm/mm-arch-hooks.h
 create mode 100644 arch/arm64/include/asm/mm-arch-hooks.h
 create mode 100644 arch/avr32/include/asm/mm-arch-hooks.h
 create mode 100644 arch/blackfin/include/asm/mm-arch-hooks.h
 create mode 100644 arch/c6x/include/asm/mm-arch-hooks.h
 create mode 100644 arch/cris/include/asm/mm-arch-hooks.h
 create mode 100644 arch/frv/include/asm/mm-arch-hooks.h
 create mode 100644 arch/hexagon/include/asm/mm-arch-hooks.h
 create mode 100644 arch/ia64/include/asm/mm-arch-hooks.h
 create mode 100644 arch/m32r/include/asm/mm-arch-hooks.h
 create mode 100644 arch/m68k/include/asm/mm-arch-hooks.h
 create mode 100644 arch/metag/include/asm/mm-arch-hooks.h
 create mode 100644 arch/microblaze/include/asm/mm-arch-hooks.h
 create mode 100644 arch/mips/include/asm/mm-arch-hooks.h
 create mode 100644 arch/mn10300/include/asm/mm-arch-hooks.h
 create mode 100644 arch/nios2/include/asm/mm-arch-hooks.h
 create mode 100644 arch/openrisc/include/asm/mm-arch-hooks.h
 create mode 100644 arch/parisc/include/asm/mm-arch-hooks.h
 create mode 100644 arch/powerpc/include/asm/mm-arch-hooks.h
 create mode 100644 arch/s390/include/asm/mm-arch-hooks.h
 create mode 100644 arch/score/include/asm/mm-arch-hooks.h
 create mode 100644 arch/sh/include/asm/mm-arch-hooks.h
 create mode 100644 arch/sparc/include/asm/mm-arch-hooks.h
 create mode 100644 arch/tile/include/asm/mm-arch-hooks.h
 create mode 100644 arch/um/include/asm/mm-arch-hooks.h
 create mode 100644 arch/unicore32/include/asm/mm-arch-hooks.h
 create mode 100644 arch/x86/include/asm/mm-arch-hooks.h
 create mode 100644 arch/xtensa/include/asm/mm-arch-hooks.h
 create mode 100644 drivers/rtc/rtc-abx80x.c
 delete mode 100644 include/linux/compiler-gcc3.h
 delete mode 100644 include/linux/compiler-gcc4.h
 delete mode 100644 include/linux/compiler-gcc5.h
 create mode 100644 include/linux/crc64_ecma.h
 create mode 100644 include/linux/mm-arch-hooks.h
 create mode 100644 lib/crc64_ecma.c
 delete mode 100644 lib/find_last_bit.c
$ git clone -s -l -n -q . ../rebase-tmp
$ cd ../rebase-tmp
$ git checkout -b akpm remotes/origin/akpm/master
Switched to a new branch 'akpm'
$ git rebase --onto master remotes/origin/akpm/master-base
First, rewinding head to replay your work on top of it...
Applying: arch/unicore32/kernel/fpu-ucf64.c: remove unnecessary KERN_ERR
Applying: drivers/w1/w1_int.c: call put_device if device_register fails
Applying: mm: add strictlimit knob
$ cd ../next
$ git fetch -f ../rebase-tmp akpm:akpm/master
From ../rebase-tmp
 + 74260bacf2ca...51786edb8c15 akpm       -> akpm/master  (forced update)
$ rm -rf ../rebase-tmp
Merging akpm/master (51786edb8c15 mm: add strictlimit knob)
$ git merge --no-ff akpm/master
Merge made by the 'recursive' strategy.
 Documentation/ABI/testing/sysfs-class-bdi |  8 +++++++
 arch/unicore32/kernel/fpu-ucf64.c         |  4 ++--
 drivers/w1/w1_int.c                       |  3 +--
 mm/backing-dev.c                          | 35 +++++++++++++++++++++++++++++++
 4 files changed, 46 insertions(+), 4 deletions(-)
